12-09 14:18:33.884  1240  3995 V AS.AudioDeviceBroker: requestedCommunicationDevice, device: null mode owner pid: 0
12-09 14:18:33.888  1240  9994 D AS.AudioService: setStreamVolume(stream=4, index=1, calling=com.samsung.rtl.androidrtlservice, device=0)
12-09 14:18:33.889  1240  9994 V AS.AudioDeviceBroker: requestedCommunicationDevice, device: null mode owner pid: 0
12-09 14:18:33.890  2175  2692 D vol.VolumeDialogControl: onVolumeChangedW stream = 2, flags = 8, lastAudibleStreamVolume = 1, changed = false, showUI = false, dualAudio = false
12-09 14:18:33.892  1240  3994 W AS.AudioService: Trying to call setStreamVolume() for a11y without CHANGE_ACCESSIBILITY_VOLUME  callingPackage=com.samsung.rtl.androidrtlservice
12-09 14:18:33.893  2175  2692 D vol.VolumeDialogControl: onVolumeChangedW stream = 5, flags = 8, lastAudibleStreamVolume = 1, changed = false, showUI = false, dualAudio = false
12-09 14:18:33.898  2175  2692 D vol.VolumeDialogControl: onVolumeChangedW stream = 3, flags = 8, lastAudibleStreamVolume = 100, changed = false, showUI = false, dualAudio = false
12-09 14:18:33.899  2175  2692 D vol.VolumeDialogControl: onVolumeChangedW stream = 4, flags = 8, lastAudibleStreamVolume = 1, changed = false, showUI = false, dualAudio = false
12-09 14:18:34.232   664   664 D io_stats: !@   8,0 r 385393 11591312 w 82641 4718304 d 41270 2968392 f 0 0 iot 163272 0 th 0 0 0 pt 0 inp 0 0 33936.695
12-09 14:18:34.443   996   996 E android.hardware.health@2.1-service-samsung: Could not open /sys/class/power_supply/battery/lrp
12-09 14:18:34.698   999  2362 I sensors-hal: handle_sns_std_sensor_event:218, phy lux: 189, raw lux : 2, brightness: 1273, mode: 0, gain: 114, add1: 38, add2: 20, ts=33937145185924
12-09 14:18:34.892 14147 14147 I wpa_supplicant: Heartbeat 3378
12-09 14:18:34.980   989  2997 I vendor.qti.bluetooth@1.0-ibs_handler: ProcessIbsCmd: Received IBS_WAKE_IND: 0xFD
12-09 14:18:34.980   989  2997 D vendor.qti.bluetooth@1.0-ibs_handler: SerialClockVote: vote for UART CLK ON
12-09 14:18:34.981   989  2997 D vendor.qti.bluetooth@1.0-wake_lock: Acquire wakelock is acquired 
12-09 14:18:34.981   989  2997 I vendor.qti.bluetooth@1.0-ibs_handler: ProcessIbsCmd: Writing IBS_WAKE_ACK
12-09 14:18:34.987  2141  2250 D ScanFilter: manu data matches
12-09 14:18:34.988  2141  2998 E bt_l2cap: L2CAP - rcvd ACL for unknown handle:3804 ls:0 cid:249 opcode:10 cur count:0
12-09 14:18:34.988  2141  2250 D BtGatt.GattService: onScanResult to scannerId: 7- eventType=0x10, addressType=1, address=530DA0_F, primaryPhy=1, secondaryPhy=0, advertisingSid=0xff, txPower=127, rssi=-66, periodicAdvInt=0x0
12-09 14:18:34.990  2141  2250 D ScanFilter: manu data matches
12-09 14:18:34.990  2141  2250 D BtGatt.GattService: onScanResult to scannerId: 12- eventType=0x10, addressType=1, address=530DA0_F, primaryPhy=1, secondaryPhy=0, advertisingSid=0xff, txPower=127, rssi=-66, periodicAdvInt=0x0
12-09 14:18:34.992  2141  2250 D ScanFilter: manu data matches
12-09 14:18:34.992  2141  2250 D BtGatt.GattService: onScanResult to scannerId: 7- eventType=0x10, addressType=1, address=7B8CC2_E, primaryPhy=1, secondaryPhy=0, advertisingSid=0xff, txPower=127, rssi=-75, periodicAdvInt=0x0
12-09 14:18:34.994  2141  2250 D ScanFilter: manu data matches
12-09 14:18:34.994  2141  2250 D BtGatt.GattService: onScanResult to scannerId: 12- eventType=0x10, addressType=1, address=7B8CC2_E, primaryPhy=1, secondaryPhy=0, advertisingSid=0xff, txPower=127, rssi=-75, periodicAdvInt=0x0
12-09 14:18:34.997  2141  2250 D ScanFilter: manu data matches
12-09 14:18:34.997  2141  2250 D BtGatt.GattService: onScanResult to scannerId: 12- eventType=0x10, addressType=1, address=6E8063_E, primaryPhy=1, secondaryPhy=0, advertisingSid=0xff, txPower=127, rssi=-73, periodicAdvInt=0x0
12-09 14:18:35.005  2141  2250 D ScanFilter: manu data matches
12-09 14:18:35.006  2141  2250 D BtGatt.GattService: onScanResult to scannerId: 12- eventType=0x10, addressType=1, address=5AA4E5_2, primaryPhy=1, secondaryPhy=0, advertisingSid=0xff, txPower=127, rssi=-78, periodicAdvInt=0x0
12-09 14:18:35.042   989  2997 I vendor.qti.bluetooth@1.0-ibs_handler: ProcessIbsCmd: Received IBS_SLEEP_IND: 0xFE
12-09 14:18:35.042   989  2997 D vendor.qti.bluetooth@1.0-ibs_handler: SerialClockVote: vote for UART CLK OFF
12-09 14:18:35.095   989  2997 I vendor.qti.bluetooth@1.0-ibs_handler: ProcessIbsCmd: Received IBS_WAKE_IND: 0xFD
12-09 14:18:35.096   989  2997 D vendor.qti.bluetooth@1.0-ibs_handler: SerialClockVote: vote for UART CLK ON
12-09 14:18:35.096   989  2997 I vendor.qti.bluetooth@1.0-ibs_handler: ProcessIbsCmd: Writing IBS_WAKE_ACK
12-09 14:18:35.101  2141  2998 E bt_l2cap: L2CAP - rcvd ACL for unknown handle:3804 ls:0 cid:250 opcode:10 cur count:0
12-09 14:18:35.102  2141  2250 D ScanFilter: manu data matches
12-09 14:18:35.103  2141  2250 D BtGatt.GattService: onScanResult to scannerId: 7- eventType=0x10, addressType=1, address=530DA0_F, primaryPhy=1, secondaryPhy=0, advertisingSid=0xff, txPower=127, rssi=-66, periodicAdvInt=0x0
12-09 14:18:35.105  2141  2250 D ScanFilter: manu data matches
12-09 14:18:35.105  2141  2250 D BtGatt.GattService: onScanResult to scannerId: 12- eventType=0x10, addressType=1, address=530DA0_F, primaryPhy=1, secondaryPhy=0, advertisingSid=0xff, txPower=127, rssi=-66, periodicAdvInt=0x0
12-09 14:18:35.140   989  2997 I vendor.qti.bluetooth@1.0-ibs_handler: ProcessIbsCmd: Received IBS_SLEEP_IND: 0xFE
12-09 14:18:35.140   989  2997 D vendor.qti.bluetooth@1.0-ibs_handler: SerialClockVote: vote for UART CLK OFF
12-09 14:18:35.292   989  2704 D vendor.qti.bluetooth@1.0-wake_lock: Release wakelock is released 
12-09 14:18:35.656   999  2362 I sensors-hal: handle_sns_std_sensor_event:218, phy lux: 219, raw lux : 2, brightness: 1254, mode: 0, gain: 152, add1: 38, add2: 20, ts=33938105161549
12-09 14:18:36.617   999  2362 I sensors-hal: handle_sns_std_sensor_event:218, phy lux: 224, raw lux : 2, brightness: 1273, mode: 0, gain: 76, add1: 38, add2: 20, ts=33939065161289
12-09 14:18:36.691   989  2997 I vendor.qti.bluetooth@1.0-ibs_handler: ProcessIbsCmd: Received IBS_WAKE_IND: 0xFD
12-09 14:18:36.691   989  2997 D vendor.qti.bluetooth@1.0-ibs_handler: SerialClockVote: vote for UART CLK ON
12-09 14:18:36.692   989  2997 D vendor.qti.bluetooth@1.0-wake_lock: Acquire wakelock is acquired 
12-09 14:18:36.692   989  2997 I vendor.qti.bluetooth@1.0-ibs_handler: ProcessIbsCmd: Writing IBS_WAKE_ACK
12-09 14:18:36.697  2141  2998 E bt_l2cap: L2CAP - rcvd ACL for unknown handle:3804 ls:0 cid:251 opcode:10 cur count:0
12-09 14:18:36.697  2141  2250 D ScanFilter: manu data matches
12-09 14:18:36.698  2141  2250 D BtGatt.GattService: onScanResult to scannerId: 12- eventType=0x10, addressType=1, address=6E8063_E, primaryPhy=1, secondaryPhy=0, advertisingSid=0xff, txPower=127, rssi=-77, periodicAdvInt=0x0
12-09 14:18:36.701  2141  2250 D ScanFilter: manu data matches
12-09 14:18:36.701  2141  2250 D BtGatt.GattService: onScanResult to scannerId: 12- eventType=0x10, addressType=1, address=430190_A, primaryPhy=1, secondaryPhy=0, advertisingSid=0xff, txPower=127, rssi=-78, periodicAdvInt=0x0
12-09 14:18:36.720  2141  2998 E bt_l2cap: L2CAP - rcvd ACL for unknown handle:3804 ls:0 cid:252 opcode:10 cur count:0
12-09 14:18:36.721  2141  2250 D ScanFilter: manu data matches
12-09 14:18:36.722  2141  2250 D BtGatt.GattService: onScanResult to scannerId: 12- eventType=0x10, addressType=1, address=4E22C8_5, primaryPhy=1, secondaryPhy=0, advertisingSid=0xff, txPower=127, rssi=-62, periodicAdvInt=0x0
12-09 14:18:36.758   989  2997 I vendor.qti.bluetooth@1.0-ibs_handler: ProcessIbsCmd: Received IBS_SLEEP_IND: 0xFE
12-09 14:18:36.759   989  2997 D vendor.qti.bluetooth@1.0-ibs_handler: SerialClockVote: vote for UART CLK OFF
12-09 14:18:36.909   989  2704 D vendor.qti.bluetooth@1.0-wake_lock: Release wakelock is released 
12-09 14:18:37.405   841  2229 D IptablesRestoreController: [iptables debug]iptables-restore execute *filter
12-09 14:18:37.405   841  2229 D IptablesRestoreController: -nvx -L tetherctrl_counters
12-09 14:18:37.405   841  2229 D IptablesRestoreController: COMMIT
12-09 14:18:37.407   841  2229 D IptablesRestoreController: [iptables debug]iptables-restore execute done, res : 0
12-09 14:18:37.407   841  2229 D IptablesRestoreController: [iptables debug]iptables-restore execute *filter
12-09 14:18:37.407   841  2229 D IptablesRestoreController: -nvx -L tetherctrl_counters
12-09 14:18:37.407   841  2229 D IptablesRestoreController: COMMIT
12-09 14:18:37.410   841  2229 D IptablesRestoreController: [iptables debug]iptables-restore execute done, res : 0
12-09 14:18:37.576   999  2362 I sensors-hal: handle_sns_std_sensor_event:218, phy lux: 190, raw lux : 2, brightness: 1273, mode: 0, gain: 228, add1: 38, add2: 20, ts=33940025160924
12-09 14:18:38.237   664   664 D io_stats: !@   8,0 r 385394 11591316 w 82641 4718304 d 41270 2968392 f 0 0 iot 163276 0 th 0 0 0 pt 0 inp 0 0 33940.700
12-09 14:18:38.505  1076  1076 I SurfaceFlinger: SFWD update time=33940969899550
12-09 14:18:38.536   999  2362 I sensors-hal: handle_sns_std_sensor_event:218, phy lux: 185, raw lux : 2, brightness: 1273, mode: 0, gain: 171, add1: 38, add2: 20, ts=33940985163320
12-09 14:18:38.683   989  2997 I vendor.qti.bluetooth@1.0-ibs_handler: ProcessIbsCmd: Received IBS_WAKE_IND: 0xFD
12-09 14:18:38.683   989  2997 D vendor.qti.bluetooth@1.0-ibs_handler: SerialClockVote: vote for UART CLK ON
12-09 14:18:38.684   989  2997 D vendor.qti.bluetooth@1.0-wake_lock: Acquire wakelock is acquired 
12-09 14:18:38.684   989  2997 I vendor.qti.bluetooth@1.0-ibs_handler: ProcessIbsCmd: Writing IBS_WAKE_ACK
12-09 14:18:38.692  2141  2998 E bt_l2cap: L2CAP - rcvd ACL for unknown handle:3804 ls:0 cid:253 opcode:10 cur count:0
12-09 14:18:38.692  2141  2250 D ScanFilter: manu data matches
12-09 14:18:38.693  2141  2998 E bt_l2cap: L2CAP - rcvd ACL for unknown handle:3804 ls:0 cid:254 opcode:10 cur count:0
12-09 14:18:38.693  2141  2250 D BtGatt.GattService: onScanResult to scannerId: 7- eventType=0x10, addressType=1, address=4C8046_3, primaryPhy=1, secondaryPhy=0, advertisingSid=0xff, txPower=127, rssi=-74, periodicAdvInt=0x0
12-09 14:18:38.697  2141  2250 D ScanFilter: manu data matches
12-09 14:18:38.697  2141  2250 D BtGatt.GattService: onScanResult to scannerId: 12- eventType=0x10, addressType=1, address=4C8046_3, primaryPhy=1, secondaryPhy=0, advertisingSid=0xff, txPower=127, rssi=-74, periodicAdvInt=0x0
12-09 14:18:38.731   989  2997 I vendor.qti.bluetooth@1.0-ibs_handler: ProcessIbsCmd: Received IBS_SLEEP_IND: 0xFE
12-09 14:18:38.732   989  2997 D vendor.qti.bluetooth@1.0-ibs_handler: SerialClockVote: vote for UART CLK OFF
12-09 14:18:38.882   989  2704 D vendor.qti.bluetooth@1.0-wake_lock: Release wakelock is released 
12-09 14:18:38.902  1240  1256 D AS.AudioService: setStreamVolume(stream=1, index=1, calling=com.samsung.rtl.androidrtlservice, device=0)
12-09 14:18:38.902  1062  6244 V APM_AudioPolicyManager: getAudioPolicyConfig: audioParam;l_fmradio_record_active
12-09 14:18:38.904  1240  1256 V AS.AudioDeviceBroker: requestedCommunicationDevice, device: null mode owner pid: 0
12-09 14:18:38.907  1240  3995 D AS.AudioService: setStreamVolume(stream=2, index=1, calling=com.samsung.rtl.androidrtlservice, device=0)
12-09 14:18:38.908  1240  3995 V AS.AudioDeviceBroker: requestedCommunicationDevice, device: null mode owner pid: 0
12-09 14:18:38.909  2175  2692 D vol.VolumeDialogControl: onVolumeChangedW stream = 1, flags = 8, lastAudibleStreamVolume = 1, changed = false, showUI = false, dualAudio = false
12-09 14:18:38.911  1240  2308 D AS.AudioService: setStreamVolume(stream=5, index=1, calling=com.samsung.rtl.androidrtlservice, device=0)
12-09 14:18:38.912  1240  2308 V AS.AudioDeviceBroker: requestedCommunicationDevice, device: null mode owner pid: 0
12-09 14:18:38.918  1240  3995 D AS.AudioService: setStreamVolume(stream=3, index=1, calling=com.samsung.rtl.androidrtlservice, device=0)
12-09 14:18:38.918  2175  2692 D vol.VolumeDialogControl: onVolumeChangedW stream = 2, flags = 8, lastAudibleStreamVolume = 1, changed = false, showUI = false, dualAudio = false
12-09 14:18:38.920  1240  3995 V AS.AudioDeviceBroker: requestedCommunicationDevice, device: null mode owner pid: 0
12-09 14:18:38.921  2175  2692 D vol.VolumeDialogControl: onVolumeChangedW stream = 5, flags = 8, lastAudibleStreamVolume = 1, changed = false, showUI = false, dualAudio = false
12-09 14:18:38.925  1240  3994 D AS.AudioService: setStreamVolume(stream=4, index=1, calling=com.samsung.rtl.androidrtlservice, device=0)
12-09 14:18:38.926  2175  2692 D vol.VolumeDialogControl: onVolumeChangedW stream = 3, flags = 8, lastAudibleStreamVolume = 100, changed = false, showUI = false, dualAudio = false
12-09 14:18:38.927  1240  3994 V AS.AudioDeviceBroker: requestedCommunicationDevice, device: null mode owner pid: 0
12-09 14:18:38.929  2175  2692 D vol.VolumeDialogControl: onVolumeChangedW stream = 4, flags = 8, lastAudibleStreamVolume = 1, changed = false, showUI = false, dualAudio = false
12-09 14:18:38.930  1240  3994 W AS.AudioService: Trying to call setStreamVolume() for a11y without CHANGE_ACCESSIBILITY_VOLUME  callingPackage=com.samsung.rtl.androidrtlservice
12-09 14:18:39.499   999  2362 I sensors-hal: handle_sns_std_sensor_event:218, phy lux: 190, raw lux : 2, brightness: 1292, mode: 0, gain: 190, add1: 38, add2: 20, ts=33941945173841
12-09 14:18:39.824   841  2229 D IptablesRestoreController: [iptables debug]iptables-restore execute *filter
12-09 14:18:39.824   841  2229 D IptablesRestoreController: -nvx -L tetherctrl_counters
12-09 14:18:39.824   841  2229 D IptablesRestoreController: COMMIT
12-09 14:18:39.828   841  2229 D IptablesRestoreController: [iptables debug]iptables-restore execute done, res : 0
12-09 14:18:39.828   841  2229 D IptablesRestoreController: [iptables debug]iptables-restore execute *filter
12-09 14:18:39.828   841  2229 D IptablesRestoreController: -nvx -L tetherctrl_counters
12-09 14:18:39.828   841  2229 D IptablesRestoreController: COMMIT
12-09 14:18:39.830   841  2229 D IptablesRestoreController: [iptables debug]iptables-restore execute done, res : 0
12-09 14:18:40.457   999  2362 I sensors-hal: handle_sns_std_sensor_event:218, phy lux: 196, raw lux : 2, brightness: 1273, mode: 0, gain: 95, add1: 38, add2: 20, ts=33942905177903
12-09 14:18:40.466   989  2997 I vendor.qti.bluetooth@1.0-ibs_handler: ProcessIbsCmd: Received IBS_WAKE_IND: 0xFD
12-09 14:18:40.467   989  2997 D vendor.qti.bluetooth@1.0-ibs_handler: SerialClockVote: vote for UART CLK ON
12-09 14:18:40.468   989  2997 D vendor.qti.bluetooth@1.0-wake_lock: Acquire wakelock is acquired 
12-09 14:18:40.468   989  2997 I vendor.qti.bluetooth@1.0-ibs_handler: ProcessIbsCmd: Writing IBS_WAKE_ACK
12-09 14:18:40.475  2141  2250 D ScanFilter: manu data matches
12-09 14:18:40.476  2141  2250 D BtGatt.GattService: onScanResult to scannerId: 12- eventType=0x10, addressType=1, address=734CCF_B, primaryPhy=1, secondaryPhy=0, advertisingSid=0xff, txPower=127, rssi=-63, periodicAdvInt=0x0
12-09 14:18:40.476  2141  2998 E bt_l2cap: L2CAP - rcvd ACL for unknown handle:3804 ls:0 cid:0 opcode:10 cur count:0
12-09 14:18:40.478  2141  2250 D ScanFilter: manu data matches
12-09 14:18:40.478  2141  2250 D BtGatt.GattService: onScanResult to scannerId: 7- eventType=0x10, addressType=1, address=5D1455_7, primaryPhy=1, secondaryPhy=0, advertisingSid=0xff, txPower=127, rssi=-72, periodicAdvInt=0x0
12-09 14:18:40.479  2141  2250 D ScanFilter: manu data matches
12-09 14:18:40.480  2141  2250 D BtGatt.GattService: onScanResult to scannerId: 12- eventType=0x10, addressType=1, address=5D1455_7, primaryPhy=1, secondaryPhy=0, advertisingSid=0xff, txPower=127, rssi=-72, periodicAdvInt=0x0
12-09 14:18:40.482  2141  2250 D ScanFilter: manu data matches
12-09 14:18:40.482  2141  2250 D BtGatt.GattService: onScanResult to scannerId: 12- eventType=0x10, addressType=1, address=60400C_A, primaryPhy=1, secondaryPhy=0, advertisingSid=0xff, txPower=127, rssi=-64, periodicAdvInt=0x0
12-09 14:18:40.519  2141  2250 D ScanFilter: manu data matches
12-09 14:18:40.520  2141  2250 D BtGatt.GattService: onScanResult to scannerId: 12- eventType=0x10, addressType=1, address=4E22C8_5, primaryPhy=1, secondaryPhy=0, advertisingSid=0xff, txPower=127, rssi=-68, periodicAdvInt=0x0
12-09 14:18:40.521  2141  2250 D ScanFilter: manu data matches
12-09 14:18:40.521  2141  2250 D BtGatt.GattService: onScanResult to scannerId: 12- eventType=0x10, addressType=1, address=6AA7C3_6, primaryPhy=1, secondaryPhy=0, advertisingSid=0xff, txPower=127, rssi=-62, periodicAdvInt=0x0
12-09 14:18:40.540  2141  2250 D ScanFilter: manu data matches
12-09 14:18:40.541  2141  2250 D BtGatt.GattService: onScanResult to scannerId: 12- eventType=0x10, addressType=1, address=497CDB_C, primaryPhy=1, secondaryPhy=0, advertisingSid=0xff, txPower=127, rssi=-70, periodicAdvInt=0x0
12-09 14:18:40.558  2141  2998 W bt_l2cap: L2CAP - holding ACL for unknown handle:3804 ls:0 cid:1 opcode:10 cur count:0
12-09 14:18:40.559  2141  2250 D ScanFilter: manu data matches
12-09 14:18:40.559  2141  2250 D BtGatt.GattService: onScanResult to scannerId: 12- eventType=0x10, addressType=1, address=578729_D, primaryPhy=1, secondaryPhy=0, advertisingSid=0xff, txPower=127, rssi=-62, periodicAdvInt=0x0
12-09 14:18:40.566  2141  2250 D ScanFilter: manu data matches
12-09 14:18:40.567  2141  2250 D BtGatt.GattService: onScanResult to scannerId: 12- eventType=0x10, addressType=1, address=734CCF_B, primaryPhy=1, secondaryPhy=0, advertisingSid=0xff, txPower=127, rssi=-64, periodicAdvInt=0x0
12-09 14:18:40.572  2141  2250 D ScanFilter: manu data matches
12-09 14:18:40.572  2141  2250 D BtGatt.GattService: onScanResult to scannerId: 12- eventType=0x10, addressType=1, address=54B3C2_C, primaryPhy=1, secondaryPhy=0, advertisingSid=0xff, txPower=127, rssi=-72, periodicAdvInt=0x0
12-09 14:18:40.611   989  2997 I vendor.qti.bluetooth@1.0-ibs_handler: ProcessIbsCmd: Received IBS_SLEEP_IND: 0xFE
12-09 14:18:40.611   989  2997 D vendor.qti.bluetooth@1.0-ibs_handler: SerialClockVote: vote for UART CLK OFF
12-09 14:18:40.761   989  2704 D vendor.qti.bluetooth@1.0-wake_lock: Release wakelock is released 
12-09 14:18:40.853  3668  4333 I SDHMS:C : 25 > surface_temperature_1
12-09 14:18:40.860  3668  4333 I SDHMS:C : writeSysfs:: path() : /sys/class/audio/amp/surface_temperature_1 exist() : false canWrite() : false
12-09 14:18:40.860  3668  4333 I SDHMS:C : SIOP:: AP:161(259,100) BAT:224(224,0) USB:0(0,0) CHG:239(239,0) PA:255(255,0) WIFI:257(257,0) BLK:0(0,0) SUBBAT:0(0,0) LRP:262(262,0) LRP2:249(249,0) LRF:262(262) LRB:262(262) LRF2:249(249) LRB2:249(249) AP2:249(249) CHG2:246(246) WIFI2:246(246) SPK2:253(253) 
12-09 14:18:40.860  3668  4333 I SDHMS:C : MODEMQ:: MMWTHM:-777(-777) 
12-09 14:18:41.123  1240  2016 D ConnectivityService: reportNetworkActive, notify 0 listeners
12-09 14:18:41.418   999  2362 I sensors-hal: handle_sns_std_sensor_event:218, phy lux: 227, raw lux : 2, brightness: 1273, mode: 0, gain: 152, add1: 38, add2: 20, ts=33943865174101
12-09 14:18:41.506   841  2229 D IptablesRestoreController: [iptables debug]iptables-restore execute *filter
12-09 14:18:41.506   841  2229 D IptablesRestoreController: -nvx -L tetherctrl_counters
12-09 14:18:41.506   841  2229 D IptablesRestoreController: COMMIT
12-09 14:18:41.509   841  2229 D IptablesRestoreController: [iptables debug]iptables-restore execute done, res : 0
12-09 14:18:41.509   841  2229 D IptablesRestoreController: [iptables debug]iptables-restore execute *filter
12-09 14:18:41.509   841  2229 D IptablesRestoreController: -nvx -L tetherctrl_counters
12-09 14:18:41.509   841  2229 D IptablesRestoreController: COMMIT
12-09 14:18:41.511   841  2229 D IptablesRestoreController: [iptables debug]iptables-restore execute done, res : 0
12-09 14:18:41.560  2141  2998 W bt_l2cap: L2CAP HOLD TIMEOUT
12-09 14:18:42.246   664   664 D io_stats: !@   8,0 r 385394 11591316 w 82657 4724616 d 41270 2968392 f 0 0 iot 163336 0 th 0 0 0 pt 0 inp 0 0 33944.707
12-09 14:18:42.377   999  2362 I sensors-hal: handle_sns_std_sensor_event:218, phy lux: 231, raw lux : 2, brightness: 1254, mode: 0, gain: 95, add1: 38, add2: 20, ts=33944825162955
12-09 14:18:42.396   999  2366 I sensors-hal: handle_sns_client_event:123, auto_rotation_event_2: mode:255, type:1:0/0.084,7.477,6.459, ar:0
12-09 14:18:42.426   989  2997 I vendor.qti.bluetooth@1.0-ibs_handler: ProcessIbsCmd: Received IBS_WAKE_IND: 0xFD
12-09 14:18:42.426   989  2997 D vendor.qti.bluetooth@1.0-ibs_handler: SerialClockVote: vote for UART CLK ON
12-09 14:18:42.427   989  2997 D vendor.qti.bluetooth@1.0-wake_lock: Acquire wakelock is acquired 
12-09 14:18:42.427   989  2997 I vendor.qti.bluetooth@1.0-ibs_handler: ProcessIbsCmd: Writing IBS_WAKE_ACK
12-09 14:18:42.433  2141  2250 D ScanFilter: manu data matches
12-09 14:18:42.433  2141  2998 E bt_l2cap: L2CAP - rcvd ACL for unknown handle:3804 ls:0 cid:2 opcode:10 cur count:1
12-09 14:18:42.434  2141  2250 D BtGatt.GattService: onScanResult to scannerId: 12- eventType=0x10, addressType=1, address=4F666B_D, primaryPhy=1, secondaryPhy=0, advertisingSid=0xff, txPower=127, rssi=-82, periodicAdvInt=0x0
12-09 14:18:42.436  2141  2250 D ScanFilter: manu data matches
12-09 14:18:42.436  2141  2250 D BtGatt.GattService: onScanResult to scannerId: 12- eventType=0x10, addressType=1, address=60400C_A, primaryPhy=1, secondaryPhy=0, advertisingSid=0xff, txPower=127, rssi=-67, periodicAdvInt=0x0
12-09 14:18:42.472   989  2997 I vendor.qti.bluetooth@1.0-ibs_handler: ProcessIbsCmd: Received IBS_SLEEP_IND: 0xFE
12-09 14:18:42.472   989  2997 D vendor.qti.bluetooth@1.0-ibs_handler: SerialClockVote: vote for UART CLK OFF
12-09 14:18:42.561  2141  2998 W bt_l2cap: L2CAP HOLD TIMEOUT
12-09 14:18:42.561  2141  2998 E bt_l2cap: L2CAP - rcvd ACL for unknown handle:3804 ls:65535 cid:1 opcode:10 cur count:0
12-09 14:18:42.623   989  2704 D vendor.qti.bluetooth@1.0-wake_lock: Release wakelock is released 
12-09 14:18:43.266   841  2229 D IptablesRestoreController: [iptables debug]iptables-restore execute *filter
12-09 14:18:43.266   841  2229 D IptablesRestoreController: -nvx -L tetherctrl_counters
12-09 14:18:43.266   841  2229 D IptablesRestoreController: COMMIT
12-09 14:18:43.270   841  2229 D IptablesRestoreController: [iptables debug]iptables-restore execute done, res : 0
12-09 14:18:43.270   841  2229 D IptablesRestoreController: [iptables debug]iptables-restore execute *filter
12-09 14:18:43.270   841  2229 D IptablesRestoreController: -nvx -L tetherctrl_counters
12-09 14:18:43.270   841  2229 D IptablesRestoreController: COMMIT
12-09 14:18:43.272   841  2229 D IptablesRestoreController: [iptables debug]iptables-restore execute done, res : 0
12-09 14:18:43.336   999  2362 I sensors-hal: handle_sns_std_sensor_event:218, phy lux: 231, raw lux : 2, brightness: 1273, mode: 0, gain: 152, add1: 38, add2: 20, ts=33945785161341
12-09 14:18:43.877  1240  1938 D SamsungAlarmManager: Expired : 8
12-09 14:18:43.877  1240  1938 V SamsungAlarmManager: Sending to uid : 1000 L=1066e51:DetectMovementSPListener alarm=Alarm{f067b64 type 3 origWhen 33946341 whenElapsed 33946341 android}
12-09 14:18:43.878  1240  2314 I SLocation: SPManager - need to Login samsung account.
12-09 14:18:43.884  1240  1938 V SamsungAlarmManager: setLocked to kernel - W:34040615 / NW:33958520, now=33946348
12-09 14:18:43.891  1240  2314 D SamsungAlarmManager: setExact (T:3/F:9/AC:false) 20241209T141943 now=33946355 - CU:1000/CP:1240/L:1066e51:DetectMovementSPListener
12-09 14:18:43.892  1240  2314 V SamsungAlarmManager: setLocked to kernel - W:34040615 / NW:33958520, now=33946356
12-09 14:18:43.942  1240  3994 D AS.AudioService: setStreamVolume(stream=1, index=1, calling=com.samsung.rtl.androidrtlservice, device=0)
12-09 14:18:43.943  1062  6244 V APM_AudioPolicyManager: getAudioPolicyConfig: audioParam;l_fmradio_record_active
12-09 14:18:43.945  1240  3994 V AS.AudioDeviceBroker: requestedCommunicationDevice, device: null mode owner pid: 0
12-09 14:18:43.949  2175  2692 D vol.VolumeDialogControl: onVolumeChangedW stream = 1, flags = 8, lastAudibleStreamVolume = 1, changed = false, showUI = false, dualAudio = false
12-09 14:18:43.949  1240  3995 D AS.AudioService: setStreamVolume(stream=2, index=1, calling=com.samsung.rtl.androidrtlservice, device=0)
12-09 14:18:43.950  1240  3995 V AS.AudioDeviceBroker: requestedCommunicationDevice, device: null mode owner pid: 0
12-09 14:18:43.954  1240  1256 D AS.AudioService: setStreamVolume(stream=5, index=1, calling=com.samsung.rtl.androidrtlservice, device=0)
12-09 14:18:43.956  1240  1256 V AS.AudioDeviceBroker: requestedCommunicationDevice, device: null mode owner pid: 0
12-09 14:18:43.957  1240  1256 D AS.AudioService: setStreamVolume(stream=3, index=1, calling=com.samsung.rtl.androidrtlservice, device=0)
12-09 14:18:43.958  2175  2692 D vol.VolumeDialogControl: onVolumeChangedW stream = 2, flags = 8, lastAudibleStreamVolume = 1, changed = false, showUI = false, dualAudio = false
12-09 14:18:43.958  1240  1256 V AS.AudioDeviceBroker: requestedCommunicationDevice, device: null mode owner pid: 0
12-09 14:18:43.960  2175  2692 D vol.VolumeDialogControl: onVolumeChangedW stream = 5, flags = 8, lastAudibleStreamVolume = 1, changed = false, showUI = false, dualAudio = false
12-09 14:18:43.962  1240  3994 D AS.AudioService: setStreamVolume(stream=4, index=1, calling=com.samsung.rtl.androidrtlservice, device=0)
12-09 14:18:43.962  2175  2692 D vol.VolumeDialogControl: onVolumeChangedW stream = 3, flags = 8, lastAudibleStreamVolume = 100, changed = false, showUI = false, dualAudio = false
12-09 14:18:43.963  1240  3994 V AS.AudioDeviceBroker: requestedCommunicationDevice, device: null mode owner pid: 0
12-09 14:18:43.965  1240  1256 W AS.AudioService: Trying to call setStreamVolume() for a11y without CHANGE_ACCESSIBILITY_VOLUME  callingPackage=com.samsung.rtl.androidrtlservice
12-09 14:18:43.965  2175  2692 D vol.VolumeDialogControl: onVolumeChangedW stream = 4, flags = 8, lastAudibleStreamVolume = 1, changed = false, showUI = false, dualAudio = false
12-09 14:18:43.979   989  2997 I vendor.qti.bluetooth@1.0-ibs_handler: ProcessIbsCmd: Received IBS_WAKE_IND: 0xFD
12-09 14:18:43.979   989  2997 D vendor.qti.bluetooth@1.0-ibs_handler: SerialClockVote: vote for UART CLK ON
12-09 14:18:43.980   989  2997 D vendor.qti.bluetooth@1.0-wake_lock: Acquire wakelock is acquired 
12-09 14:18:43.980   989  2997 I vendor.qti.bluetooth@1.0-ibs_handler: ProcessIbsCmd: Writing IBS_WAKE_ACK
12-09 14:18:43.985  2141  2250 D ScanFilter: manu data matches
12-09 14:18:43.985  2141  2998 E bt_l2cap: L2CAP - rcvd ACL for unknown handle:3804 ls:0 cid:3 opcode:10 cur count:0
12-09 14:18:43.985  2141  2998 E bt_l2cap: L2CAP - rcvd ACL for unknown handle:3804 ls:0 cid:4 opcode:10 cur count:0
12-09 14:18:43.986  2141  2250 D BtGatt.GattService: onScanResult to scannerId: 7- eventType=0x10, addressType=1, address=68AD8E_2, primaryPhy=1, secondaryPhy=0, advertisingSid=0xff, txPower=127, rssi=-60, periodicAdvInt=0x0
12-09 14:18:43.986  2141  2250 D ScanFilter: manu data matches
12-09 14:18:43.987  2141  2250 D BtGatt.GattService: onScanResult to scannerId: 12- eventType=0x10, addressType=1, address=68AD8E_2, primaryPhy=1, secondaryPhy=0, advertisingSid=0xff, txPower=127, rssi=-60, periodicAdvInt=0x0
12-09 14:18:43.991  2141  2250 D ScanFilter: manu data matches
12-09 14:18:43.991  2141  2250 D BtGatt.GattService: onScanResult to scannerId: 7- eventType=0x10, addressType=1, address=5EC127_F, primaryPhy=1, secondaryPhy=0, advertisingSid=0xff, txPower=127, rssi=-73, periodicAdvInt=0x0
12-09 14:18:43.992  2141  2250 D ScanFilter: manu data matches
12-09 14:18:43.993  2141  2250 D BtGatt.GattService: onScanResult to scannerId: 12- eventType=0x10, addressType=1, address=5EC127_F, primaryPhy=1, secondaryPhy=0, advertisingSid=0xff, txPower=127, rssi=-73, periodicAdvInt=0x0
12-09 14:18:44.028  2141  2998 E bt_l2cap: L2CAP - rcvd ACL for unknown handle:3804 ls:0 cid:5 opcode:10 cur count:0
12-09 14:18:44.029  2141  2250 D ScanFilter: manu data matches
12-09 14:18:44.030  2141  2250 D BtGatt.GattService: onScanResult to scannerId: 12- eventType=0x10, addressType=1, address=55ED68_3, primaryPhy=1, secondaryPhy=0, advertisingSid=0xff, txPower=127, rssi=-77, periodicAdvInt=0x0
12-09 14:18:44.039  2141  2250 D ScanFilter: manu data matches
12-09 14:18:44.040  2141  2250 D BtGatt.GattService: onScanResult to scannerId: 12- eventType=0x10, addressType=1, address=54B3C2_C, primaryPhy=1, secondaryPhy=0, advertisingSid=0xff, txPower=127, rssi=-72, periodicAdvInt=0x0
12-09 14:18:44.049  2141  2250 D ScanFilter: manu data matches
12-09 14:18:44.049  2141  2250 D BtGatt.GattService: onScanResult to scannerId: 12- eventType=0x10, addressType=1, address=734CCF_B, primaryPhy=1, secondaryPhy=0, advertisingSid=0xff, txPower=127, rssi=-64, periodicAdvInt=0x0
12-09 14:18:44.086   989  2997 I vendor.qti.bluetooth@1.0-ibs_handler: ProcessIbsCmd: Received IBS_SLEEP_IND: 0xFE
12-09 14:18:44.086   989  2997 D vendor.qti.bluetooth@1.0-ibs_handler: SerialClockVote: vote for UART CLK OFF
12-09 14:18:44.089   989  2997 I vendor.qti.bluetooth@1.0-ibs_handler: ProcessIbsCmd: Received IBS_WAKE_IND: 0xFD
12-09 14:18:44.089   989  2997 D vendor.qti.bluetooth@1.0-ibs_handler: SerialClockVote: vote for UART CLK ON
12-09 14:18:44.089   989  2997 I vendor.qti.bluetooth@1.0-ibs_handler: ProcessIbsCmd: Writing IBS_WAKE_ACK
12-09 14:18:44.093  2141  2998 E bt_l2cap: L2CAP - rcvd ACL for unknown handle:3804 ls:0 cid:6 opcode:10 cur count:0
12-09 14:18:44.097  2141  2250 D ScanFilter: manu data matches
12-09 14:18:44.097  2141  2250 D BtGatt.GattService: onScanResult to scannerId: 12- eventType=0x10, addressType=1, address=497CDB_C, primaryPhy=1, secondaryPhy=0, advertisingSid=0xff, txPower=127, rssi=-71, periodicAdvInt=0x0
12-09 14:18:44.105  2141  2250 D ScanFilter: manu data matches
12-09 14:18:44.106  2141  2250 D BtGatt.GattService: onScanResult to scannerId: 7- eventType=0x10, addressType=1, address=4C8046_3, primaryPhy=1, secondaryPhy=0, advertisingSid=0xff, txPower=127, rssi=-74, periodicAdvInt=0x0
12-09 14:18:44.111  2141  2250 D ScanFilter: manu data matches
12-09 14:18:44.112  2141  2250 D BtGatt.GattService: onScanResult to scannerId: 12- eventType=0x10, addressType=1, address=4C8046_3, primaryPhy=1, secondaryPhy=0, advertisingSid=0xff, txPower=127, rssi=-74, periodicAdvInt=0x0
12-09 14:18:44.128  2141  2250 D BtGatt.GattService: onScanResult to scannerId: 9- eventType=0x10, addressType=1, address=4D4A9A_0, primaryPhy=1, secondaryPhy=0, advertisingSid=0xff, txPower=127, rssi=-70, periodicAdvInt=0x0
12-09 14:18:44.165   989  2997 I vendor.qti.bluetooth@1.0-ibs_handler: ProcessIbsCmd: Received IBS_SLEEP_IND: 0xFE
12-09 14:18:44.165   989  2997 D vendor.qti.bluetooth@1.0-ibs_handler: SerialClockVote: vote for UART CLK OFF
12-09 14:18:44.210  1240  2042 D UsbStatsMonitor: 0 0 0 0 0 0 0 0 0 0 0 0 0 0 0 0 0 0 0 0 0 0 0 0 0 0 0 0 0 0 0 0 0 0 0 0 0 0 0 0 0 0 0 0 0 0 0 0 0 0 0 0
12-09 14:18:44.297   999  2362 I sensors-hal: handle_sns_std_sensor_event:218, phy lux: 224, raw lux : 2, brightness: 1273, mode: 0, gain: 152, add1: 38, add2: 20, ts=33946745162569
12-09 14:18:44.316   989  2704 D vendor.qti.bluetooth@1.0-wake_lock: Release wakelock is released 
12-09 14:18:44.501   996   996 E android.hardware.health@2.1-service-samsung: Could not open /sys/class/power_supply/battery/lrp
12-09 14:18:44.730   841  2229 D IptablesRestoreController: [iptables debug]iptables-restore execute *filter
12-09 14:18:44.730   841  2229 D IptablesRestoreController: -nvx -L tetherctrl_counters
12-09 14:18:44.730   841  2229 D IptablesRestoreController: COMMIT
12-09 14:18:44.733   841  2229 D IptablesRestoreController: [iptables debug]iptables-restore execute done, res : 0
12-09 14:18:44.733   841  2229 D IptablesRestoreController: [iptables debug]iptables-restore execute *filter
12-09 14:18:44.733   841  2229 D IptablesRestoreController: -nvx -L tetherctrl_counters
12-09 14:18:44.733   841  2229 D IptablesRestoreController: COMMIT
12-09 14:18:44.735   841  2229 D IptablesRestoreController: [iptables debug]iptables-restore execute done, res : 0
12-09 14:18:44.872  1240  2073 I SemWifiServiceDetector: Traff. tracking resumed
12-09 14:18:44.902 14147 14147 I wpa_supplicant: Heartbeat 3379
12-09 14:18:45.257   999  2362 I sensors-hal: handle_sns_std_sensor_event:218, phy lux: 213, raw lux : 2, brightness: 1292, mode: 0, gain: 171, add1: 38, add2: 20, ts=33947705161267
12-09 14:18:45.409  1240  2073 D SemNscXgbMsL1: Probability - Cloud gaming: [0.04415229]
12-09 14:18:45.413  1240  2073 D SemNscXgbMsL1: Probability - Real time: [0.10864212]
12-09 14:18:45.413  1240  2073 D SemNscXgbMsL1: Probability - Non real time: [0.915227]
12-09 14:18:45.413  1240  2073 D SemNscXgbMsL1: 1 sample inference time: 4.218386 msecs
12-09 14:18:45.416  1240  2073 D SemNscXgbL2Rt: L2 RT 1 sample inference time: 2.615469 msecs
12-09 14:18:45.419  1240  2073 D SemNscXgbL2Nrt: L2 NRT 1 sample inference time: 2.236927 msecs
12-09 14:18:45.908   989  2997 I vendor.qti.bluetooth@1.0-ibs_handler: ProcessIbsCmd: Received IBS_WAKE_IND: 0xFD
12-09 14:18:45.908   989  2997 D vendor.qti.bluetooth@1.0-ibs_handler: SerialClockVote: vote for UART CLK ON
12-09 14:18:45.909   989  2997 D vendor.qti.bluetooth@1.0-wake_lock: Acquire wakelock is acquired 
12-09 14:18:45.909   989  2997 I vendor.qti.bluetooth@1.0-ibs_handler: ProcessIbsCmd: Writing IBS_WAKE_ACK
12-09 14:18:45.913  2141  2998 E bt_l2cap: L2CAP - rcvd ACL for unknown handle:3804 ls:0 cid:7 opcode:10 cur count:0
12-09 14:18:45.915  2141  2250 D ScanFilter: manu data matches
12-09 14:18:45.915  2141  2250 D BtGatt.GattService: onScanResult to scannerId: 12- eventType=0x10, addressType=1, address=578729_D, primaryPhy=1, secondaryPhy=0, advertisingSid=0xff, txPower=127, rssi=-62, periodicAdvInt=0x0
12-09 14:18:45.918  2141  2250 D ScanFilter: manu data matches
12-09 14:18:45.918  2141  2250 D BtGatt.GattService: onScanResult to scannerId: 7- eventType=0x10, addressType=1, address=5EA3B0_1, primaryPhy=1, secondaryPhy=0, advertisingSid=0xff, txPower=127, rssi=-71, periodicAdvInt=0x0
12-09 14:18:45.920  2141  2250 D ScanFilter: manu data matches
12-09 14:18:45.920  2141  2250 D BtGatt.GattService: onScanResult to scannerId: 12- eventType=0x10, addressType=1, address=5EA3B0_1, primaryPhy=1, secondaryPhy=0, advertisingSid=0xff, txPower=127, rssi=-71, periodicAdvInt=0x0
12-09 14:18:45.921  1240  2073 D SemNscXgbMsL1: Probability - Cloud gaming: [0.04415229]
12-09 14:18:45.921  1240  2073 D SemNscXgbMsL1: Probability - Real time: [0.10864212]
12-09 14:18:45.921  1240  2073 D SemNscXgbMsL1: Probability - Non real time: [0.915227]
12-09 14:18:45.922  1240  2073 D SemNscXgbMsL1: 1 sample inference time: 0.747813 msecs
12-09 14:18:45.923  2141  2250 D ScanFilter: manu data matches
12-09 14:18:45.923  2141  2250 D BtGatt.GattService: onScanResult to scannerId: 12- eventType=0x10, addressType=1, address=6AA7C3_6, primaryPhy=1, secondaryPhy=0, advertisingSid=0xff, txPower=127, rssi=-63, periodicAdvInt=0x0
12-09 14:18:45.923  1240  2073 D SemNscXgbL2Rt: L2 RT 1 sample inference time: 1.397865 msecs
12-09 14:18:45.924  1240  2073 D SemNscXgbL2Nrt: L2 NRT 1 sample inference time: 1.053021 msecs
12-09 14:18:45.924  2141  2250 D ScanFilter: manu data matches
12-09 14:18:45.925  2141  2250 D BtGatt.GattService: onScanResult to scannerId: 7- eventType=0x10, addressType=1, address=485CBF_D, primaryPhy=1, secondaryPhy=0, advertisingSid=0xff, txPower=127, rssi=-76, periodicAdvInt=0x0
12-09 14:18:45.930  2141  2250 D ScanFilter: manu data matches
12-09 14:18:45.931  2141  2250 D BtGatt.GattService: onScanResult to scannerId: 12- eventType=0x10, addressType=1, address=485CBF_D, primaryPhy=1, secondaryPhy=0, advertisingSid=0xff, txPower=127, rssi=-76, periodicAdvInt=0x0
12-09 14:18:45.947  2141  2250 D ScanFilter: manu data matches
12-09 14:18:45.948  2141  2250 D BtGatt.GattService: onScanResult to scannerId: 12- eventType=0x10, addressType=1, address=578729_D, primaryPhy=1, secondaryPhy=0, advertisingSid=0xff, txPower=127, rssi=-61, periodicAdvInt=0x0
12-09 14:18:45.967  2141  2998 E bt_l2cap: L2CAP - rcvd ACL for unknown handle:3804 ls:0 cid:8 opcode:10 cur count:0
12-09 14:18:45.967  2141  2250 D ScanFilter: manu data matches
12-09 14:18:45.968  2141  2250 D BtGatt.GattService: onScanResult to scannerId: 12- eventType=0x10, addressType=1, address=6AA7C3_6, primaryPhy=1, secondaryPhy=0, advertisingSid=0xff, txPower=127, rssi=-63, periodicAdvInt=0x0
12-09 14:18:45.968  2141  2250 D ScanFilter: manu data matches
12-09 14:18:45.969  2141  2250 D BtGatt.GattService: onScanResult to scannerId: 7- eventType=0x10, addressType=1, address=68AD8E_2, primaryPhy=1, secondaryPhy=0, advertisingSid=0xff, txPower=127, rssi=-58, periodicAdvInt=0x0
12-09 14:18:45.969  2141  2250 D ScanFilter: manu data matches
12-09 14:18:45.970  2141  2250 D BtGatt.GattService: onScanResult to scannerId: 12- eventType=0x10, addressType=1, address=68AD8E_2, primaryPhy=1, secondaryPhy=0, advertisingSid=0xff, txPower=127, rssi=-58, periodicAdvInt=0x0
12-09 14:18:46.006   989  2997 I vendor.qti.bluetooth@1.0-ibs_handler: ProcessIbsCmd: Received IBS_SLEEP_IND: 0xFE
12-09 14:18:46.006   989  2997 D vendor.qti.bluetooth@1.0-ibs_handler: SerialClockVote: vote for UART CLK OFF
12-09 14:18:46.008   989  2997 I vendor.qti.bluetooth@1.0-ibs_handler: ProcessIbsCmd: Received IBS_WAKE_IND: 0xFD
12-09 14:18:46.008   989  2997 D vendor.qti.bluetooth@1.0-ibs_handler: SerialClockVote: vote for UART CLK ON
12-09 14:18:46.008   989  2997 I vendor.qti.bluetooth@1.0-ibs_handler: ProcessIbsCmd: Writing IBS_WAKE_ACK
12-09 14:18:46.010  2141  2250 D ScanFilter: manu data matches
12-09 14:18:46.011  2141  2250 D BtGatt.GattService: onScanResult to scannerId: 7- eventType=0x10, addressType=1, address=517884_0, primaryPhy=1, secondaryPhy=0, advertisingSid=0xff, txPower=127, rssi=-74, periodicAdvInt=0x0
12-09 14:18:46.012  2141  2250 D ScanFilter: manu data matches
12-09 14:18:46.012  2141  2250 D BtGatt.GattService: onScanResult to scannerId: 12- eventType=0x10, addressType=1, address=517884_0, primaryPhy=1, secondaryPhy=0, advertisingSid=0xff, txPower=127, rssi=-74, periodicAdvInt=0x0
12-09 14:18:46.018  2141  2250 D ScanFilter: manu data matches
12-09 14:18:46.019  2141  2250 D BtGatt.GattService: onScanResult to scannerId: 12- eventType=0x10, addressType=1, address=578729_D, primaryPhy=1, secondaryPhy=0, advertisingSid=0xff, txPower=127, rssi=-63, periodicAdvInt=0x0
12-09 14:18:46.042  2141  2250 D ScanFilter: manu data matches
12-09 14:18:46.043  2141  2250 D BtGatt.GattService: onScanResult to scannerId: 7- eventType=0x10, addressType=1, address=764117_C, primaryPhy=1, secondaryPhy=0, advertisingSid=0xff, txPower=127, rssi=-66, periodicAdvInt=0x0
12-09 14:18:46.044  2141  2250 D ScanFilter: manu data matches
12-09 14:18:46.044  2141  2250 D BtGatt.GattService: onScanResult to scannerId: 12- eventType=0x10, addressType=1, address=764117_C, primaryPhy=1, secondaryPhy=0, advertisingSid=0xff, txPower=127, rssi=-66, periodicAdvInt=0x0
12-09 14:18:46.068   841  2229 D IptablesRestoreController: [iptables debug]iptables-restore execute *filter
12-09 14:18:46.068   841  2229 D IptablesRestoreController: -nvx -L tetherctrl_counters
12-09 14:18:46.068   841  2229 D IptablesRestoreController: COMMIT
12-09 14:18:46.070   841  2229 D IptablesRestoreController: [iptables debug]iptables-restore execute done, res : 0
12-09 14:18:46.070   841  2229 D IptablesRestoreController: [iptables debug]iptables-restore execute *filter
12-09 14:18:46.070   841  2229 D IptablesRestoreController: -nvx -L tetherctrl_counters
12-09 14:18:46.070   841  2229 D IptablesRestoreController: COMMIT
12-09 14:18:46.071   841  2229 D IptablesRestoreController: [iptables debug]iptables-restore execute done, res : 0
12-09 14:18:46.081   989  2997 I vendor.qti.bluetooth@1.0-ibs_handler: ProcessIbsCmd: Received IBS_SLEEP_IND: 0xFE
12-09 14:18:46.081   989  2997 D vendor.qti.bluetooth@1.0-ibs_handler: SerialClockVote: vote for UART CLK OFF
12-09 14:18:46.217   999  2362 I sensors-hal: handle_sns_std_sensor_event:218, phy lux: 193, raw lux : 2, brightness: 1273, mode: 0, gain: 209, add1: 38, add2: 20, ts=33948665182621
12-09 14:18:46.231   989  2704 D vendor.qti.bluetooth@1.0-wake_lock: Release wakelock is released 
12-09 14:18:46.259   664   664 D io_stats: !@   8,0 r 385395 11591320 w 82657 4724616 d 41270 2968392 f 0 0 iot 163340 0 th 0 0 0 pt 0 inp 0 0 33948.719
12-09 14:18:46.428  1240  2073 D SemNscXgbMsL1: Probability - Cloud gaming: [0.04415229]
12-09 14:18:46.429  1240  2073 D SemNscXgbMsL1: Probability - Real time: [0.10864212]
12-09 14:18:46.429  1240  2073 D SemNscXgbMsL1: Probability - Non real time: [0.915227]
12-09 14:18:46.429  1240  2073 D SemNscXgbMsL1: 1 sample inference time: 1.571927 msecs
12-09 14:18:46.432  1240  2073 D SemNscXgbL2Rt: L2 RT 1 sample inference time: 2.969636 msecs
12-09 14:18:46.434  1240  2073 D SemNscXgbL2Nrt: L2 NRT 1 sample inference time: 1.846146 msecs
12-09 14:18:46.939  1240  2073 D SemNscXgbMsL1: Probability - Cloud gaming: [0.04415229]
12-09 14:18:46.940  1240  2073 D SemNscXgbMsL1: Probability - Real time: [0.10864212]
12-09 14:18:46.940  1240  2073 D SemNscXgbMsL1: Probability - Non real time: [0.915227]
12-09 14:18:46.941  1240  2073 D SemNscXgbMsL1: 1 sample inference time: 4.258593 msecs
12-09 14:18:46.943  1240  2073 D SemNscXgbL2Rt: L2 RT 1 sample inference time: 2.331302 msecs
12-09 14:18:46.946  1240  2073 D SemNscXgbL2Nrt: L2 NRT 1 sample inference time: 2.884688 msecs
12-09 14:18:47.176   999  2362 I sensors-hal: handle_sns_std_sensor_event:218, phy lux: 196, raw lux : 2, brightness: 1273, mode: 0, gain: 228, add1: 38, add2: 20, ts=33949625163454
12-09 14:18:47.450  1240  2073 D SemNscXgbMsL1: Probability - Cloud gaming: [0.04415229]
12-09 14:18:47.450  1240  2073 D SemNscXgbMsL1: Probability - Real time: [0.10864212]
12-09 14:18:47.451  1240  2073 D SemNscXgbMsL1: Probability - Non real time: [0.915227]
12-09 14:18:47.451  1240  2073 D SemNscXgbMsL1: 1 sample inference time: 1.338489 msecs
12-09 14:18:47.454  1240  2073 D SemNscXgbL2Rt: L2 RT 1 sample inference time: 2.6325 msecs
12-09 14:18:47.456  1240  2073 D SemNscXgbL2Nrt: L2 NRT 1 sample inference time: 2.083906 msecs
12-09 14:18:47.507   841  2229 D IptablesRestoreController: [iptables debug]iptables-restore execute *filter
12-09 14:18:47.507   841  2229 D IptablesRestoreController: -nvx -L tetherctrl_counters
12-09 14:18:47.507   841  2229 D IptablesRestoreController: COMMIT
12-09 14:18:47.509   841  2229 D IptablesRestoreController: [iptables debug]iptables-restore execute done, res : 0
12-09 14:18:47.510   841  2229 D IptablesRestoreController: [iptables debug]iptables-restore execute *filter
12-09 14:18:47.510   841  2229 D IptablesRestoreController: -nvx -L tetherctrl_counters
12-09 14:18:47.510   841  2229 D IptablesRestoreController: COMMIT
12-09 14:18:47.512   841  2229 D IptablesRestoreController: [iptables debug]iptables-restore execute done, res : 0
12-09 14:18:47.878  1240  2073 I SemWifiServiceDetector: Traff. tracking suspended
12-09 14:18:48.070 26056 26165 I NearbyDiscovery: FastPair: isDestroyable: Scanner is alive. [CONTEXT service_id=49 ]
12-09 14:18:48.070 26056 26165 I NearbyDiscovery: DiscoveryService: Skip stopSelf(), fast pair controller is not destroyable. [CONTEXT service_id=49 ]
12-09 14:18:48.072   989  2997 I vendor.qti.bluetooth@1.0-ibs_handler: ProcessIbsCmd: Received IBS_WAKE_IND: 0xFD
12-09 14:18:48.073   989  2997 D vendor.qti.bluetooth@1.0-ibs_handler: SerialClockVote: vote for UART CLK ON
12-09 14:18:48.074   989  2997 D vendor.qti.bluetooth@1.0-wake_lock: Acquire wakelock is acquired 
12-09 14:18:48.074   989  2997 I vendor.qti.bluetooth@1.0-ibs_handler: ProcessIbsCmd: Writing IBS_WAKE_ACK
12-09 14:18:48.080  2141  2998 E bt_l2cap: L2CAP - rcvd ACL for unknown handle:3804 ls:0 cid:9 opcode:10 cur count:0
12-09 14:18:48.080  2141  2998 E bt_l2cap: L2CAP - rcvd ACL for unknown handle:3804 ls:0 cid:10 opcode:10 cur count:0
12-09 14:18:48.080  2141  2250 D ScanFilter: manu data matches
12-09 14:18:48.081  2141  2250 D BtGatt.GattService: onScanResult to scannerId: 12- eventType=0x10, addressType=1, address=4F6EAA_A, primaryPhy=1, secondaryPhy=0, advertisingSid=0xff, txPower=127, rssi=-54, periodicAdvInt=0x0
12-09 14:18:48.113  2141  2250 D BtGatt.GattService: onScanResult to scannerId: 9- eventType=0x10, addressType=1, address=4D4A9A_0, primaryPhy=1, secondaryPhy=0, advertisingSid=0xff, txPower=127, rssi=-67, periodicAdvInt=0x0
12-09 14:18:48.136   999  2362 I sensors-hal: handle_sns_std_sensor_event:218, phy lux: 201, raw lux : 2, brightness: 1254, mode: 0, gain: 114, add1: 38, add2: 20, ts=33950585162881
12-09 14:18:48.148  2141  2998 E bt_l2cap: L2CAP - rcvd ACL for unknown handle:3804 ls:0 cid:11 opcode:10 cur count:0
12-09 14:18:48.150  2141  2250 D ScanFilter: manu data matches
12-09 14:18:48.151  2141  2250 D BtGatt.GattService: onScanResult to scannerId: 12- eventType=0x10, addressType=1, address=40FCBB_B, primaryPhy=1, secondaryPhy=0, advertisingSid=0xff, txPower=127, rssi=-85, periodicAdvInt=0x0
12-09 14:18:48.186   989  2997 I vendor.qti.bluetooth@1.0-ibs_handler: ProcessIbsCmd: Received IBS_SLEEP_IND: 0xFE
12-09 14:18:48.187   989  2997 D vendor.qti.bluetooth@1.0-ibs_handler: SerialClockVote: vote for UART CLK OFF
12-09 14:18:48.265   664   664 D io_stats: !@   8,0 r 385395 11591320 w 82679 4734396 d 41270 2968392 f 0 0 iot 163416 0 th 0 0 0 pt 0 inp 0 0 33950.725
12-09 14:18:48.337   989  2704 D vendor.qti.bluetooth@1.0-wake_lock: Release wakelock is released 
12-09 14:18:48.758   841  2229 D IptablesRestoreController: [iptables debug]iptables-restore execute *filter
12-09 14:18:48.758   841  2229 D IptablesRestoreController: -nvx -L tetherctrl_counters
12-09 14:18:48.758   841  2229 D IptablesRestoreController: COMMIT
12-09 14:18:48.761   841  2229 D IptablesRestoreController: [iptables debug]iptables-restore execute done, res : 0
12-09 14:18:48.761   841  2229 D IptablesRestoreController: [iptables debug]iptables-restore execute *filter
12-09 14:18:48.761   841  2229 D IptablesRestoreController: -nvx -L tetherctrl_counters
12-09 14:18:48.761   841  2229 D IptablesRestoreController: COMMIT
12-09 14:18:48.763   841  2229 D IptablesRestoreController: [iptables debug]iptables-restore execute done, res : 0
12-09 14:18:48.981  1240  3994 D AS.AudioService: setStreamVolume(stream=1, index=1, calling=com.samsung.rtl.androidrtlservice, device=0)
12-09 14:18:48.982  1062  6244 V APM_AudioPolicyManager: getAudioPolicyConfig: audioParam;l_fmradio_record_active
12-09 14:18:48.984  1240  3994 V AS.AudioDeviceBroker: requestedCommunicationDevice, device: null mode owner pid: 0
12-09 14:18:48.986  1240  2308 D AS.AudioService: setStreamVolume(stream=2, index=1, calling=com.samsung.rtl.androidrtlservice, device=0)
12-09 14:18:48.987  1240  2308 V AS.AudioDeviceBroker: requestedCommunicationDevice, device: null mode owner pid: 0
12-09 14:18:48.989  1240  1256 D AS.AudioService: setStreamVolume(stream=5, index=1, calling=com.samsung.rtl.androidrtlservice, device=0)
12-09 14:18:48.990  1240  1256 V AS.AudioDeviceBroker: requestedCommunicationDevice, device: null mode owner pid: 0
12-09 14:18:48.991  2175  2692 D vol.VolumeDialogControl: onVolumeChangedW stream = 1, flags = 8, lastAudibleStreamVolume = 1, changed = false, showUI = false, dualAudio = false
12-09 14:18:48.992  1240  1256 D AS.AudioService: setStreamVolume(stream=3, index=1, calling=com.samsung.rtl.androidrtlservice, device=0)
12-09 14:18:48.994  1240  1256 V AS.AudioDeviceBroker: requestedCommunicationDevice, device: null mode owner pid: 0
12-09 14:18:48.996  1240  2308 D AS.AudioService: setStreamVolume(stream=4, index=1, calling=com.samsung.rtl.androidrtlservice, device=0)
12-09 14:18:48.997  1240  2308 V AS.AudioDeviceBroker: requestedCommunicationDevice, device: null mode owner pid: 0
12-09 14:18:48.998  2175  2692 D vol.VolumeDialogControl: onVolumeChangedW stream = 2, flags = 8, lastAudibleStreamVolume = 1, changed = false, showUI = false, dualAudio = false
12-09 14:18:48.998  1240  2308 W AS.AudioService: Trying to call setStreamVolume() for a11y without CHANGE_ACCESSIBILITY_VOLUME  callingPackage=com.samsung.rtl.androidrtlservice
12-09 14:18:48.999  2175  2692 D vol.VolumeDialogControl: onVolumeChangedW stream = 5, flags = 8, lastAudibleStreamVolume = 1, changed = false, showUI = false, dualAudio = false
12-09 14:18:49.001  2175  2692 D vol.VolumeDialogControl: onVolumeChangedW stream = 3, flags = 8, lastAudibleStreamVolume = 100, changed = false, showUI = false, dualAudio = false
12-09 14:18:49.005  2175  2692 D vol.VolumeDialogControl: onVolumeChangedW stream = 4, flags = 8, lastAudibleStreamVolume = 1, changed = false, showUI = false, dualAudio = false
12-09 14:18:49.096   999  2362 I sensors-hal: handle_sns_std_sensor_event:218, phy lux: 222, raw lux : 2, brightness: 1273, mode: 0, gain: 171, add1: 38, add2: 20, ts=33951545162465
12-09 14:18:49.841   989  2997 I vendor.qti.bluetooth@1.0-ibs_handler: ProcessIbsCmd: Received IBS_WAKE_IND: 0xFD
12-09 14:18:49.841   989  2997 D vendor.qti.bluetooth@1.0-ibs_handler: SerialClockVote: vote for UART CLK ON
12-09 14:18:49.842   989  2997 D vendor.qti.bluetooth@1.0-wake_lock: Acquire wakelock is acquired 
12-09 14:18:49.842   989  2997 I vendor.qti.bluetooth@1.0-ibs_handler: ProcessIbsCmd: Writing IBS_WAKE_ACK
12-09 14:18:49.847  2141  2250 D ScanFilter: manu data matches
12-09 14:18:49.848  2141  2998 E bt_l2cap: L2CAP - rcvd ACL for unknown handle:3804 ls:0 cid:12 opcode:10 cur count:0
