--------- beginning of system
12-07 01:50:39.585  2296  2712 D ActivityManager: Received BROADCAST intent 0x5afda68 Key{broadcastIntent pkg=com.google.android.gms/com.google.android.gms.scheduler intent=act=com.google.android.gms.gcm.ACTION_CHECK_QUEUE cmp=com.google.android.gms/.gcm.nts.SchedulerInternalReceiver flags=0x2000000 u=0} requestCode=0 sent=0 from uid 1000
--------- beginning of main
12-07 01:50:39.629  5210  5210 D BoundBrokerSvc: onBind: Intent { act=com.google.android.gms.checkin.internal.scheduler.ScheduledCheckinGmsTaskService.ACTION_TASK_READY dat=chimera-action:/... cmp=com.google.android.gms/.chimera.GmsInternalBoundBrokerService }
12-07 01:50:39.629  5210  5210 D BoundBrokerSvc: Loading bound service for intent: Intent { act=com.google.android.gms.checkin.internal.scheduler.ScheduledCheckinGmsTaskService.ACTION_TASK_READY dat=chimera-action:/... cmp=com.google.android.gms/.chimera.GmsInternalBoundBrokerService }
12-07 01:50:39.635  3899 27871 I NetworkScheduler.Stats: (REDACTED) Task %s/%s started execution. cause:%s exec_start_elapsed_seconds: %s
12-07 01:50:39.636  5210 14815 I Checkin : [ScheduledCheckinGmsTaskService] onRunTask
12-07 01:50:39.640  5210 14815 I WakefulBroadcastRcvr: Processing wakeful broadcast: com.google.android.gms.checkin.CHECKIN_START_ACTION
12-07 01:50:39.643  5210 27595 I Checkin : [CheckinIntentOperation] onHandleIntent, Intent { act=com.google.android.gms.checkin.CHECKIN_START_ACTION cat=[targeted_intent_op_prefix:.checkin.CheckinIntentOperation] cmp=com.google.android.gms/.chimera.GmsIntentOperationService (has extras) }
12-07 01:50:39.647  3899 29145 I NetworkScheduler.Stats: (REDACTED) Task %s/%s finished executing. cause:%s result: %s elapsed_millis: %s uptime_millis: %s exec_start_elapsed_seconds: %s
12-07 01:50:39.648  5210  5210 D BoundBrokerSvc: onUnbind: Intent { act=com.google.android.gms.checkin.internal.scheduler.ScheduledCheckinGmsTaskService.ACTION_TASK_READY dat=chimera-action:/... cmp=com.google.android.gms/.chimera.GmsInternalBoundBrokerService }
12-07 01:50:39.650  5210 27595 I Checkin : [CheckinOperation] Checkin Operation finished with result: RESCHEDULED finish time: 7134440.
12-07 01:50:39.650  5210 27595 I Checkin : [ScheduledCheckinGmsTaskService] scheduleCheckinTask
12-07 01:50:39.654  5210 27595 I Checkin : [ExecutionManager] Checkin scheduled at 7137440 with schedule delay: 3000
12-07 01:50:40.025  1459  1459 I android.hardware.health@2.1-service-samsung: updateLrpSysfs: write: 276
12-07 01:50:40.144  1459  1483 E BatteryDump: !@new_battery_dump : 4325,-10,1500,1500,100,273,275,284,273,0,276,281,0,Not-charging,NO_CHARGING,Normal,Good,USB_CDP,2,Normal,0,0,8700,0x100000,0x1010000,0x0,0,0,0000,0000,00000000,0,0,0,0,2,4324,9985,990,0,
12-07 01:50:40.691  1090  1090 D io_stats: !@   8,0 r 190476 9021425 w 104215 4101652 d 38268 1954128 f 0 14062 iot 208804 0 th 0 0 0 pt 0 inp 0 0 7135.480
12-07 01:50:40.691  1090  1090 D io_stats: !@ Write_top(KB): f2fs_ckpt-254:5(1168) 48 .gms.persistent(3899) 28 init(1) 16
12-07 01:50:40.775  2296 11892 D SemWifiUsabilityStatsMonitor: onWifiUsabilityStats - seqNum 402, isSameBssidAndFreq true
12-07 01:50:41.304  2296 11085 I AfterimageCompensationService: AfcThread mLuminance : 109 , AfpcPeriodCount : 42 , rotation : 0 , AOD : false
12-07 01:50:41.311  1577  1724 D RenderEngine: [SEC_GC_CMN_SF_EFFECTS] drawLayersInternal,1279, Rendering layer  at index 0
12-07 01:50:41.312  1577  1724 D RenderEngine: [SEC_GC_CMN_SF_EFFECTS] drawLayersInternal,1279, Rendering layer StatusBar$_3014#90 at index 1
12-07 01:50:41.312  1577  1724 D RenderEngine: [SEC_GC_CMN_SF_EFFECTS] drawLayersInternal,1279, Rendering layer NotificationShade$_3014#87 at index 2
12-07 01:50:41.313  1577  1724 D RenderEngine: [SEC_GC_CMN_SF_EFFECTS] drawLayersInternal,1279, Rendering layer com.sec.android.app.launcher/com.samsung.app.honeyspace.edge.CocktailBarService$_3549#133 at index 3
12-07 01:50:41.324  2296 11085 D system_server: mAFPC_Read - w = 1080, h = 2316, s = 8, f = 4, s_size = 10079232, luminance = 109, count = 42, captureOrientation = 0
12-07 01:50:42.693  1463 27423 I sensors-hal: handle_sns_std_sensor_event:311, [SSC_LIGHT] P: 265(265),m:7,c:0,b:78,c0:12464,l:266,f(r):98,u(bl):100,j:194
12-07 01:50:43.757 10782 10782 I wpa_supplicant: Heartbeat 707
12-07 01:50:43.937  2296 11892 D SemWifiUsabilityStatsMonitor: onWifiUsabilityStats - seqNum 403, isSameBssidAndFreq true
12-07 01:50:44.662  2296  2712 D ActivityManager: Received BROADCAST intent 0x5afda68 Key{broadcastIntent pkg=com.google.android.gms/com.google.android.gms.scheduler intent=act=com.google.android.gms.gcm.ACTION_CHECK_QUEUE cmp=com.google.android.gms/.gcm.nts.SchedulerInternalReceiver flags=0x2000000 u=0} requestCode=0 sent=0 from uid 1000
12-07 01:50:44.720  5210  5210 D BoundBrokerSvc: onBind: Intent { act=com.google.android.gms.checkin.internal.scheduler.ScheduledCheckinGmsTaskService.ACTION_TASK_READY dat=chimera-action:/... cmp=com.google.android.gms/.chimera.GmsInternalBoundBrokerService }
12-07 01:50:44.720  5210  5210 D BoundBrokerSvc: Loading bound service for intent: Intent { act=com.google.android.gms.checkin.internal.scheduler.ScheduledCheckinGmsTaskService.ACTION_TASK_READY dat=chimera-action:/... cmp=com.google.android.gms/.chimera.GmsInternalBoundBrokerService }
12-07 01:50:44.725  3899 29029 I NetworkScheduler.Stats: (REDACTED) Task %s/%s started execution. cause:%s exec_start_elapsed_seconds: %s
12-07 01:50:44.726  5210 17862 I Checkin : [ScheduledCheckinGmsTaskService] onRunTask
12-07 01:50:44.728  5210 17862 I WakefulBroadcastRcvr: Processing wakeful broadcast: com.google.android.gms.checkin.CHECKIN_START_ACTION
12-07 01:50:44.733  5210 29285 I Checkin : [CheckinIntentOperation] onHandleIntent, Intent { act=com.google.android.gms.checkin.CHECKIN_START_ACTION cat=[targeted_intent_op_prefix:.checkin.CheckinIntentOperation] cmp=com.google.android.gms/.chimera.GmsIntentOperationService (has extras) }
12-07 01:50:44.735  5210  5210 D BoundBrokerSvc: onUnbind: Intent { act=com.google.android.gms.checkin.internal.scheduler.ScheduledCheckinGmsTaskService.ACTION_TASK_READY dat=chimera-action:/... cmp=com.google.android.gms/.chimera.GmsInternalBoundBrokerService }
12-07 01:50:44.736  3899 29145 I NetworkScheduler.Stats: (REDACTED) Task %s/%s finished executing. cause:%s result: %s elapsed_millis: %s uptime_millis: %s exec_start_elapsed_seconds: %s
12-07 01:50:44.740  5210 29285 I Checkin : [CheckinOperation] Checkin Operation finished with result: RESCHEDULED finish time: 7139530.
12-07 01:50:44.740  5210 29285 I Checkin : [ScheduledCheckinGmsTaskService] scheduleCheckinTask
12-07 01:50:44.745  5210 29285 I Checkin : [ExecutionManager] Checkin scheduled at 7142530 with schedule delay: 3000
12-07 01:50:45.256  1463 27423 I sensors-hal: handle_sns_std_sensor_event:311, [SSC_LIGHT] P: 265(265),m:7,c:0,b:78,c0:12416,l:265,f(r):98,u(bl):100,j:192
12-07 01:50:46.694  1090  1090 D io_stats: !@   8,0 r 190476 9021425 w 104231 4102728 d 38268 1954128 f 0 14064 iot 208836 0 th 0 0 0 pt 0 inp 0 0 7141.484
12-07 01:50:47.101  2296 11892 D SemWifiUsabilityStatsMonitor: onWifiUsabilityStats - seqNum 404, isSameBssidAndFreq true
12-07 01:50:47.221  1463 27473 I sensors-hal: handle_sns_client_event:185, auto_rotation_debug_2 mode,255, type,1,0 acc,-0.081,7.513,6.477, ar,0, ver,12, pedo,1,e,0,i,2
12-07 01:50:47.436  3443  3620 W bluetooth: packages/modules/Bluetooth/system/gd/hci/vendor_specific_event_manager.cc:86 on_vendor_specific_event: Unhandled vendor specific event of type 0x90
12-07 01:50:47.906  1463  1463 I sensors-hal: set_config:61, sample_period_ns is adjusted to 200000000 based on min/max delay_ns
12-07 01:50:47.906  1463  1463 I sensors-hal: batch:512, com.samsung.sensor.light_cct/1511, period=200000000, max_latency=0 request completed
12-07 01:50:47.907  1463  1463 I sensors-hal: activate:428, com.samsung.sensor.light_cct/1511 en=1
12-07 01:50:47.908  1463  1463 I sensors-hal: get_qmi_debug_flag:239, support_qmi_debug : false
12-07 01:50:47.912  1438  1617 E minksocket: MinkIPC_QRTR_Service: client with node 1 port 45ea went down
12-07 01:50:47.915  1438  1617 E minksocket: MinkIPC_QRTR_Service: client with node 1 port 45eb went down
12-07 01:50:47.918  1438  1617 E minksocket: MinkIPC_QRTR_Service: client with node 1 port 45ec went down
12-07 01:50:47.920  1463  1463 I sensors-hal: send_sync_sensor_request:450, send sync request
12-07 01:50:47.920  1463  1463 I sensors-hal: send_sync_sensor_request:476, wait for notification of response
12-07 01:50:47.921  1438  1617 E minksocket: MinkIPC_QRTR_Service: client with node 1 port 45ed went down
12-07 01:50:47.923  1463 29289 I sensors-hal: ssc_conn_resp_cb:835, resp_value = 0
12-07 01:50:47.923  1463  1463 I sensors-hal: send_sync_sensor_request:482, takes 2 ms to receive the response with 0
12-07 01:50:47.923  1463  1463 I sensors-hal: activate:446, com.samsung.sensor.light_cct/1511 en=1 completed
12-07 01:50:47.924  2296  2837 D SensorManager: registerListener :: 1511, STK33915 Light CCT  Non-wakeup, 200000, 0, com.samsung.android.displaysolution.EyeComfortSolutionService$2@7865ecc
12-07 01:50:47.974  1463 29289 I sensors-hal: handle_indication_realtime:467,  SCHED_FIFO(10) for qmi_cbk
12-07 01:50:47.975  1463 29289 I sensors-hal: handle_sns_std_sensor_event:89, light_cct: ts = 7142757093889 ns; value = [266, 266, 4, 3, 192, 78, 2, 2, 777, -1]
12-07 01:50:47.976  1463  1463 I sensors-hal: activate:428, com.samsung.sensor.light_cct/1511 en=0
12-07 01:50:47.978  1463  1463 I sensors-hal: deactivate:382, disconnect qmi to disable sensor
12-07 01:50:47.978  1463  1463 I sensors-hal: activate:446, com.samsung.sensor.light_cct/1511 en=0 completed
12-07 01:50:47.978  2296  2837 D SensorManager: unregisterListener :: com.samsung.android.displaysolution.EyeComfortSolutionService$2@7865ecc
12-07 01:50:47.979  1438  1617 E minksocket: MinkIPC_QRTR_Service: client with node 1 port 45ee went down
12-07 01:50:48.293  1463 27423 I sensors-hal: handle_sns_std_sensor_event:311, [SSC_LIGHT] P: 265(265),m:7,c:0,b:78,c0:12416,l:265,f(r):98,u(bl):100,j:192
12-07 01:50:48.696  1090  1090 D io_stats: !@   8,0 r 190476 9021425 w 104255 4102868 d 38287 1954336 f 0 14068 iot 208852 0 th 0 0 0 pt 0 inp 0 0 7143.485
12-07 01:50:48.696  1090  1090 D io_stats: !@ Write_top(KB): kworker/u16:3(27498) 1032 f2fs_ckpt-254:5(1168) 48 .gms.persistent(3899) 28
12-07 01:50:49.757  2296  2712 D ActivityManager: Received BROADCAST intent 0x5afda68 Key{broadcastIntent pkg=com.google.android.gms/com.google.android.gms.scheduler intent=act=com.google.android.gms.gcm.ACTION_CHECK_QUEUE cmp=com.google.android.gms/.gcm.nts.SchedulerInternalReceiver flags=0x2000000 u=0} requestCode=0 sent=0 from uid 1000
12-07 01:50:49.819  5210  5210 D BoundBrokerSvc: onBind: Intent { act=com.google.android.gms.checkin.internal.scheduler.ScheduledCheckinGmsTaskService.ACTION_TASK_READY dat=chimera-action:/... cmp=com.google.android.gms/.chimera.GmsInternalBoundBrokerService }
12-07 01:50:49.820  5210  5210 D BoundBrokerSvc: Loading bound service for intent: Intent { act=com.google.android.gms.checkin.internal.scheduler.ScheduledCheckinGmsTaskService.ACTION_TASK_READY dat=chimera-action:/... cmp=com.google.android.gms/.chimera.GmsInternalBoundBrokerService }
12-07 01:50:49.825  3899 27871 I NetworkScheduler.Stats: (REDACTED) Task %s/%s started execution. cause:%s exec_start_elapsed_seconds: %s
12-07 01:50:49.826  5210 14815 I Checkin : [ScheduledCheckinGmsTaskService] onRunTask
12-07 01:50:49.828  5210 14815 I WakefulBroadcastRcvr: Processing wakeful broadcast: com.google.android.gms.checkin.CHECKIN_START_ACTION
12-07 01:50:49.832  5210 29285 I Checkin : [CheckinIntentOperation] onHandleIntent, Intent { act=com.google.android.gms.checkin.CHECKIN_START_ACTION cat=[targeted_intent_op_prefix:.checkin.CheckinIntentOperation] cmp=com.google.android.gms/.chimera.GmsIntentOperationService (has extras) }
12-07 01:50:49.835  5210  5210 D BoundBrokerSvc: onUnbind: Intent { act=com.google.android.gms.checkin.internal.scheduler.ScheduledCheckinGmsTaskService.ACTION_TASK_READY dat=chimera-action:/... cmp=com.google.android.gms/.chimera.GmsInternalBoundBrokerService }
12-07 01:50:49.836  3899 29145 I NetworkScheduler.Stats: (REDACTED) Task %s/%s finished executing. cause:%s result: %s elapsed_millis: %s uptime_millis: %s exec_start_elapsed_seconds: %s
12-07 01:50:49.840  5210 29285 I Checkin : [CheckinOperation] Checkin Operation finished with result: RESCHEDULED finish time: 7144630.
12-07 01:50:49.840  5210 29285 I Checkin : [ScheduledCheckinGmsTaskService] scheduleCheckinTask
12-07 01:50:49.844  5210 29285 I Checkin : [ExecutionManager] Checkin scheduled at 7147630 with schedule delay: 3000
12-07 01:50:50.192  1459  1459 I android.hardware.health@2.1-service-samsung: updateLrpSysfs: write: 276
12-07 01:50:50.221  2296 11892 D SemWifiUsabilityStatsMonitor: onWifiUsabilityStats - seqNum 405, isSameBssidAndFreq true
12-07 01:50:50.312  1459  1483 E BatteryDump: !@new_battery_dump : 4325,12,1500,1500,100,273,275,284,273,0,276,281,0,Not-charging,NO_CHARGING,Normal,Good,USB_CDP,2,Normal,0,0,8700,0x100000,0x1010000,0x0,0,0,0000,0000,00000000,0,0,0,0,2,4324,9985,990,0,
12-07 01:50:50.445  2296  2822 D ConnectivityService: reportNetworkActive, notify 0 listeners
12-07 01:50:50.697  1090  1090 D io_stats: !@   8,0 r 190476 9021425 w 104271 4102924 d 38287 1954336 f 0 14070 iot 208876 0 th 0 0 0 pt 0 inp 0 0 7145.487
12-07 01:50:51.335  1463 27423 I sensors-hal: handle_sns_std_sensor_event:311, [SSC_LIGHT] P: 265(265),m:7,c:0,b:78,c0:12416,l:265,f(r):98,u(bl):100,j:193
12-07 01:50:51.338  2296 29297 D TrafficStats: tagSocket(1049) with statsTag=0xffffffff, statsUid=-1
12-07 01:50:52.229  2296  2933 D WifiConnectivityMonitor.NetworkStatsAnalyzer: 0 1 0 60 0 60
12-07 01:50:52.698  1090  1090 D io_stats: !@ Write_top(KB): .gms.persistent(3899) 28 android.hardwar(1459) 8 gle.android.gms(5210) 8
12-07 01:50:53.332  2296 11892 D SemWifiUsabilityStatsMonitor: onWifiUsabilityStats - seqNum 406, isSameBssidAndFreq true
12-07 01:50:53.336  2296  2933 D WifiConnectivityMonitor.NetworkStatsAnalyzer: 0 0 0 0 0 0
12-07 01:50:53.345  3014  3014 D StatusBarIconController: ignoring old pipeline callback because the new wifi icon is enabled
12-07 01:50:53.347  3014  3263 D Tile.WifiTile: handleUpdateState isTransient=false transientEnabling =false cb.isTransient=false state.state = 2 mStateBeforeClick.value =false enabled =true
12-07 01:50:53.375  1577  1797 I VSyncReactor: Current= 24, Period= 24, Distance= 0
12-07 01:50:53.396  1577  1577 I SurfaceFlinger: SFWD update time=7148186350084
12-07 01:50:53.416  1577  1797 I VSyncReactor: Current= 24, Period= 24, Distance= 24
12-07 01:50:53.770 10782 10782 I wpa_supplicant: Heartbeat 708
12-07 01:50:53.771  2296 29297 D WifiConnectivityMonitor.DnsThread:  [|2435]
12-07 01:50:53.773  2296  2933 D WifiConnectivityMonitor.NetworkStatsAnalyzer: DNS resultType : 0, responseTime : 2435
12-07 01:50:53.775  2296  2931 D OpenNetworkQos[4.00]: updateBssidLatestDnsResultType - result: 0
12-07 01:50:53.775  2296  2931 D OpenNetworkQos[4.00]: updateBssidNoInternet: mBssidNoInternet = false
12-07 01:50:53.775  2296  2931 D OpenNetworkQos[4.00]: getOpenNetworkQosNoInternetStatus: false
12-07 01:50:53.775  2296  2931 D OpenNetworkQos[4.00]: getOpenNetworkQosScores: 16 0 0 
12-07 01:50:53.775  2296  2931 D KNOX_MDM_SettingsProvider: isChangeAllowed() : name = wifi_wcm_qos_sharing_score_summary
12-07 01:50:53.776  2296  2931 I WifiProfileShare: network QoS data was changed (internet), updateQoSData networkType: true, qosData: false
12-07 01:50:53.777  2296  4419 V WifiProfileShare.Caster: checkAndGetShareData - device locked
12-07 01:50:54.853  2296  2712 D ActivityManager: Received BROADCAST intent 0x5afda68 Key{broadcastIntent pkg=com.google.android.gms/com.google.android.gms.scheduler intent=act=com.google.android.gms.gcm.ACTION_CHECK_QUEUE cmp=com.google.android.gms/.gcm.nts.SchedulerInternalReceiver flags=0x2000000 u=0} requestCode=0 sent=0 from uid 1000
12-07 01:50:54.906  5210  5210 D BoundBrokerSvc: onBind: Intent { act=com.google.android.gms.checkin.internal.scheduler.ScheduledCheckinGmsTaskService.ACTION_TASK_READY dat=chimera-action:/... cmp=com.google.android.gms/.chimera.GmsInternalBoundBrokerService }
12-07 01:50:54.906  5210  5210 D BoundBrokerSvc: Loading bound service for intent: Intent { act=com.google.android.gms.checkin.internal.scheduler.ScheduledCheckinGmsTaskService.ACTION_TASK_READY dat=chimera-action:/... cmp=com.google.android.gms/.chimera.GmsInternalBoundBrokerService }
12-07 01:50:54.913  3899 29029 I NetworkScheduler.Stats: (REDACTED) Task %s/%s started execution. cause:%s exec_start_elapsed_seconds: %s
12-07 01:50:54.914  5210 17862 I Checkin : [ScheduledCheckinGmsTaskService] onRunTask
12-07 01:50:54.919  5210 17862 I WakefulBroadcastRcvr: Processing wakeful broadcast: com.google.android.gms.checkin.CHECKIN_START_ACTION
12-07 01:50:54.924  5210 29285 I Checkin : [CheckinIntentOperation] onHandleIntent, Intent { act=com.google.android.gms.checkin.CHECKIN_START_ACTION cat=[targeted_intent_op_prefix:.checkin.CheckinIntentOperation] cmp=com.google.android.gms/.chimera.GmsIntentOperationService (has extras) }
12-07 01:50:54.928  3899 29145 I NetworkScheduler.Stats: (REDACTED) Task %s/%s finished executing. cause:%s result: %s elapsed_millis: %s uptime_millis: %s exec_start_elapsed_seconds: %s
12-07 01:50:54.929  5210 29285 I Checkin : [CheckinOperation] Checkin Operation finished with result: RESCHEDULED finish time: 7149719.
12-07 01:50:54.930  5210 29285 I Checkin : [ScheduledCheckinGmsTaskService] scheduleCheckinTask
12-07 01:50:54.930  5210  5210 D BoundBrokerSvc: onUnbind: Intent { act=com.google.android.gms.checkin.internal.scheduler.ScheduledCheckinGmsTaskService.ACTION_TASK_READY dat=chimera-action:/... cmp=com.google.android.gms/.chimera.GmsInternalBoundBrokerService }
12-07 01:50:54.940  5210 29285 I Checkin : [ExecutionManager] Checkin scheduled at 7152719 with schedule delay: 3000
12-07 01:50:55.812  1463 27423 I sensors-hal: handle_sns_std_sensor_event:311, [SSC_LIGHT] P: 265(265),m:7,c:0,b:78,c0:12416,l:265,f(r):98,u(bl):100,j:194
12-07 01:50:56.439  2296 11892 D SemWifiUsabilityStatsMonitor: onWifiUsabilityStats - seqNum 407, isSameBssidAndFreq true
12-07 01:50:56.452  3014  3014 D StatusBarIconController: ignoring old pipeline callback because the new wifi icon is enabled
12-07 01:50:56.454  3014  3263 D Tile.WifiTile: handleUpdateState isTransient=false transientEnabling =false cb.isTransient=false state.state = 2 mStateBeforeClick.value =false enabled =true
12-07 01:50:56.459  1577  1797 I VSyncReactor: Current= 24, Period= 24, Distance= 0
12-07 01:50:56.500  1577  1797 I VSyncReactor: Current= 24, Period= 24, Distance= 24
12-07 01:50:56.700  1090  1090 D io_stats: !@   8,0 r 190476 9021425 w 104289 4103624 d 38287 1954336 f 0 14072 iot 208908 0 th 0 0 0 pt 0 inp 0 0 7151.489
12-07 01:50:56.700  1090  1090 D io_stats: !@ Write_top(KB): kworker/u16:3(27498) 656 .gms.persistent(3899) 24 gle.android.gms(5210) 12
12-07 01:50:56.750  2296  2330 I system_server: Background concurrent mark compact GC freed 469272(23MB) AllocSpace objects, 23(460KB) LOS objects, 28% free, 59MB/83MB, paused 888us,1.577ms total 187.302ms
12-07 01:50:56.756  2296  2332 W System  : A resource failed to call close. 
12-07 01:50:56.757  2296  2332 W System  : A resource failed to call CursorWindow.close. 
12-07 01:50:56.759  2296  2332 W System  : A resource failed to call close. 
12-07 01:50:56.837  1463 27473 I sensors-hal: handle_sns_client_event:185, auto_rotation_debug_2 mode,255, type,1,0 acc,-0.050,7.516,6.468, ar,0, ver,12, pedo,1,e,0,i,2
12-07 01:50:57.813  2296  2488 I PowerManagerService: [PWL] On : 5872600 (1280003 ms ago)
12-07 01:50:57.813  2296  2488 I PowerManagerService: [PWL]  mStayOn: true  mWakeLockSummary & WAKE_LOCK_STAY_AWAKE: 0  mUserActivitySummary: 0x4
12-07 01:50:57.823  1929  2292 D SemNativeCarrierFeature_vendor: getInstance
12-07 01:50:57.858  1929  2292 D SemNativeCarrierFeature_vendor: getInstance
12-07 01:50:57.864  2988  3067 I System.out: Broadcasting: Intent { act=com.sec.intent.action.CP_CHAN_INFO flg=0x1000000 (has extras) }
12-07 01:50:57.877  2988  5836 I System.out: Broadcast completed: result=0
12-07 01:50:57.886  1929  2317 D SemNativeCarrierFeature_vendor: getInstance
12-07 01:50:57.886  3162  3230 I EPDG -- SIM0 IwlanNetworkService: requestNetworkRegistrationInfo for domain 2
12-07 01:50:57.889  3162  3403 I EPDG -- SIM0 IwlanNetworkService: Calling onRequestNetworkRegistrationInfoComplete.resultCode = 0, netState = NetworkRegistrationInfo{ domain=PS transportType=WLAN registrationState=UNKNOWN networkRegistrationState=UNKNOWN roamingType=NOT_ROAMING accessNetworkTechnology=IWLAN rejectCause=0 emergencyEnabled=false availableServices=[] cellIdentity=null voiceSpecificInfo=null dataSpecificInfo=null nrState=**** rRplmn= isUsingCarrierAggregation=false isNonTerrestrialNetwork=TERRESTRIAL}
12-07 01:50:57.893  1929  2317 D SemNativeCarrierFeature_vendor: getInstance
12-07 01:50:57.900  3162  3230 I EPDG -- SIM0 IwlanNetworkService: requestNetworkRegistrationInfo for domain 2
12-07 01:50:57.903  3162  3403 I EPDG -- SIM0 IwlanNetworkService: Calling onRequestNetworkRegistrationInfoComplete.resultCode = 0, netState = NetworkRegistrationInfo{ domain=PS transportType=WLAN registrationState=UNKNOWN networkRegistrationState=UNKNOWN roamingType=NOT_ROAMING accessNetworkTechnology=IWLAN rejectCause=0 emergencyEnabled=false availableServices=[] cellIdentity=null voiceSpecificInfo=null dataSpecificInfo=null nrState=**** rRplmn= isUsingCarrierAggregation=false isNonTerrestrialNetwork=TERRESTRIAL}
12-07 01:50:57.904  1929  2317 D SemNativeCarrierFeature_vendor: getInstance
12-07 01:50:57.913  1929  2317 D SemNativeCarrierFeature_vendor: getInstance
12-07 01:50:57.916  1929  2317 D SemNativeCarrierFeature_vendor: getInstance
12-07 01:50:57.923  1929  2317 D SemNativeCarrierFeature_vendor: getInstance
12-07 01:50:57.957  2296  3248 W ContextImpl: Calling a method in the system process without a qualified user: android.app.ContextImpl.sendBroadcastMultiplePermissions:1331 android.content.Context.sendBroadcastMultiplePermissions:2480 com.android.server.TelephonyRegistry.broadcastServiceStateChanged:3706 com.android.server.TelephonyRegistry.notifyServiceStateForPhoneId:1767 com.android.internal.telephony.ITelephonyRegistry$Stub.onTransact:549 
12-07 01:50:57.963  2296  3248 W ContextImpl: Calling a method in the system process without a qualified user: android.app.ContextImpl.sendBroadcastMultiplePermissions:1364 com.android.server.TelephonyRegistry.broadcastServiceStateChanged:3711 com.android.server.TelephonyRegistry.notifyServiceStateForPhoneId:1767 com.android.internal.telephony.ITelephonyRegistry$Stub.onTransact:549 android.os.Binder.execTransactInternal:1380 
12-07 01:50:57.964  2296  2296 D SemWifiService: received: android.intent.action.SERVICE_STATE
12-07 01:50:57.968  2296  3248 W ContextImpl: Calling a method in the system process without a qualified user: android.app.ContextImpl.sendBroadcastMultiplePermissions:1364 com.android.server.TelephonyRegistry.broadcastServiceStateChanged:3720 com.android.server.TelephonyRegistry.notifyServiceStateForPhoneId:1767 com.android.internal.telephony.ITelephonyRegistry$Stub.onTransact:549 android.os.Binder.execTransactInternal:1380 
12-07 01:50:57.968  2296  2894 W SemWifiBackOff.Fcc: service state is SERVICE_STATE_UNKNOWN telephony country iso: kr
12-07 01:50:57.969  2296  2894 V SemWifiBackOff.5G: restore back off mode, current: [NONE]
12-07 01:50:57.973  2296  3248 W ContextImpl: Calling a method in the system process without a qualified user: android.app.ContextImpl.sendBroadcastMultiplePermissions:1364 com.android.server.TelephonyRegistry.broadcastServiceStateChanged:3726 com.android.server.TelephonyRegistry.notifyServiceStateForPhoneId:1767 com.android.internal.telephony.ITelephonyRegistry$Stub.onTransact:549 android.os.Binder.execTransactInternal:1380 
12-07 01:50:57.976  3014  3014 D DummyMobileConnectionRepository: Receive service state broadcast slot=0
12-07 01:50:57.977  2988  2988 D ServiceStateProvider: subId=-1
12-07 01:50:57.977  3014  3014 W KeyguardUpdateMonitorLog: invalid subId in handleServiceStateChange()
12-07 01:50:57.987  1463  1463 I sensors-hal: set_config:61, sample_period_ns is adjusted to 200000000 based on min/max delay_ns
12-07 01:50:57.987  1463  1463 I sensors-hal: batch:512, com.samsung.sensor.light_cct/1511, period=200000000, max_latency=0 request completed
12-07 01:50:57.987  1463  1463 I sensors-hal: activate:428, com.samsung.sensor.light_cct/1511 en=1
12-07 01:50:57.988  1463  1463 I sensors-hal: get_qmi_debug_flag:239, support_qmi_debug : false
12-07 01:50:57.990  1438  1617 E minksocket: MinkIPC_QRTR_Service: client with node 1 port 45ef went down
12-07 01:50:57.992  1438  1617 E minksocket: MinkIPC_QRTR_Service: client with node 1 port 45f0 went down
12-07 01:50:57.993  1438  1617 E minksocket: MinkIPC_QRTR_Service: client with node 1 port 45f1 went down
12-07 01:50:57.994  1463  1463 I sensors-hal: send_sync_sensor_request:450, send sync request
12-07 01:50:57.994  1463  1463 I sensors-hal: send_sync_sensor_request:476, wait for notification of response
12-07 01:50:57.995  1438  1617 E minksocket: MinkIPC_QRTR_Service: client with node 1 port 45f2 went down
12-07 01:50:57.997  1463 29302 I sensors-hal: ssc_conn_resp_cb:835, resp_value = 0
12-07 01:50:57.997  1463  1463 I sensors-hal: send_sync_sensor_request:482, takes 2 ms to receive the response with 0
12-07 01:50:57.997  1463  1463 I sensors-hal: activate:446, com.samsung.sensor.light_cct/1511 en=1 completed
12-07 01:50:57.997  2296  2837 D SensorManager: registerListener :: 1511, STK33915 Light CCT  Non-wakeup, 200000, 0, com.samsung.android.displaysolution.EyeComfortSolutionService$2@7865ecc
12-07 01:50:58.056  1463 29302 I sensors-hal: handle_indication_realtime:467,  SCHED_FIFO(10) for qmi_cbk
12-07 01:50:58.057  1463 29302 I sensors-hal: handle_sns_std_sensor_event:89, light_cct: ts = 7152837103160 ns; value = [265, 265, 4, 3, 190, 78, 2, 2, 776, -1]
12-07 01:50:58.058  1463  1463 I sensors-hal: activate:428, com.samsung.sensor.light_cct/1511 en=0
12-07 01:50:58.060  1438  1617 E minksocket: MinkIPC_QRTR_Service: client with node 1 port 45f3 went down
12-07 01:50:58.061  1463  1463 I sensors-hal: deactivate:382, disconnect qmi to disable sensor
12-07 01:50:58.061  1463  1463 I sensors-hal: activate:446, com.samsung.sensor.light_cct/1511 en=0 completed
12-07 01:50:58.062  2296  2837 D SensorManager: unregisterListener :: com.samsung.android.displaysolution.EyeComfortSolutionService$2@7865ecc
12-07 01:50:58.373  1463 27423 I sensors-hal: handle_sns_std_sensor_event:311, [SSC_LIGHT] P: 266(266),m:7,c:0,b:78,c0:12448,l:266,f(r):98,u(bl):100,j:193
12-07 01:50:58.701  1090  1090 D io_stats: !@   8,0 r 190476 9021425 w 104317 4103768 d 38299 1954540 f 0 14076 iot 208924 0 th 0 0 0 pt 0 inp 0 0 7153.491
12-07 01:50:59.209  2296  2440 E Watchdog: !@Sync: 239 heap: 60 / 83 FD: 1046 [2024-12-07 01:50:59.208]
12-07 01:50:59.550  2296 11892 D SemWifiUsabilityStatsMonitor: onWifiUsabilityStats - seqNum 408, isSameBssidAndFreq true
12-07 01:50:59.559  3014  3014 D StatusBarIconController: ignoring old pipeline callback because the new wifi icon is enabled
12-07 01:50:59.560  3014  3263 D Tile.WifiTile: handleUpdateState isTransient=false transientEnabling =false cb.isTransient=false state.state = 2 mStateBeforeClick.value =false enabled =true
12-07 01:50:59.585  1577  1797 I VSyncReactor: Current= 24, Period= 24, Distance= 0
12-07 01:50:59.627  1577  1797 I VSyncReactor: Current= 24, Period= 24, Distance= 24
12-07 01:50:59.950  2296  2712 D ActivityManager: Received BROADCAST intent 0x5afda68 Key{broadcastIntent pkg=com.google.android.gms/com.google.android.gms.scheduler intent=act=com.google.android.gms.gcm.ACTION_CHECK_QUEUE cmp=com.google.android.gms/.gcm.nts.SchedulerInternalReceiver flags=0x2000000 u=0} requestCode=0 sent=0 from uid 1000
12-07 01:51:00.009  5210  5210 D BoundBrokerSvc: onBind: Intent { act=com.google.android.gms.checkin.internal.scheduler.ScheduledCheckinGmsTaskService.ACTION_TASK_READY dat=chimera-action:/... cmp=com.google.android.gms/.chimera.GmsInternalBoundBrokerService }
12-07 01:51:00.009  5210  5210 D BoundBrokerSvc: Loading bound service for intent: Intent { act=com.google.android.gms.checkin.internal.scheduler.ScheduledCheckinGmsTaskService.ACTION_TASK_READY dat=chimera-action:/... cmp=com.google.android.gms/.chimera.GmsInternalBoundBrokerService }
12-07 01:51:00.010  3014  3014 D FaceWidgetPagesController: onTimeChanged()
12-07 01:51:00.010  2296  2296 I EyeComfortSolutionService: action  :  android.intent.action.TIME_TICK
12-07 01:51:00.010  3014  3014 D FaceWidgetPagesController: refreshViews() reason = ON_TIME_TICK, force = false
12-07 01:51:00.012  3014  3760 D QSClockBellTower: onReceive(android.intent.action.TIME_TICK) mTimeZoneString:Asia/Seoul
12-07 01:51:00.014  3014  3760 I DateTimeView: updateAll - getTimeFormat
12-07 01:51:00.016  3014  3014 I DigitalHorizontalClockView_LOCK_SCREEN_2@729: updatePaletteItemTransition : paletteItem = SOLID color : FF1CEDE0, animation = false, dozeAmount = 0.0
12-07 01:51:00.017  3014  3014 I DigitalHorizontalClockView_LOCK_SCREEN_2@729: scaleDateView: viewWidth=288.0, maxWidth=944, mSubLauncherScale=1.0
12-07 01:51:00.017  3014  3014 I DigitalHorizontalClockView_LOCK_SCREEN_2@729: scaleTimeView: measureWidth=357.0, maxWidth=944, mSubLauncherScale=1.0
12-07 01:51:00.018  3014  3014 D QSClockBellTower: He is ready to ring the bell. (((QSClockBellSound - TimeText:1:51, TimeContentDescription:오전 1:51, DateText:12월 7일 토요일, ShortDateText:12월 7일 (토), Demo:false, QuickStar-Second(false|12:34:56), QuickStar-DateText:12월 7일 (토))))
12-07 01:51:00.018  5210 14815 I Checkin : [ScheduledCheckinGmsTaskService] onRunTask
12-07 01:51:00.018  3899 27871 I NetworkScheduler.Stats: (REDACTED) Task %s/%s started execution. cause:%s exec_start_elapsed_seconds: %s
12-07 01:51:00.018  3014  3014 D QSClock : StatusBar clock=1:51 notifyTimeChanged(QSClockBellSound - TimeText:1:51, TimeContentDescription:오전 1:51, DateText:12월 7일 토요일, ShortDateText:12월 7일 (토), Demo:false, QuickStar-Second(false|12:34:56), QuickStar-DateText:12월 7일 (토)) clockVisibleByPolicy=true, clockVisibleByUser=true, visible=false, parent=android.widget.LinearLayout{8b50d6b V.E...... ........ 0,0-0,56 #7f0a05a9 app:id/left_clock_container}
12-07 01:51:00.019  3014  3014 D QSClockBellTower: Everyone heard the bell. run(currentTime:1733503860017, getTime():Sat Dec 07 01:51:00 GMT+09:00 2024, getTimeZone():libcore.util.ZoneInfo[mDstSavings=0,mUseDst=false,mDelegate=[id="Asia/Seoul",mRawOffset=32400000,mEarliestRawOffset=30472000,transitions=29]])
12-07 01:51:00.021  5210 14815 I WakefulBroadcastRcvr: Processing wakeful broadcast: com.google.android.gms.checkin.CHECKIN_START_ACTION
12-07 01:51:00.025  5210 29285 I Checkin : [CheckinIntentOperation] onHandleIntent, Intent { act=com.google.android.gms.checkin.CHECKIN_START_ACTION cat=[targeted_intent_op_prefix:.checkin.CheckinIntentOperation] cmp=com.google.android.gms/.chimera.GmsIntentOperationService (has extras) }
12-07 01:51:00.028  3899 29145 I NetworkScheduler.Stats: (REDACTED) Task %s/%s finished executing. cause:%s result: %s elapsed_millis: %s uptime_millis: %s exec_start_elapsed_seconds: %s
12-07 01:51:00.029  5210  5210 D BoundBrokerSvc: onUnbind: Intent { act=com.google.android.gms.checkin.internal.scheduler.ScheduledCheckinGmsTaskService.ACTION_TASK_READY dat=chimera-action:/... cmp=com.google.android.gms/.chimera.GmsInternalBoundBrokerService }
12-07 01:51:00.034  5210 29285 I Checkin : [CheckinOperation] Checkin Operation finished with result: RESCHEDULED finish time: 7154824.
12-07 01:51:00.035  5210 29285 I Checkin : [ScheduledCheckinGmsTaskService] scheduleCheckinTask
12-07 01:51:00.039  5210 29285 I Checkin : [ExecutionManager] Checkin scheduled at 7157824 with schedule delay: 3000
12-07 01:51:00.050  3014  3014 I FaceWidgetClockPage: onLayoutChanged: [281, 0, 663, 290] ->[293, 0, 650, 290] 
12-07 01:51:00.050  3014  3014 D QsExpandAnimator: mIsDateButtonOverlapped = false >> false, (402.0 + 375) = 777.0 : 984
12-07 01:51:00.056  3014  3014 W View    : requestLayout() improperly called by android.widget.FrameLayout{2194cc1 V.E...... ......ID 0,137-1080,2181 #7f0a0866 app:id/qs_frame} during layout: running second layout pass
12-07 01:51:00.060  3014  3014 I BackgroundBlurDrawable: draw: BackgroundBlurDrawable@193329614 bounds=Rect(0, 0 - 1080, 2316), drawRenderNode w=1080 h=2316
12-07 01:51:00.063  3014  3014 I FaceWidgetViewModel: isEditModeAnimating: false
12-07 01:51:00.063  3014  3014 I FaceWidgetClockPage: updateClockRect: RectF(361.0, 393.0, 718.0, 683.0)
12-07 01:51:00.063  3014  3014 I FaceWidgetClockRectManager: needRefreshClockRect ret=false, maxDiffRatio=0.012037039, max=13.000002 [RectF(0.3092014, 0.16968912, 0.6898727, 0.294905)] vs [RectF(0.32123843, 0.16968912, 0.67783564, 0.294905)]
12-07 01:51:00.487  1459  1459 I android.hardware.health@2.1-service-samsung: updateLrpSysfs: write: 276
12-07 01:51:00.601  1459  1483 E BatteryDump: !@new_battery_dump : 4324,-17,1500,1500,100,273,275,286,273,0,276,282,0,Not-charging,NO_CHARGING,Normal,Good,USB_CDP,2,Normal,0,0,8700,0x100000,0x1010000,0x0,0,0,0000,0000,00000000,0,0,0,0,2,4324,9985,990,0,
12-07 01:51:00.702  1090  1090 D io_stats: !@   8,0 r 190476 9021425 w 104333 4103824 d 38299 1954540 f 0 14078 iot 208948 0 th 0 0 0 pt 0 inp 0 0 7155.491
12-07 01:51:00.702  1090  1090 D io_stats: !@ Write_top(KB): f2fs_ckpt-254:5(1168) 48 .gms.persistent(3899) 28 init(1) 16
12-07 01:51:01.253  1463 27423 I sensors-hal: handle_sns_std_sensor_event:311, [SSC_LIGHT] P: 266(266),m:7,c:0,b:78,c0:12432,l:266,f(r):98,u(bl):100,j:190
12-07 01:51:02.659  2296 11892 D SemWifiUsabilityStatsMonitor: onWifiUsabilityStats - seqNum 409, isSameBssidAndFreq true
12-07 01:51:02.674  3014  3014 D StatusBarIconController: ignoring old pipeline callback because the new wifi icon is enabled
12-07 01:51:02.675  3014  3263 D Tile.WifiTile: handleUpdateState isTransient=false transientEnabling =false cb.isTransient=false state.state = 2 mStateBeforeClick.value =false enabled =true
12-07 01:51:02.714  1577  1797 I VSyncReactor: Current= 24, Period= 24, Distance= 0
12-07 01:51:02.756  1577  1797 I VSyncReactor: Current= 24, Period= 24, Distance= 24
12-07 01:51:03.776 10782 10782 I wpa_supplicant: Heartbeat 709
12-07 01:51:04.296  1463 27423 I sensors-hal: handle_sns_std_sensor_event:311, [SSC_LIGHT] P: 265(265),m:7,c:0,b:78,c0:12416,l:265,f(r):98,u(bl):100,j:194
12-07 01:51:04.797  2296  2865 D UsbStatsMonitor: 0 0 0 0 0 0 0 0 0 0 0 0 0 0 0 0 0 0 0 0 0 0 0 0 0 0 0 0 0 0 0 0 0 0 0 0 0 0 0 0 0 0 0 0 0 0 0 0 0 0 0 0 0 0 70841190580250
12-07 01:51:05.045  2296  2712 D ActivityManager: Received BROADCAST intent 0x5afda68 Key{broadcastIntent pkg=com.google.android.gms/com.google.android.gms.scheduler intent=act=com.google.android.gms.gcm.ACTION_CHECK_QUEUE cmp=com.google.android.gms/.gcm.nts.SchedulerInternalReceiver flags=0x2000000 u=0} requestCode=0 sent=0 from uid 1000
12-07 01:51:05.085  5210  5210 D BoundBrokerSvc: onBind: Intent { act=com.google.android.gms.checkin.internal.scheduler.ScheduledCheckinGmsTaskService.ACTION_TASK_READY dat=chimera-action:/... cmp=com.google.android.gms/.chimera.GmsInternalBoundBrokerService }
12-07 01:51:05.085  5210  5210 D BoundBrokerSvc: Loading bound service for intent: Intent { act=com.google.android.gms.checkin.internal.scheduler.ScheduledCheckinGmsTaskService.ACTION_TASK_READY dat=chimera-action:/... cmp=com.google.android.gms/.chimera.GmsInternalBoundBrokerService }
12-07 01:51:05.095  3899 27871 I NetworkScheduler.Stats: (REDACTED) Task %s/%s started execution. cause:%s exec_start_elapsed_seconds: %s
12-07 01:51:05.096  5210 17862 I Checkin : [ScheduledCheckinGmsTaskService] onRunTask
12-07 01:51:05.101  5210 17862 I WakefulBroadcastRcvr: Processing wakeful broadcast: com.google.android.gms.checkin.CHECKIN_START_ACTION
12-07 01:51:05.106  5210 29285 I Checkin : [CheckinIntentOperation] onHandleIntent, Intent { act=com.google.android.gms.checkin.CHECKIN_START_ACTION cat=[targeted_intent_op_prefix:.checkin.CheckinIntentOperation] cmp=com.google.android.gms/.chimera.GmsIntentOperationService (has extras) }
12-07 01:51:05.110  5210  5210 D BoundBrokerSvc: onUnbind: Intent { act=com.google.android.gms.checkin.internal.scheduler.ScheduledCheckinGmsTaskService.ACTION_TASK_READY dat=chimera-action:/... cmp=com.google.android.gms/.chimera.GmsInternalBoundBrokerService }
12-07 01:51:05.111  3899 29029 I NetworkScheduler.Stats: (REDACTED) Task %s/%s finished executing. cause:%s result: %s elapsed_millis: %s uptime_millis: %s exec_start_elapsed_seconds: %s
12-07 01:51:05.114  5210 29285 I Checkin : [CheckinOperation] Checkin Operation finished with result: RESCHEDULED finish time: 7159904.
12-07 01:51:05.115  5210 29285 I Checkin : [ScheduledCheckinGmsTaskService] scheduleCheckinTask
12-07 01:51:05.120  5210 29285 I Checkin : [ExecutionManager] Checkin scheduled at 7162904 with schedule delay: 3000
12-07 01:51:05.773  2296 11892 D SemWifiUsabilityStatsMonitor: onWifiUsabilityStats - seqNum 410, isSameBssidAndFreq true
12-07 01:51:06.453  1463 27473 I sensors-hal: handle_sns_client_event:185, auto_rotation_debug_2 mode,255, type,1,0 acc,-0.043,7.511,6.482, ar,0, ver,12, pedo,1,e,0,i,2
12-07 01:51:06.708  1090  1090 D io_stats: !@   8,0 r 190476 9021425 w 104348 4103876 d 38299 1954540 f 0 14080 iot 208972 0 th 0 0 0 pt 0 inp 0 0 7161.497
12-07 01:51:06.791  2296  2833 W DeviceStorageMonitorService: updateBroadcasts(/data) oldLevel:0, newLevel:0, seq:1
12-07 01:51:06.793  2296  2833 D DeviceStorageMonitorService: Available File Node Number is [12799760]
12-07 01:51:06.793  2296  2833 W DeviceStorageMonitorService: updateBroadcasts_filenode(/data) fn_oldLevel:0, fn_newLevel:0, seq:1
12-07 01:51:07.259  4724  5815 I BistoHotwordHelper: (REDACTED) getHotwordActive::active query: %s, watch: %s, devices connected: %s
12-07 01:51:07.333  1463 27423 I sensors-hal: handle_sns_std_sensor_event:311, [SSC_LIGHT] P: 265(265),m:7,c:0,b:78,c0:12416,l:265,f(r):98,u(bl):100,j:193
12-07 01:51:07.698  5350  5852 V CpEventLog(u0): cp_state: [                 contacts = {contacts=0, raw_contacts=0, data=0, account={secphone(1)=0}, trash=0, trash_acc={}, trash_sync=0, database=contacts2.db} ]
12-07 01:51:07.698  5350  5852 V CpEventLog(u0): cp_state: [               aggregated = {} ]
12-07 01:51:07.698  5350  5852 V CpEventLog(u0): cp_state: [                  request = {} ]
12-07 01:51:07.698  5350  5852 V CpEventLog(u0): cp_state: [                    calls = {types={}, database=calllog.db} ]
12-07 01:51:07.698  5350  5852 V CpEventLog(u0): cp_state: [                  profile = {contacts=0, raw_contacts=0, data=0, account={secphone(1)=0}, trash=0, trash_acc={}, trash_sync=0, database=profile.db} ]
12-07 01:51:07.698  5350  5852 V CpEventLog(u0): cp_state: [               sa_profile = {contacts=0, raw_contacts=0, data=0, account={secphone(1)=0}, trash=0, trash_acc={}, trash_sync=0, database=profile_sa.db} ]
12-07 01:51:07.698  5350  5852 V CpEventLog(u0): cp_state: [                      etc = {binders=0, country_iso=KR, version=15.2.26, db_version=1802, csc=KOO/KOR} ]
12-07 01:51:07.698  5350  5852 V CpEventLog(u0): cp_state: ------------------------------------------------------------------------------
12-07 01:51:08.072  1463  1463 I sensors-hal: set_config:61, sample_period_ns is adjusted to 200000000 based on min/max delay_ns
12-07 01:51:08.072  1463  1463 I sensors-hal: batch:512, com.samsung.sensor.light_cct/1511, period=200000000, max_latency=0 request completed
12-07 01:51:08.072  1463  1463 I sensors-hal: activate:428, com.samsung.sensor.light_cct/1511 en=1
12-07 01:51:08.073  1463  1463 I sensors-hal: get_qmi_debug_flag:239, support_qmi_debug : false
12-07 01:51:08.077  1438  1617 E minksocket: MinkIPC_QRTR_Service: client with node 1 port 45f4 went down
12-07 01:51:08.080  1438  1617 E minksocket: MinkIPC_QRTR_Service: client with node 1 port 45f5 went down
12-07 01:51:08.081  1438  1617 E minksocket: MinkIPC_QRTR_Service: client with node 1 port 45f6 went down
12-07 01:51:08.083  1463  1463 I sensors-hal: send_sync_sensor_request:450, send sync request
12-07 01:51:08.084  1463  1463 I sensors-hal: send_sync_sensor_request:476, wait for notification of response
12-07 01:51:08.084  1438  1617 E minksocket: MinkIPC_QRTR_Service: client with node 1 port 45f7 went down
12-07 01:51:08.087  1463 29313 I sensors-hal: ssc_conn_resp_cb:835, resp_value = 0
12-07 01:51:08.087  1463  1463 I sensors-hal: send_sync_sensor_request:482, takes 2 ms to receive the response with 0
12-07 01:51:08.087  1463  1463 I sensors-hal: activate:446, com.samsung.sensor.light_cct/1511 en=1 completed
12-07 01:51:08.087  2296  2837 D SensorManager: registerListener :: 1511, STK33915 Light CCT  Non-wakeup, 200000, 0, com.samsung.android.displaysolution.EyeComfortSolutionService$2@7865ecc
12-07 01:51:08.134  1463 29313 I sensors-hal: handle_indication_realtime:467,  SCHED_FIFO(10) for qmi_cbk
12-07 01:51:08.135  1463 29313 I sensors-hal: handle_sns_std_sensor_event:89, light_cct: ts = 7162917092743 ns; value = [266, 266, 4, 3, 193, 78, 2, 2, 777, -1]
12-07 01:51:08.137  1463  1463 I sensors-hal: activate:428, com.samsung.sensor.light_cct/1511 en=0
12-07 01:51:08.138  1463  1463 I sensors-hal: deactivate:382, disconnect qmi to disable sensor
12-07 01:51:08.139  1463  1463 I sensors-hal: activate:446, com.samsung.sensor.light_cct/1511 en=0 completed
12-07 01:51:08.140  2296  2837 D SensorManager: unregisterListener :: com.samsung.android.displaysolution.EyeComfortSolutionService$2@7865ecc
12-07 01:51:08.144  1438  1617 E minksocket: MinkIPC_QRTR_Service: client with node 1 port 45f8 went down
12-07 01:51:08.321  4858  5718 I SDHMS:C : SIOP:: AP:288 BAT:273 USB:275 CHG:286 PA:295 WIFI:290 CF:278 BLK:0 SUBBAT:0 SKIN:276 SKINF:276 SKINB:274 LRP:276 LRP2:276 LRF2:276 LRB2:274 AP2:276 CHG2:274 WIFI2:275 UANT2:274 DANT2:268 RCV2:272 SPK2:275 FCAM:275 UPSPK:278 DNSPK:275 AMB:242 AVGCUR:0
12-07 01:51:08.711  1090  1090 D io_stats: !@   8,0 r 190476 9021425 w 104372 4104008 d 38314 1954736 f 0 14084 iot 208988 0 th 0 0 0 pt 0 inp 0 0 7163.501
12-07 01:51:08.712  1090  1090 D io_stats: !@ Write_top(KB): f2fs_ckpt-254:5(1168) 44 .gms.persistent(3899) 28 init(1) 16
12-07 01:51:08.920  2296 11892 D SemWifiUsabilityStatsMonitor: onWifiUsabilityStats - seqNum 411, isSameBssidAndFreq true
12-07 01:51:10.132  2296  2712 D ActivityManager: Received BROADCAST intent 0x5afda68 Key{broadcastIntent pkg=com.google.android.gms/com.google.android.gms.scheduler intent=act=com.google.android.gms.gcm.ACTION_CHECK_QUEUE cmp=com.google.android.gms/.gcm.nts.SchedulerInternalReceiver flags=0x2000000 u=0} requestCode=0 sent=0 from uid 1000
12-07 01:51:10.183  5210  5210 D BoundBrokerSvc: onBind: Intent { act=com.google.android.gms.checkin.internal.scheduler.ScheduledCheckinGmsTaskService.ACTION_TASK_READY dat=chimera-action:/... cmp=com.google.android.gms/.chimera.GmsInternalBoundBrokerService }
12-07 01:51:10.183  5210  5210 D BoundBrokerSvc: Loading bound service for intent: Intent { act=com.google.android.gms.checkin.internal.scheduler.ScheduledCheckinGmsTaskService.ACTION_TASK_READY dat=chimera-action:/... cmp=com.google.android.gms/.chimera.GmsInternalBoundBrokerService }
12-07 01:51:10.190  3899 29145 I NetworkScheduler.Stats: (REDACTED) Task %s/%s started execution. cause:%s exec_start_elapsed_seconds: %s
12-07 01:51:10.191  5210 14815 I Checkin : [ScheduledCheckinGmsTaskService] onRunTask
12-07 01:51:10.196  5210 14815 I WakefulBroadcastRcvr: Processing wakeful broadcast: com.google.android.gms.checkin.CHECKIN_START_ACTION
12-07 01:51:10.201  5210 29285 I Checkin : [CheckinIntentOperation] onHandleIntent, Intent { act=com.google.android.gms.checkin.CHECKIN_START_ACTION cat=[targeted_intent_op_prefix:.checkin.CheckinIntentOperation] cmp=com.google.android.gms/.chimera.GmsIntentOperationService (has extras) }
12-07 01:51:10.205  3899 29029 I NetworkScheduler.Stats: (REDACTED) Task %s/%s finished executing. cause:%s result: %s elapsed_millis: %s uptime_millis: %s exec_start_elapsed_seconds: %s
12-07 01:51:10.206  5210  5210 D BoundBrokerSvc: onUnbind: Intent { act=com.google.android.gms.checkin.internal.scheduler.ScheduledCheckinGmsTaskService.ACTION_TASK_READY dat=chimera-action:/... cmp=com.google.android.gms/.chimera.GmsInternalBoundBrokerService }
12-07 01:51:10.208  5210 29285 I Checkin : [CheckinOperation] Checkin Operation finished with result: RESCHEDULED finish time: 7164998.
12-07 01:51:10.208  5210 29285 I Checkin : [ScheduledCheckinGmsTaskService] scheduleCheckinTask
12-07 01:51:10.215  5210 29285 I Checkin : [ExecutionManager] Checkin scheduled at 7167998 with schedule delay: 3000
12-07 01:51:10.375  1463 27423 I sensors-hal: handle_sns_std_sensor_event:311, [SSC_LIGHT] P: 265(265),m:7,c:0,b:78,c0:12416,l:265,f(r):98,u(bl):100,j:194
12-07 01:51:10.657  1459  1459 I android.hardware.health@2.1-service-samsung: updateLrpSysfs: write: 276
12-07 01:51:10.713  1090  1090 D io_stats: !@   8,0 r 190476 9021425 w 104390 4105096 d 38314 1954736 f 0 14086 iot 209016 0 th 0 0 0 pt 0 inp 0 0 7165.502
12-07 01:51:10.766  1459  1483 E BatteryDump: !@new_battery_dump : 4324,-25,1500,1500,100,273,275,285,273,0,276,282,0,Not-charging,NO_CHARGING,Normal,Good,USB_CDP,2,Normal,0,0,8700,0x100000,0x1010000,0x0,0,0,0000,0000,00000000,0,0,0,0,2,4324,9985,990,0,
12-07 01:51:11.385  2296 11085 I AfterimageCompensationService: AfcThread mLuminance : 109 , AfpcPeriodCount : 43 , rotation : 0 , AOD : false
12-07 01:51:11.394  1577  1724 D RenderEngine: [SEC_GC_CMN_SF_EFFECTS] drawLayersInternal,1279, Rendering layer  at index 0
12-07 01:51:11.394  1577  1724 D RenderEngine: [SEC_GC_CMN_SF_EFFECTS] drawLayersInternal,1279, Rendering layer StatusBar$_3014#90 at index 1
12-07 01:51:11.395  1577  1724 D RenderEngine: [SEC_GC_CMN_SF_EFFECTS] drawLayersInternal,1279, Rendering layer NotificationShade$_3014#87 at index 2
12-07 01:51:11.395  1577  1724 D RenderEngine: [SEC_GC_CMN_SF_EFFECTS] drawLayersInternal,1279, Rendering layer com.sec.android.app.launcher/com.samsung.app.honeyspace.edge.CocktailBarService$_3549#133 at index 3
12-07 01:51:11.407  2296 11085 D system_server: mAFPC_Read - w = 1080, h = 2316, s = 8, f = 4, s_size = 10079232, luminance = 109, count = 43, captureOrientation = 0
12-07 01:51:12.039  2296 11892 D SemWifiUsabilityStatsMonitor: onWifiUsabilityStats - seqNum 412, isSameBssidAndFreq true
12-07 01:51:12.714  1090  1090 D io_stats: !@   8,0 r 190476 9021425 w 104392 4105104 d 38314 1954736 f 0 14086 iot 209024 0 th 0 0 0 pt 0 inp 0 0 7167.503
12-07 01:51:12.714  1090  1090 D io_stats: !@ Write_top(KB): kworker/u16:1(27201) 1044 .gms.persistent(3899) 28 android.hardwar(1459) 8
12-07 01:51:13.414  1463 27423 I sensors-hal: handle_sns_std_sensor_event:311, [SSC_LIGHT] P: 265(265),m:7,c:0,b:78,c0:12416,l:265,f(r):98,u(bl):100,j:193
12-07 01:51:13.532  2296  2822 D ConnectivityService: reportNetworkActive, notify 0 listeners
12-07 01:51:13.786 10782 10782 I wpa_supplicant: Heartbeat 710
12-07 01:51:15.204  2296 11892 D SemWifiUsabilityStatsMonitor: onWifiUsabilityStats - seqNum 413, isSameBssidAndFreq true
12-07 01:51:15.207  2296  2907 I SemWifiLinkQualityMonitor: Link stat: 1006 / 875 / 7.50 (15) / 520 / -45.0 || 100.0 : 520.00 / 0.5 : 0.13 / B (B) || 105.73 ms / 0.08 Mbps / N || 0 / N / 0 Y / 0 Y
12-07 01:51:15.218  3014  3014 D StatusBarIconController: ignoring old pipeline callback because the new wifi icon is enabled
12-07 01:51:15.219  3014  3263 D Tile.WifiTile: handleUpdateState isTransient=false transientEnabling =false cb.isTransient=false state.state = 2 mStateBeforeClick.value =false enabled =true
12-07 01:51:15.221  2296  2712 D ActivityManager: Received BROADCAST intent 0x5afda68 Key{broadcastIntent pkg=com.google.android.gms/com.google.android.gms.scheduler intent=act=com.google.android.gms.gcm.ACTION_CHECK_QUEUE cmp=com.google.android.gms/.gcm.nts.SchedulerInternalReceiver flags=0x2000000 u=0} requestCode=0 sent=0 from uid 1000
12-07 01:51:15.233  1577  1797 I VSyncReactor: Current= 24, Period= 24, Distance= 0
12-07 01:51:15.264  5210  5210 D BoundBrokerSvc: onBind: Intent { act=com.google.android.gms.checkin.internal.scheduler.ScheduledCheckinGmsTaskService.ACTION_TASK_READY dat=chimera-action:/... cmp=com.google.android.gms/.chimera.GmsInternalBoundBrokerService }
12-07 01:51:15.264  5210  5210 D BoundBrokerSvc: Loading bound service for intent: Intent { act=com.google.android.gms.checkin.internal.scheduler.ScheduledCheckinGmsTaskService.ACTION_TASK_READY dat=chimera-action:/... cmp=com.google.android.gms/.chimera.GmsInternalBoundBrokerService }
12-07 01:51:15.271  3899 29029 I NetworkScheduler.Stats: (REDACTED) Task %s/%s started execution. cause:%s exec_start_elapsed_seconds: %s
12-07 01:51:15.272  5210 17862 I Checkin : [ScheduledCheckinGmsTaskService] onRunTask
12-07 01:51:15.275  1577  1797 I VSyncReactor: Current= 24, Period= 24, Distance= 24
12-07 01:51:15.275  5210 17862 I WakefulBroadcastRcvr: Processing wakeful broadcast: com.google.android.gms.checkin.CHECKIN_START_ACTION
12-07 01:51:15.281  5210 29285 I Checkin : [CheckinIntentOperation] onHandleIntent, Intent { act=com.google.android.gms.checkin.CHECKIN_START_ACTION cat=[targeted_intent_op_prefix:.checkin.CheckinIntentOperation] cmp=com.google.android.gms/.chimera.GmsIntentOperationService (has extras) }
