12-09 14:19:04.542  2141  2998 E bt_l2cap: L2CAP - rcvd ACL for unknown handle:3804 ls:0 cid:28 opcode:10 cur count:0
12-09 14:19:04.543  2141  2998 E bt_l2cap: L2CAP - rcvd ACL for unknown handle:3804 ls:0 cid:29 opcode:10 cur count:0
12-09 14:19:04.583   996   996 E android.hardware.health@2.1-service-samsung: Could not open /sys/class/power_supply/battery/lrp
12-09 14:19:04.584   989  2997 I vendor.qti.bluetooth@1.0-ibs_handler: ProcessIbsCmd: Received IBS_SLEEP_IND: 0xFE
12-09 14:19:04.585   989  2997 D vendor.qti.bluetooth@1.0-ibs_handler: SerialClockVote: vote for UART CLK OFF
12-09 14:19:04.735   989  2704 D vendor.qti.bluetooth@1.0-wake_lock: Release wakelock is released 
12-09 14:19:04.917 14147 14147 I wpa_supplicant: Heartbeat 3381
12-09 14:19:05.051  2587  4350 I Finsky  : [146] VerifyAppsInstallTask.mS(130): VerifyApps: Skipping verification. Disabled by user setting
12-09 14:19:05.075  1230  4348 I GOS:SystemEventReactor: addPkgDataFromServer(), use server category: unknown
12-09 14:19:05.085  1230  4348 I GOS:SystemEventReactor: addPkgDataFromServer(), A package was added : com.myterm as unknown
12-09 14:19:05.416   999  2362 I sensors-hal: handle_sns_std_sensor_event:218, phy lux: 189, raw lux : 2, brightness: 1273, mode: 0, gain: 152, add1: 38, add2: 20, ts=33967865164079
12-09 14:19:05.913  1240  2073 I SemWifiServiceDetector: Traff. tracking resumed
12-09 14:19:06.318   664   664 D io_stats: !@   8,0 r 385926 11606284 w 83025 4870228 d 41321 2970260 f 0 0 iot 164056 0 th 0 0 0 pt 0 inp 0 0 33968.781
12-09 14:19:06.376   999  2362 I sensors-hal: handle_sns_std_sensor_event:218, phy lux: 202, raw lux : 2, brightness: 1273, mode: 0, gain: 209, add1: 38, add2: 20, ts=33968825162100
12-09 14:19:06.438  1240  2073 D SemNscXgbMsL1: Probability - Cloud gaming: [0.04415229]
12-09 14:19:06.441  1240  2073 D SemNscXgbMsL1: Probability - Real time: [0.10864212]
12-09 14:19:06.442  1240  2073 D SemNscXgbMsL1: Probability - Non real time: [0.915227]
12-09 14:19:06.442  1240  2073 D SemNscXgbMsL1: 1 sample inference time: 3.220469 msecs
12-09 14:19:06.443  1240  2073 D SemNscXgbL2Rt: L2 RT 1 sample inference time: 1.56125 msecs
12-09 14:19:06.445  1240  2073 D SemNscXgbL2Nrt: L2 NRT 1 sample inference time: 1.274479 msecs
12-09 14:19:06.538   821   821 E audit   : type=1400 audit(1733721546.532:853): avc:  denied  { kill } for  pid=0 comm="swapper/2" capability=5  scontext=u:r:kernel:s0 tcontext=u:r:kernel:s0 tclass=capability permissive=0 SEPF_SM-A426N_12_0001 audit_filtered
12-09 14:19:06.662  2587  4350 I Finsky  : [146] VerifyPerSourceInstallationConsentInstallTask.mS(2): PSIC verification started with installer uid: 2000 package name: null, originating uid: -1
12-09 14:19:06.665  2587  2587 I Finsky  : [2] VerifyInstallTask.j(2): VerifyApps: Returning package verification result id=3, result=ALLOW
12-09 14:19:06.666  1240  1575 W PackageInstallTime: updateInstallTimeInfo: invalid ObserverHash: 256200107, tag: Verified(Unknown)
12-09 14:19:06.670  1240  1575 I PersonaServiceHelper: installStageForKnox(user:-1 installerUid:2000)
12-09 14:19:06.670  1240  1575 I PackageManager: START INSTALL PACKAGE: observer{172674513}
12-09 14:19:06.670  1240  1575 I PackageManager:           stagedDir{/data/app/vmdl932728335.tmp}
12-09 14:19:06.670  1240  1575 I PackageManager:           stagedCid{null}
12-09 14:19:06.670  1240  1575 I PackageManager:           pkg{com.myterm}
12-09 14:19:06.670  1240  1575 I PackageManager:           Request from{null}
12-09 14:19:06.672  2587  2587 I Finsky  : [2] VerifyInstallTask.mR(7): VerifyApps: Verification complete: id=3, package_name=com.myterm
12-09 14:19:06.681  1240  2308 I ActivityManager: Killing 2227:com.samsung.android.dsms/u0a180 (adj 985): empty #21
12-09 14:19:06.685  1240  2308 I ActivityManager: Killing 1851:com.google.android.partnersetup/u0a205 (adj 995): empty #22
12-09 14:19:06.687  1240  2308 I ActivityManager: Killing 1300:com.google.android.tts/u0a223 (adj 999): empty #23
12-09 14:19:06.698  1240  1279 I libprocessgroup: Successfully killed process cgroup uid 10180 pid 2227 in 12ms
12-09 14:19:06.700  1240  1575 W PackageManager: verifying app can be installed or not
12-09 14:19:06.701  1240  1575 D ApplicationPolicy: isApplicationInstallationEnabled
12-09 14:19:06.701  1240  1575 D ApplicationPolicy: isApplicationInstallationEnabled :  Checking PKG WL - false
12-09 14:19:06.702  1240  1575 D ApplicationPolicy: isApplicationInstallationEnabled :  Checking PKG BL - true
12-09 14:19:06.702  1240  1575 D ApplicationPolicy: isApplicationInstallationEnabled :  Checking PERM BL - true
12-09 14:19:06.702  1240  1575 D ApplicationPolicy: isApplicationInstallationEnabled :  Checking SIG BL - true
12-09 14:19:06.702  1240  1575 D ApplicationPolicy: isApplicationInstallationEnabled :  Checking PKG WL - false
12-09 14:19:06.702  1240  1575 D ApplicationPolicy: isApplicationInstallationEnabled :  Checking PKG BL - true
12-09 14:19:06.702  1240  1575 D ApplicationPolicy: isApplicationInstallationEnabled :  Checking PERM BL - true
12-09 14:19:06.702  1240  1575 D ApplicationPolicy: isApplicationInstallationEnabled :  Checking SIG BL - true
12-09 14:19:06.704  1240  1575 D ApplicationPolicy: isApplicationInstallationEnabled :  enabled true
12-09 14:19:06.709  1240  1575 D RestrictionPolicy: isNewAdminInstallationEnabledInternal : true
12-09 14:19:06.710  1240  1575 D RestrictionToastManager: Added message to recently displayed queue:       .
12-09 14:19:06.715  1240  2094 E SystemServiceRegistry: Unknown manager requested: desktopmode
12-09 14:19:06.719   842   842 I Zygote  : Process 1851 exited due to signal 9 (Killed)
12-09 14:19:06.724  1240  2094 V Toast   : show: caller = com.android.server.enterprise.RestrictionToastManager$RestrictionToastHandler.handleMessage:169 
12-09 14:19:06.724  1240  2094 V Toast   : show: focusDisplayId = 0, isFocusInDesktop = false mCustomDisplayId=-1 isDexDualMode=false
12-09 14:19:06.724  1240  2094 V Toast   : show: isActivityContext = false
12-09 14:19:06.725  1240  1273 I DropBoxManagerService: add tag=system_server_wtf isTagEnabled=true flags=0x2
12-09 14:19:06.726  2141  2141 D HidDeviceService: handleMessage(): msg.what=8
12-09 14:19:06.734   842   842 I Zygote  : Process 1300 exited due to signal 9 (Killed)
12-09 14:19:06.739  2141  2141 D HidDeviceService: handleMessage(): msg.what=8
12-09 14:19:06.743  1240  2094 W ContextImpl: Calling a method in the system process without a qualified user: android.app.ContextImpl.sendBroadcast:1242 com.android.server.notification.sec.DisplayToast.sendIntentForToastDumpLog:156 com.android.server.notification.sec.DisplayToast.outFile:106 com.android.server.notification.sec.DisplayToast.out:62 com.android.server.notification.NotificationManagerService$14.enqueueToastForDex:3917 
12-09 14:19:06.748  1076  1354 I SurfaceFlinger: id=163 createSurf (0x0),-1 flag=80004, WindowToken{777e83c android.os.Binder@c515a2f}#0
12-09 14:19:06.750  1240  1262 D SamsungAlarmManager: setInexact (T:3/F:8/AC:false) 20241209T141926 now=33969214 - CU:1000/CP:1240/L:13859c5:*CountQuotaTracker.cleanup*
12-09 14:19:06.752  1240  1262 V SamsungAlarmManager: setLocked to kernel - W:34040615 / NW:34004214, now=33969216
12-09 14:19:06.752  1240  1262 D SamsungAlarmManager: setInexact (T:3/F:8/AC:false) 20241209T141948 now=33969216 - CU:1000/CP:1240/L:3b66f1a:*CountQuotaTracker.cleanup*
12-09 14:19:06.752  1240  1262 V SamsungAlarmManager: setLocked to kernel - W:34040615 / NW:34004214, now=33969217
12-09 14:19:06.753  1240  1262 D SamsungAlarmManager: setInexact (T:3/F:8/AC:false) 20241209T142014 now=33969217 - CU:1000/CP:1240/L:2a36a4b:*CountQuotaTracker.cleanup*
12-09 14:19:06.753  1240  1262 V SamsungAlarmManager: setLocked to kernel - W:34040615 / NW:34004214, now=33969217
12-09 14:19:06.760   842   842 I Zygote  : Process 2227 exited due to signal 9 (Killed)
12-09 14:19:06.761  2175  2175 V ToastPresenter: sipHeight = -90
12-09 14:19:06.762  2141  2141 D HidDeviceService: handleMessage(): msg.what=8
12-09 14:19:06.764  2175  2175 V ToastPresenter: Text:  in android.widget.ToastPresenter@738578e
12-09 14:19:06.764  1240  1279 I libprocessgroup: Successfully killed process cgroup uid 10205 pid 1851 in 0ms
12-09 14:19:06.765  1240  1279 I libprocessgroup: Successfully killed process cgroup uid 10223 pid 1300 in 0ms
12-09 14:19:06.769  1240  3995 D InputTransport: Input channel constructed: '49cd41 ', fd=701
12-09 14:19:06.769  1240  3995 D InputTransport: Input channel constructed: '49cd41 ', fd=753
12-09 14:19:06.769  1240  3995 D InputTransport: Input channel constructed: '49cd41 ', fd=777
12-09 14:19:06.771  1076  5498 I SurfaceFlinger: id=164 createSurf (0x0),-1 flag=80004, 49cd41 Toast#0
12-09 14:19:06.773  1240  3995 D InputTransport: Input channel destroyed: '49cd41 ', fd=777
12-09 14:19:06.774  2175  2175 I ViewRootImpl@37ebbaf[Toast]: setView = android.widget.LinearLayout@5e65e9a TM=true
12-09 14:19:06.778  1240  3995 V WindowManager: Relayout Window{49cd41 u0 Toast}: viewVisibility=0 req=604x108 d0
12-09 14:19:06.779  1076  1354 I SurfaceFlinger: id=165 createSurf (1x1),-3 flag=40004, Toast$_2175#0
12-09 14:19:06.779  1240  3995 D WindowManager: makeSurface duration=1 name=Toast$_2175
12-09 14:19:06.781  1240  3995 V WindowManager: Relayout hash=49cd41, pid=2175: mAttrs={(0,120)(wrapxwrap) gr=BOTTOM CENTER sim={adjust=pan} ty=TOAST fmt=TRANSLUCENT wanim=0x1030004
12-09 14:19:06.781  1240  3995 V WindowManager:   fl=1000098
12-09 14:19:06.781  1240  3995 V WindowManager:   pfl=22000010
12-09 14:19:06.781  1240  3995 V WindowManager:   bhv=DEFAULT
12-09 14:19:06.781  1240  3995 V WindowManager:   fitTypes=STATUS_BARS NAVIGATION_BARS CAPTION_BAR
12-09 14:19:06.781  1240  3995 V WindowManager:   fitIgnoreVis naviIconColor=0}
12-09 14:19:06.783  2175  2175 I ViewRootImpl@37ebbaf[Toast]: Relayout returned: old=(0,52,720,1510) new=(58,1282,662,1390) req=(604,108)0 dur=4 res=0x7 s={true -5476376614025404416} ch=true fn=-1
12-09 14:19:06.783  2175  2313 D OpenGLRenderer: eglCreateWindowSurface
12-09 14:19:06.784  2175  2175 I ViewRootImpl@37ebbaf[Toast]: [DP] dp(1) 0 android.view.ViewRootImpl.reportNextDraw:11442 android.view.ViewRootImpl.performTraversals:4198 android.view.ViewRootImpl.doTraversal:2924 
12-09 14:19:06.784  2175  2175 D ViewRootImpl@37ebbaf[Toast]: Creating frameDrawingCallback nextDrawUseBlastSync=false reportNextDraw=true hasBlurUpdates=false
12-09 14:19:06.784  2175  2175 D ViewRootImpl@37ebbaf[Toast]: Creating frameCompleteCallback
12-09 14:19:06.785  2175  2985 D ViewRootImpl@37ebbaf[Toast]: Received frameDrawingCallback frameNum=1. Creating transactionCompleteCallback=false
12-09 14:19:06.788  2175  2313 I BufferQueueProducer: [ViewRootImpl@37ebbaf[Toast]#10(BLAST Consumer)10](id:87f0000000a,api:1,p:2175,c:2175) queueBuffer: queued for the first time.
12-09 14:19:06.789  2175  2313 D ViewRootImpl@37ebbaf[Toast]: Received frameCompleteCallback  lastAcquiredFrameNum=1 lastAttemptedDrawFrameNum=1
12-09 14:19:06.790  1240  1575 I PackageManager: New shared user com.myterm: id=10274
12-09 14:19:06.790  2175  2175 I ViewRootImpl@37ebbaf[Toast]: [DP] pdf(0) 0 android.view.ViewRootImpl.lambda$addFrameCompleteCallbackIfNeeded$3$ViewRootImpl:5000 android.view.ViewRootImpl$$ExternalSyntheticLambda16.run:6 android.os.Handler.handleCallback:938 
12-09 14:19:06.790  2175  2175 I ViewRootImpl@37ebbaf[Toast]: [DP] rdf()
12-09 14:19:06.790  2175  2175 D ViewRootImpl@37ebbaf[Toast]: reportDrawFinished (fn: -1) 
12-09 14:19:06.791  1240  3995 D WindowManager: finishDrawingWindow: Window{49cd41 u0 Toast} mDrawState=DRAW_PENDING
12-09 14:19:06.792  1240  1575 W PackageManager: Adding duplicate app id: 10274 name=com.myterm
12-09 14:19:06.795  1240  1266 I WindowManager: Reparenting to leash, surface=Surface(name=49cd41 Toast)/@0x2bb37b3, leashParent=Surface(name=WindowToken{777e83c android.os.Binder@c515a2f})/@0xc217170
12-09 14:19:06.796  1076  1354 I SurfaceFlinger: id=166 createSurf (0x0),-1 flag=24004, Surface(name=49cd41 Toast)/@0x2bb37b3 - animation-leash of window_animation#0
12-09 14:19:06.796  1240  1266 D WindowManager: makeSurface duration=1 leash=Surface(name=Surface(name=49cd41 Toast)/@0x2bb37b3 - animation-leash of window_animation)/@0x76d9ce9
12-09 14:19:06.797  1240  1575 I PackageManager: Permission ownership changed. Updating all permissions.
12-09 14:19:06.800  1240  1266 D PowerManagerService: [api] acquire WakeLock SCREEN_BRIGHT_WAKE_LOCK        'WindowManager' ON_AFTER_RELEASE (uid=1000 pid=1240 ws=WorkSource{10047} displayId=-1)
12-09 14:19:06.842  1076  1076 D SurfaceFlinger: Display 4630947232161729153 HWC layers:
12-09 14:19:06.842  1076  1076 D SurfaceFlinger:      DEVICE | 0xb40000793d072c40 | 0100 | RGBA_8888    |    0.0    0.0  720.0 1600.0 |    0    0  720 1600 | com.samsung.android.app.spage/com.sa[...]id.app.spage.ui.MainActivity$_4205#1
12-09 14:19:06.842  1076  1076 D SurfaceFlinger:      DEVICE | 0xb40000791f3b6790 | 0100 | RGBA_8888    |    0.0    0.0  720.0   52.0 |    0    0  720   52 | StatusBar$_2175#0
12-09 14:19:06.842  1076  1076 D SurfaceFlinger:      DEVICE | 0xb40000793ec12940 | 0100 | RGBA_8888    |    0.0    0.0   67.0  228.0 |  653  305  720  533 | com.samsung.android.app.cocktailbars[...]arservice.CocktailBarService$_6588#0
12-09 14:19:06.842  1076  1076 D SurfaceFlinger:      DEVICE | 0xb40000793d072070 | 0100 | RGBA_8888    |    0.0    0.0  604.0  108.0 |   58 1282  662 1390 | Toast$_2175#0
12-09 14:19:06.842  1076  1076 D SurfaceFlinger:      DEVICE | 0xb40000793d072230 | 0100 | RGBA_8888    |    0.0    0.0  720.0   90.0 |    0 1510  720 1600 | NavigationBar0$_2175#0
12-09 14:19:06.842  1076  1076 D SurfaceFlinger: 
12-09 14:19:06.938  1240  2119 W Looper  : Slow dispatch took 139ms android.perm h=android.os.Handler c=<recycled PooledLambda@3963626> m=0
12-09 14:19:06.947  1240  2073 D SemNscXgbMsL1: Probability - Cloud gaming: [0.04415229]
12-09 14:19:06.947  1240  2073 D SemNscXgbMsL1: Probability - Real time: [0.10864212]
12-09 14:19:06.948  1240  2073 D SemNscXgbMsL1: Probability - Non real time: [0.915227]
12-09 14:19:06.948  1240  2073 D SemNscXgbMsL1: 1 sample inference time: 0.913489 msecs
12-09 14:19:06.950  1240  2073 D SemNscXgbL2Rt: L2 RT 1 sample inference time: 1.84526 msecs
12-09 14:19:06.951  1240  2073 D SemNscXgbL2Nrt: L2 NRT 1 sample inference time: 1.071823 msecs
12-09 14:19:06.983  1240  1575 D AASA_ASKSManager_RESTRICTED: There is no restricted rule.
12-09 14:19:06.984  1240  1575 D PackageManager: Skip dexopt
12-09 14:19:06.985  1240  1575 I SPEG    : Feature is disabled due to dexopt skipped
12-09 14:19:06.994  1240  1575 I BackupManagerService: [UserID:0] restoreAtInstall pkg=com.myterm token=4 restoreSet=0
12-09 14:19:06.997  1240  1575 V BackupManagerService: [UserID:0] Finishing install immediately
12-09 14:19:07.014  1240  2119 W Looper  : Slow delivery took 201ms android.perm h=android.os.Handler c=<recycled PooledLambda@8a58bd> m=0
12-09 14:19:07.018  3758 17476 I MediaProvider: Invalidating LocalCallingIdentity cache for package com.myterm. Reason: op android:read_external_storage
12-09 14:19:07.020  1240  1575 V StorageManagerService: Package null has legacy storage
12-09 14:19:07.023  3758 17476 I MediaProvider: Invalidating LocalCallingIdentity cache for package com.myterm. Reason: op android:read_external_storage
12-09 14:19:07.024  3758 17476 I MediaProvider: Invalidating LocalCallingIdentity cache for package com.myterm. Reason: op android:read_external_storage
12-09 14:19:07.025  1240  1575 D PackageManager: result of install: 1{172674513}
12-09 14:19:07.025  1398 17588 E installd: Couldn't opendir /data/app/vmdl932728335.tmp: No such file or directory
12-09 14:19:07.025  1398 17588 E installd: Failed to delete /data/app/vmdl932728335.tmp: No such file or directory
12-09 14:19:07.026  3758  6257 I MediaProvider: Invalidating LocalCallingIdentity cache for package com.myterm. Reason: op android:read_external_storage
12-09 14:19:07.038   821   821 E audit   : type=1400 audit(1733721547.032:854): avc:  denied  { getopt } for  pid=1240 comm="Binder:1240_E" scontext=u:r:system_server:s0 tcontext=u:r:shell:s0 tclass=unix_stream_socket permissive=0 SEPF_SM-A426N_12_0001 audit_filtered
12-09 14:19:07.038   821   821 E audit   : type=1300 audit(1733721547.032:854): arch=c00000b7 syscall=209 success=no exit=-13 a0=2e5 a1=1 a2=27 a3=7b14b0eec4 items=0 ppid=842 pid=1240 auid=4294967295 uid=1000 gid=1000 euid=1000 suid=1000 fsuid=1000 egid=1000 sgid=1000 fsgid=1000 tty=(none) ses=4294967295 comm="Binder:1240_E" exe="/system/bin/app_process64" subj=u:r:system_server:s0 key=(null)
12-09 14:19:07.038   821   821 E audit   : type=1327 audit(1733721547.032:854): proctitle="system_server"
12-09 14:19:07.047  1240  1575 I MultiUserInstallPolicy: applyInstallPolicyPackageInternalLPw : com.myterm
12-09 14:19:07.047  2689  2864 I SessionCommitReceiver: onReceive() intent.getAction : android.content.pm.action.SESSION_COMMITTED
12-09 14:19:07.047  2689  2864 W SessionCommitReceiver: onReceive() !isEnabled()
12-09 14:19:07.048  1240  1254 W System  : A resource failed to call close. 
12-09 14:19:07.051  1240  1575 D CompatibilityChangeReporter: Compat change id reported: 168419799; UID 10274; state: DISABLED
12-09 14:19:07.052  1240  1254 W System  : A resource failed to call close. 
12-09 14:19:07.062  1240  1898 D OverlayManager: reconcileSettingsForPackage pkgName=com.myterm userId=0
12-09 14:19:07.062  1240  1898 I OverlayManager: updateOverlaysForTarget() called with: targetPackage = [com.myterm], userId = [0], flags = [0], skipUpdateState = [false]
12-09 14:19:07.062  3758  3758 I MediaProvider: Invalidating LocalCallingIdentity cache for package com.myterm. Reason: package android.intent.action.PACKAGE_ADDED
12-09 14:19:07.062  1240  1898 D OverlayManager: Writing overlay settings
12-09 14:19:07.063  8838  8838 I IC_Service[1.2.86]: onReceive() IcPackageAddedListener got: android.intent.action.PACKAGE_ADDED
12-09 14:19:07.063  1240  1932 I RoleService: Granting default roles...
12-09 14:19:07.069  2175  2175 D KeyguardUpdateMonitor: received broadcast android.intent.action.PACKAGE_ADDED
12-09 14:19:07.070  2175  2175 D SPluginManagerImpl: onReceive: android.intent.action.PACKAGE_ADDED, size:{com.android.systemui.noticenter.NotiCenterPlugin$NotiCenterPluginListener@1bd2f0=SPluginInstanceManager@64877066 (action=com.samsung.systemui.action.PLUGIN_NOTICENTER), com.android.systemui.pluginlock.PluginLockMediatorImpl@48a37fe=SPluginInstanceManager@50023035 (action=com.samsung.systemui.action.PLUGIN_LOCK), com.android.systemui.navigationbar.NavBarInteractorManager$1@921579c=SPluginInstanceManager@198336664 (action=com.samsung.systemui.navigationbar.PLUGIN), com.android.systemui.slimindicator.SlimIndicatorPluginMediator@97279c6=SPluginInstanceManager@261202161 (action=com.samsung.systemui.action.SPLUGIN_SLIMINDICATOR), com.samsung.android.systemui.multistar.MultiStarManager$1@ca1d587=SPluginInstanceManager@191964374 (action=com.samsung.systemui.action.PLUGIN_MULTISTAR), com.android.systemui.lockstar.PluginLockStarManager@de927af=SPluginInstanceManager@199889751 (action=com.samsung.systemui.action.PLUGIN_LOCK_STAR), com.android.systemui.volume.VolumeStarInteractor$1@e9b1049=SPluginInstanceManager@14216772 (action=com.samsung.systemui.volume.PLUGIN)}
12-09 14:19:07.071  1240  2061 E system_server: No package ID 7f found for ID 0x7f070072.
12-09 14:19:07.071  1240  2061 E system_server: No package ID 7f found for ID 0x7f100026.
12-09 14:19:07.071  1240  2061 E system_server: No package ID 7f found for ID 0x7f070072.
12-09 14:19:07.071  1240  2061 E system_server: No package ID 7f found for ID 0x7f100027.
12-09 14:19:07.071  1240  2061 E system_server: No package ID 7f found for ID 0x7f070074.
12-09 14:19:07.071  1240  2061 E system_server: No package ID 7f found for ID 0x7f10002a.
12-09 14:19:07.074  2175  2175 D FaceWidgetMetadataParser: updatePackage() com.myterm true
12-09 14:19:07.075  2175  2175 W FaceWidgetMetadataParser: updatePackage() there is no metadata
12-09 14:19:07.076  2175  2175 D FaceWidgetMetadataParser: removePackage() key = com.myterm
12-09 14:19:07.076  1240  1934 D SEP_UNION_SemDeviceInfoManagerService: onReceive : android.intent.action.PACKAGE_ADDED, userId = 0 
12-09 14:19:07.078  1240  1240 D SGM:GameManager: identifyGamePackage. com.myterm, mCurrentUserId: 0, callerUserId: 0, callingMethodInfo: com.samsung.android.game.SemGameManager.isGamePackage(SemGameManager.java:104)
12-09 14:19:07.078  1240  1240 D SGM:PkgDataHelper: getGamePkgData(). com.myterm
12-09 14:19:07.078  1240  1240 D SGM:SemGameManager: isGamePackage(), pkgName=com.myterm, ret=false
12-09 14:19:07.079  2509  2509 D RegisteredNfcFServicesCache: Service unchanged, not updating
12-09 14:19:07.079  2141  2141 V AvrcpMediaPlayerList: mPackageChangedBroadcastReceiver: action: android.intent.action.PACKAGE_ADDED
12-09 14:19:07.079  1240  1240 D DARUtil : Device owner status not updated yet...
12-09 14:19:07.079  1240  1240 D DARUtil : Not an enterprise user : 0
12-09 14:19:07.079  3230  3269 I PackageInfoManager_FLP: action : ACTION_PACKAGE_ADDED, packageName = com.myterm
12-09 14:19:07.082  1240  2077 D SGM:GameManager: identifyGamePackage. com.myterm, mCurrentUserId: 0, callerUserId: 0, callingMethodInfo: com.samsung.android.game.SemGameManager.isGamePackage(SemGameManager.java:104)
12-09 14:19:07.082  1240  2077 D SGM:PkgDataHelper: getGamePkgData(). com.myterm
12-09 14:19:07.082  1240  2077 D SGM:SemGameManager: isGamePackage(), pkgName=com.myterm, ret=false
12-09 14:19:07.082 18996 19032 I SystemBroadcastReceiver: [#CMH#] onReceive completed :  0
12-09 14:19:07.082  3527  3527 I GsaVoiceInteractionSrv: O received Intent { act=android.intent.action.PACKAGE_ADDED dat=package:com.myterm flg=0x4000010 (has extras) }
12-09 14:19:07.082 18996 18996 I d       : [#CMH#] onPackageAdded  null
12-09 14:19:07.083  1240  1273 W BroadcastQueue: Background execution not allowed: receiving Intent { act=android.intent.action.PACKAGE_ADDED dat=package:com.myterm flg=0x4000010 (has extras) } to com.google.android.packageinstaller/com.android.packageinstaller.PackageInstalledReceiver
12-09 14:19:07.084  1240  1273 W BroadcastQueue: Background execution not allowed: receiving Intent { act=android.intent.action.PACKAGE_ADDED dat=package:com.myterm flg=0x4000010 (has extras) } to com.android.vending/com.google.android.finsky.packagemanager.impl.PackageMonitorReceiverImpl$RegisteredReceiver
12-09 14:19:07.084  1240  1273 W BroadcastQueue: Background execution not allowed: receiving Intent { act=android.intent.action.PACKAGE_ADDED dat=package:com.myterm flg=0x4000010 (has extras) } to com.google.android.gms/.games.chimera.GamesSystemBroadcastReceiverProxy
12-09 14:19:07.084  1240  1273 W BroadcastQueue: Background execution not allowed: receiving Intent { act=android.intent.action.PACKAGE_ADDED dat=package:com.myterm flg=0x4000010 (has extras) } to com.google.android.gms/.gass.chimera.PackageChangeBroadcastReceiver
12-09 14:19:07.084  2587  2587 I Finsky  : [2] opn.i(0): PackageMonitorReceiverImpl - Received: android.intent.action.PACKAGE_ADDED, [6fI_KUnMxf53DXvpzTUm3rQlMS8OSmB-fgDHkwxM4Oc]
12-09 14:19:07.085  2587  2587 I Finsky  : [2] oqc.n(8): Invalidating cached PackageState for com.myterm
12-09 14:19:07.086  1240  1240 I Telecom : DefaultDialerCache: Refreshing default dialer for user 0: now com.samsung.android.dialer: DDC.oR@AHg
12-09 14:19:07.086  1240  1240 I Telecom:SamsungCommonPolicyPackageBroadcastReceiver: action : android.intent.action.PACKAGE_ADDED / packageName : com.myterm
12-09 14:19:07.086  1240  2882 I Telecom:SamsungCommonPolicyPackageHandler: handleMessage : 0
12-09 14:19:07.086  1240  2882 I Telecom:SamsungAllowedPhoneAccountFilterManager: filterSalesCode - salesCodesOption : EXCLUDE / allowedPhoneAccount : SamsungPhoneAccount { RawData : com.google.android.apps.tachyon,,exclude:CDR;UFN;UFU;SAM;CHC;TCE;GCF,,default:200;SKC:900;KTC:900;LUC:900 / PackageName : com.google.android.apps.tachyon / ComponentName :  / Component : null / SalesCodesOption : EXCLUDE / SalesCodeList : [CDR, UFN, UFU, SAM, CHC, TCE, GCF] / ModelNameOption : ALL / ModelNameList : [] / OrdersMap : {default=200, SKC=900, KTC=900, LUC=900} / Order : 200 / PhoneAccount : null / SelfManaged : false / Allowed : true
12-09 14:19:07.087  1240  2882 I Telecom:SamsungAllowedPhoneAccountFilterManager: filterModelName - modelNameOption : ALL / allowedPhoneAccount : SamsungPhoneAccount { RawData : com.google.android.apps.tachyon,,exclude:CDR;UFN;UFU;SAM;CHC;TCE;GCF,,default:200;SKC:900;KTC:900;LUC:900 / PackageName : com.google.android.apps.tachyon / ComponentName :  / Component : null / SalesCodesOption : EXCLUDE / SalesCodeList : [CDR, UFN, UFU, SAM, CHC, TCE, GCF] / ModelNameOption : ALL / ModelNameList : [] / OrdersMap : {default=200, SKC=900, KTC=900, LUC=900} / Order : 200 / PhoneAccount : null / SelfManaged : false / Allowed : true
12-09 14:19:07.087  1240  2882 I Telecom:SamsungAllowedPhoneAccountFilterManager: filterSalesCode - salesCodesOption : INCLUDE / allowedPhoneAccount : SamsungPhoneAccount { RawData : com.skt.prod.together,,include:SKC;KOO,,SKC:100 / PackageName : com.skt.prod.together / ComponentName :  / Component : null / SalesCodesOption : INCLUDE / SalesCodeList : [SKC, KOO] / ModelNameOption : ALL / ModelNameList : [] / OrdersMap : {SKC=100} / Order : 1000 / PhoneAccount : null / SelfManaged : false / Allowed : true
12-09 14:19:07.087  1240  2882 I Telecom:SamsungAllowedPhoneAccountFilterManager: filterModelName - modelNameOption : ALL / allowedPhoneAccount : SamsungPhoneAccount { RawData : com.skt.prod.together,,include:SKC;KOO,,SKC:100 / PackageName : com.skt.prod.together / ComponentName :  / Component : null / SalesCodesOption : INCLUDE / SalesCodeList : [SKC, KOO] / ModelNameOption : ALL / ModelNameList : [] / OrdersMap : {SKC=100} / Order : 1000 / PhoneAccount : null / SelfManaged : false / Allowed : true
12-09 14:19:07.087  1240  2882 I Telecom:SamsungAllowedPhoneAccountFilterManager: filterSalesCode - salesCodesOption : INCLUDE / allowedPhoneAccount : SamsungPhoneAccount { RawData : com.kt.narle,,include:KTC,,KTC:300 / PackageName : com.kt.narle / ComponentName :  / Component : null / SalesCodesOption : INCLUDE / SalesCodeList : [KTC] / ModelNameOption : ALL / ModelNameList : [] / OrdersMap : {KTC=300} / Order : 1000 / PhoneAccount : null / SelfManaged : false / Allowed : true
12-09 14:19:07.089  1240  1898 D OverlayManager: Update package manager about changed overlays, packageSize : 1, updateFrameworkRes : false, pruneTargets : false, userId : 0
12-09 14:19:07.089  2132  2132 E PhoneInterfaceManager: [PhoneIntfMgr] getCarrierPackageNamesForIntentAndPhone: No UICC
12-09 14:19:07.089  2132  2132 D CarrierSvcBindHelper: No carrier app for: 0
12-09 14:19:07.090  2132  5591 D SemCarrierFeature: [get] phoneId should be 0 or 1
12-09 14:19:07.091  1240  1898 D OverlayManager: -> Updating overlay: target=com.myterm overlays=[OverlayPaths { resourceDirs = [], overlayPaths = [] }] userId=0
12-09 14:19:07.092  1240  1898 I SWT_ThemeManager: com.myterm doesn't have metadata
12-09 14:19:07.092  1240  1898 D OverlayManager: commit OverlayManagerTransaction { mRequests = [] }
12-09 14:19:07.093  1240  1240 I DomainFilter: onReceive() - Intent { act=android.intent.action.PACKAGE_ADDED dat=package:com.myterm flg=0x4000010 (has extras) }
12-09 14:19:07.093  1240  2077 D SemWifiPackageInfo: isSkipCategory - skip:NONE
12-09 14:19:07.093  1240  1240 I DomainFilter: packageAdded() - packageName: com.myterm, uid: 0
12-09 14:19:07.093  1240  1240 I Firewall: onReceive() - Intent { act=android.intent.action.PACKAGE_ADDED dat=package:com.myterm flg=0x4000010 (has extras) }
12-09 14:19:07.095  2132  2132 I VvmPkgInstalledRcvr: onReceive(): android.intent.action.PACKAGE_ADDED
12-09 14:19:07.096  1240  2745 I Telecom:SamsungTelecomServiceImpl: getSystemDialerPackage - callingPid : 2132 / processName : sts
12-09 14:19:07.096  1240  1932 D CompatibilityChangeReporter: Compat change id reported: 135634846; UID 10245; state: DISABLED
12-09 14:19:07.096  1240  1932 D CompatibilityChangeReporter: Compat change id reported: 177438394; UID 10245; state: DISABLED
12-09 14:19:07.096  2132  2132 I VvmPkgInstalledRcvr: packageName: com.myterm, systemDialer: com.samsung.android.dialer
12-09 14:19:07.097  1240  1932 D CompatibilityChangeReporter: Compat change id reported: 135772972; UID 10245; state: DISABLED
12-09 14:19:07.097  1240  2745 I Telecom:SamsungTelecomServiceImpl: getCallCapablePhoneAccounts - includeDisabledAccounts : false / callingPackage : com.android.phone
12-09 14:19:07.097  1240  1932 D CompatibilityChangeReporter: Compat change id reported: 135754954; UID 10245; state: ENABLED
12-09 14:19:07.097  2132  2132 I VvmPkgInstalledRcvr: capablePhoneAccounts : [ComponentInfo{com.android.phone/com.android.services.telephony.TelephonyConnectionService}, ***, UserHandle{0}]
12-09 14:19:07.097  2132  2132 I VvmPkgInstalledRcvr: capablePhoneAccounts.size : 1
12-09 14:19:07.097  1240  1256 I Telecom:SamsungTelecomServiceImpl: getCallCapablePhoneAccounts - includeDisabledAccounts : false / callingPackage : com.android.phone
12-09 14:19:07.098  2132  2132 I VvmPkgInstalledRcvr: phoneAccountHandle : ComponentInfo{com.android.phone/com.android.services.telephony.TelephonyConnectionService}, ***, UserHandle{0}
12-09 14:19:07.098  1240  1240 D ApplicationPolicy: No updatable permission to DENY found for com.myterm(0)
12-09 14:19:07.099  1240  1274 D CompatibilityChangeReporter: Compat change id reported: 143937733; UID 10245; state: ENABLED
12-09 14:19:07.099  1240  1240 D ApplicationPolicy: No updatable permission to GRANT found for com.myterm(0)
12-09 14:19:07.100  2132  2132 D PhoneUtils: getPhoneFromIccId, null
12-09 14:19:07.100  2132  2132 I VvmPkgInstalledRcvr: pinnedTelephonyManager : null
12-09 14:19:07.100  2132  2132 E VvmPkgInstalledRcvr: cannot create TelephonyManager from ComponentInfo{com.android.phone/com.android.services.telephony.TelephonyConnectionService}, ***, UserHandle{0}
12-09 14:19:07.100  2132  2132 D ImsResolver: maybeAddedImsService, packageName: com.myterm
12-09 14:19:07.101  1240  1240 D PackageManager: com.myterm.permission.RUN_COMMAND is a new runtime permission
12-09 14:19:07.102  2132  2132 D CarrierConfigLoader: mHandler: EVENT_PACKAGE_CHANGED phoneId: 0
12-09 14:19:07.113   842   842 D Zygote  : Forked child process 4479
12-09 14:19:07.116  2587  4475 I Finsky  : [150] jbf.run(20): Wrote row to frosting DB: 463
12-09 14:19:07.117  1240  1934 D CompatibilityChangeReporter: Compat change id reported: 135634846; UID 1000; state: DISABLED
12-09 14:19:07.117  1240  1934 D CompatibilityChangeReporter: Compat change id reported: 177438394; UID 1000; state: DISABLED
12-09 14:19:07.118  1240  1934 D CompatibilityChangeReporter: Compat change id reported: 135772972; UID 1000; state: DISABLED
12-09 14:19:07.118  1240  1934 D CompatibilityChangeReporter: Compat change id reported: 135754954; UID 1000; state: ENABLED
12-09 14:19:07.118  1240  2133 D SGM:GameManager: identifyGamePackage. com.myterm, mCurrentUserId: 0, callerUserId: 0, callingMethodInfo: com.samsung.android.game.SemGameManager.isGamePackage(SemGameManager.java:104)
12-09 14:19:07.118  1240  2133 D SGM:PkgDataHelper: getGamePkgData(). com.myterm
12-09 14:19:07.118  1240  2133 D SGM:SemGameManager: isGamePackage(), pkgName=com.myterm, ret=false
12-09 14:19:07.118  1240  2133 I Pageboost: appinfo : com.myterm 0 0 0 0
12-09 14:19:07.119  2132  5591 E CellBroadcastUtils: getDefaultCellBroadcastReceiverPackageName: no package found
12-09 14:19:07.122  1240  1934 D ActivityManager: Received SERVICE intent 0x55429cc Key{startService pkg=com.samsung.android.localeoverlaymanager intent=act=com.samsung.android.localeoverlaymanager.action.PACKAGE_ADDED cmp=com.samsung.android.localeoverlaymanager/.ResourceOverlayService flags=0x2000000 u=0} requestCode=2 from uid 1000
12-09 14:19:07.125  1240  1934 D SEP_UNION_SemDeviceInfoManagerService: sendIntentAction() action = android.intent.action.PACKAGE_ADDED, tag =  
12-09 14:19:07.125  1240  8885 I ActivityManager: Changes in 99000 10 to 5, 0 to 8
12-09 14:19:07.125  3668  3668 E CellBroadcastUtils: getDefaultCellBroadcastReceiverPackageName: no package found
12-09 14:19:07.126  1240  1263 D NetworkPolicy: onUidStateChanged() uid: 99000, isForeground(true, 5)
12-09 14:19:07.127  2141  2141 D HidDeviceService: handleMessage(): msg.what=8
12-09 14:19:07.132  1240  1563 D PackageSettings: ++ writeStateForUserSyncLPr(0)
12-09 14:19:07.134  1240  2133 D SGM:GameManager: identifyGamePackage. com.myterm, mCurrentUserId: 0, callerUserId: 0, callingMethodInfo: com.samsung.android.game.SemGameManager.isGamePackage(SemGameManager.java:104)
12-09 14:19:07.134  1240  2133 D SGM:PkgDataHelper: getGamePkgData(). com.myterm
12-09 14:19:07.134  1240  2133 D SGM:SemGameManager: isGamePackage(), pkgName=com.myterm, ret=false
12-09 14:19:07.134  1240  2133 I Pageboost: Reset this app info : com.myterm 
12-09 14:19:07.135  1240  2133 I Pageboost: db create : CREATE TABLE IF NOT EXISTS commyterm (FILENAME TEXT, OFFSET INTEGER, SIZE INTEGER, FORVRAMDISK INTEGER, BITMAP BLOB, unique (FILENAME, OFFSET) );
12-09 14:19:07.137  1240  1970 I InputReader: Reconfiguring input devices, changes=KEYBOARD_LAYOUTS |  16
12-09 14:19:07.146  2587  2587 I Finsky  : [2] ybx.c(3): Do not start WearSupportService due to Wear service optimization
12-09 14:19:07.149  4479  4479 E ssioncontrolle: Not starting debugger since process cannot load the jdwp agent.
12-09 14:19:07.150  2587  2587 I Finsky  : [2] sdj.a(8): Clearing split related stale data.
12-09 14:19:07.151  4479  4479 E USNET   : USNET: appName: com.google.android.permissioncontroller
12-09 14:19:07.151  4479  4479 D ProcessState: Binder ioctl to enable oneway spam detection failed: Invalid argument
12-09 14:19:07.152  1240  2133 I Pageboost: add app to global @ runtime: com.myterm
12-09 14:19:07.152  4479  4479 D ActivityThread: setConscryptValidator
12-09 14:19:07.152  4479  4479 D ActivityThread: setConscryptValidator - put
12-09 14:19:07.160  2587  4475 I Finsky  : [150] jbf.run(20): Wrote row to frosting DB: 464
12-09 14:19:07.160  2587  4501 I Finsky  : [156] fiw.accept(35): Asset module storage cleared for package com.myterm.
12-09 14:19:07.173  1240  1563 W PackageSettings: -- writeStateForUserSyncLPr(0)
12-09 14:19:07.186  1240  3994 D CompatibilityChangeReporter: Compat change id reported: 168419799; UID 10213; state: DISABLED
12-09 14:19:07.192  1240  1273 W BroadcastQueue: Background execution not allowed: receiving Intent { act=android.intent.action.PACKAGE_ADDED dat=package:com.myterm flg=0x4000010 (has extras) } to com.google.android.gms/.chimera.GmsIntentOperationService$PersistentTrustedReceiver
12-09 14:19:07.196  1240  1256 W ActivityManager: Slow operation: 101ms so far, now at startProcess: done updating battery stats
12-09 14:19:07.196  1240  1256 W ActivityManager: Slow operation: 101ms so far, now at startProcess: building log message
12-09 14:19:07.196  1240  1256 I ActivityManager: Start proc 4479:com.google.android.permissioncontroller/u0a245 for service {com.google.android.permissioncontroller/com.android.permissioncontroller.role.service.RoleControllerServiceImpl}
12-09 14:19:07.196  1240  1256 W ActivityManager: Slow operation: 101ms so far, now at startProcess: starting to update pids map
12-09 14:19:07.196  1240  1256 W ActivityManager: Slow operation: 101ms so far, now at startProcess: done updating pids map
12-09 14:19:07.197  1240  1256 D CompatibilityChangeReporter: Compat change id reported: 168419799; UID 10245; state: DISABLED
12-09 14:19:07.199  1240  1256 I ActivityManager: DSS OFF for com.google.android.permissioncontroller
12-09 14:19:07.206  1240  1256 D ActivityManager: attachApplicationLocked() app=ProcessRecord{5203861 4479:com.google.android.permissioncontroller/u0a245} app.isolatedEntryPoint=null instr2=null
12-09 14:19:07.209  1240  1256 D CompatibilityChangeReporter: Compat change id reported: 181136395; UID 10137; state: DISABLED
12-09 14:19:07.210  1240  1263 D NetworkPolicy: onUidStateChanged() uid: 10245, isForeground(false, 6)
12-09 14:19:07.212  2141  2141 D HidDeviceService: handleMessage(): msg.what=8
12-09 14:19:07.213  4479  4479 D ActivityThread: handleBindApplication()++ app=com.google.android.permissioncontroller
12-09 14:19:07.213  1240  1274 W ActivityManager: Slow operation: 99ms so far, now at startProcess: asking zygote to start proc
12-09 14:19:07.214  4479  4479 D CompatibilityChangeReporter: Compat change id reported: 171979766; UID 10245; state: ENABLED
12-09 14:19:07.214  1240  1934 D ActivityManager: Received BROADCAST intent 0xf9df32a Key{broadcastIntent pkg=com.sec.android.diagmonagent intent=act=com.sec.android.diagmonagent.intent.PACKAGE_ADDED pkg=com.sec.android.diagmonagent cmp=com.sec.android.diagmonagent/.sa.datalogging.monitor.AppInstallationMonitor$AppInstallationBroadcastReceiver flags=0x2000000 u=0} requestCode=0 sent=0 from uid 1000
12-09 14:19:07.214  1240  1934 D SEP_UNION_SemDeviceInfoManagerService: sendIntentAction() action = android.intent.action.PACKAGE_ADDED, tag =  
12-09 14:19:07.219  1240  2521 I ActivityManager: Changes in 99000 5 to 10, 8 to 0
12-09 14:19:07.220  1240  1263 D NetworkPolicy: onUidStateChanged() uid: 99000, isForeground(false, 10)
12-09 14:19:07.220  1240  9188 D SamsungAlarmManager: setInexact (T:3/F:0/AC:false) 20341207T141907 now=33969684 - CU:10213/CP:25601/OP:PendingIntent{7dc3d72: PendingIntentRecord{bab15c3 com.google.android.gms/ startService}}
12-09 14:19:07.220  2141  2141 D HidDeviceService: handleMessage(): msg.what=8
12-09 14:19:07.221  1240  1273 W BroadcastQueue: Background execution not allowed: receiving Intent { act=android.intent.action.PACKAGE_ADDED dat=package:com.myterm flg=0x4000010 (has extras) } to com.google.android.googlequicksearchbox/com.google.android.apps.gsa.googlequicksearchbox.GelStubAppWatcher
12-09 14:19:07.222  1240  9188 V SamsungAlarmManager: setLocked to kernel - W:34040615 / NW:34004214, now=33969686
12-09 14:19:07.226   842   842 D Zygote  : Forked child process 4505
12-09 14:19:07.226  1240  1274 W ActivityManager: Slow operation: 112ms so far, now at startProcess: returned from zygote!
12-09 14:19:07.227  1240  1289 D FASDataManager: getFASDataFromDB fasEntityList size : 31
12-09 14:19:07.233  1240  1289 D MARsPolicyManager: updateMARsTargetPackages mMARsTargetPackages.size-30
12-09 14:19:07.234  1240  1934 D ActivityManager: Received BROADCAST intent 0x6b17ada Key{broadcastIntent pkg=com.android.systemui intent=act=com.samsung.android.app.edgelighting.PACKAGE_ADDED cmp=com.android.systemui/.edgelighting.EdgeLightingReceiver$1 flags=0x2000000 u=0} requestCode=0 sent=0 from uid 1000
12-09 14:19:07.234  1240  1934 D SEP_UNION_SemDeviceInfoManagerService: sendIntentAction() action = android.intent.action.PACKAGE_ADDED, tag =  
12-09 14:19:07.234  1240  1274 W ActivityManager: Slow operation: 120ms so far, now at startProcess: done updating battery stats
12-09 14:19:07.234  1240  1274 W ActivityManager: Slow operation: 121ms so far, now at startProcess: building log message
12-09 14:19:07.234  1240  1274 I ActivityManager: Start proc 4505:com.samsung.android.localeoverlaymanager/1000 for service {com.samsung.android.localeoverlaymanager/com.samsung.android.localeoverlaymanager.ResourceOverlayService}
12-09 14:19:07.234  1240  1274 W ActivityManager: Slow operation: 121ms so far, now at startProcess: starting to update pids map
12-09 14:19:07.235  1240  1274 W ActivityManager: Slow operation: 121ms so far, now at startProcess: done updating pids map
12-09 14:19:07.235  1240  1273 W BroadcastQueue: Background execution not allowed: receiving Intent { act=android.intent.action.PACKAGE_ADDED dat=package:com.myterm flg=0x4000010 (has extras) } to com.microsoft.appmanager/com.microsoft.mmx.continuity.receiver.InstallUninstallReceiver
12-09 14:19:07.236  1240  1934 D ActivityManager: Received BROADCAST intent 0xa5125c9 Key{broadcastIntent pkg=com.samsung.android.provider.filterprovider intent=act=com.samsung.android.provider.filterprovider.INTENT_PACKAGE_ADDED cmp=com.samsung.android.provider.filterprovider/.PackageIntentReceiver flags=0x0 u=0} requestCode=0 sent=0 from uid 1000
12-09 14:19:07.236  1240  1273 W BroadcastQueue: Background execution not allowed: receiving Intent { act=android.intent.action.PACKAGE_ADDED dat=package:com.myterm flg=0x4000010 (has extras) } to com.samsung.android.app.taskedge/.edgepanel.TaskEdgePanelProvider
12-09 14:19:07.236  1240  1934 D SEP_UNION_SemDeviceInfoManagerService: sendIntentAction() action = android.intent.action.PACKAGE_ADDED, tag =  
12-09 14:19:07.245  1240  3994 D SamsungAlarmManager: setInexact (T:3/F:0/AC:false) 20341207T141907 now=33969709 - CU:10213/CP:26056/OP:PendingIntent{91f4b1f: PendingIntentRecord{4309e6c com.google.android.gms/ startService}}
12-09 14:19:07.245  1240  3994 V SamsungAlarmManager: setLocked to kernel - W:34040615 / NW:34004214, now=33969709
12-09 14:19:07.247  1240  1273 W BroadcastQueue: Background execution not allowed: receiving Intent { act=android.intent.action.PACKAGE_ADDED dat=package:com.myterm flg=0x4000010 (has extras) } to com.sec.android.app.safetyassurance/.emergencyreporthelper.EmergencyReportStartMonitorReceiver
12-09 14:19:07.247  1240  1273 W BroadcastQueue: Background execution not allowed: receiving Intent { act=android.intent.action.PACKAGE_ADDED dat=package:com.myterm flg=0x4000010 (has extras) } to com.sec.android.app.samsungapps/.receiver.PackageAddedReceiver
12-09 14:19:07.248  1240  1273 W BroadcastQueue: Background execution not allowed: receiving Intent { act=android.intent.action.PACKAGE_ADDED dat=package:com.myterm flg=0x4000010 (has extras) } to com.sec.imsservice/com.sec.internal.ims.imsservice.ImsIntentReceiver
12-09 14:19:07.250  1240  1934 D CompatibilityChangeReporter: Compat change id reported: 135634846; UID 10057; state: DISABLED
12-09 14:19:07.250  1240  1934 D CompatibilityChangeReporter: Compat change id reported: 177438394; UID 10057; state: DISABLED
12-09 14:19:07.251  1240  1934 D CompatibilityChangeReporter: Compat change id reported: 135772972; UID 10057; state: DISABLED
12-09 14:19:07.251  1240  1934 D CompatibilityChangeReporter: Compat change id reported: 135754954; UID 10057; state: ENABLED
12-09 14:19:07.252  1240  1274 D CompatibilityChangeReporter: Compat change id reported: 143937733; UID 10057; state: ENABLED
12-09 14:19:07.253  1240  1273 I ActivityManager: com.google.android.packageinstaller is exempt from freezer
12-09 14:19:07.253  1240  1934 D ActivityManager: Received SERVICE intent 0x1e110cc Key{startService pkg=com.samsung.android.app.galaxyfinder intent=act=package_changed cmp=com.samsung.android.app.galaxyfinder/.acceleration.AppCoreService flags=0x0 u=0} requestCode=0 from uid 1000
12-09 14:19:07.253  1240  1934 D SEP_UNION_SemDeviceInfoManagerService: sendIntentAction() action = android.intent.action.PACKAGE_ADDED, tag =  
12-09 14:19:07.253  1240  1273 D CompatibilityChangeReporter: Compat change id reported: 135634846; UID 10060; state: DISABLED
12-09 14:19:07.253  1240  1273 D CompatibilityChangeReporter: Compat change id reported: 177438394; UID 10060; state: DISABLED
12-09 14:19:07.253  1240  1273 D CompatibilityChangeReporter: Compat change id reported: 135772972; UID 10060; state: DISABLED
12-09 14:19:07.253  1240  1273 D CompatibilityChangeReporter: Compat change id reported: 135754954; UID 10060; state: ENABLED
12-09 14:19:07.254  1240  1934 D ActivityManager: Received BROADCAST intent 0xb74b083 Key{broadcastIntent pkg=com.android.settings intent=act=com.samsung.android.settings.intent.action.PACKAGE_ADDED flg=0x10000000 cmp=com.android.settings/com.samsung.android.settings.applications.cachedb.AppListCacheReceiver flags=0x2000000 u=0} requestCode=0 sent=0 from uid 1000
12-09 14:19:07.254  1240  1934 D SEP_UNION_SemDeviceInfoManagerService: sendIntentAction() action = android.intent.action.PACKAGE_ADDED, tag =  
12-09 14:19:07.262   842   842 D Zygote  : Forked child process 4513
12-09 14:19:07.267  1240  1274 I ActivityManager: Start proc 4513:com.samsung.android.app.galaxyfinder:appservice/u0a57 for service {com.samsung.android.app.galaxyfinder/com.samsung.android.app.galaxyfinder.acceleration.AppCoreService}
12-09 14:19:07.267  1240  1274 D CompatibilityChangeReporter: Compat change id reported: 143937733; UID 10060; state: ENABLED
12-09 14:19:07.270  4505  4505 E eoverlaymanage: Not starting debugger since process cannot load the jdwp agent.
12-09 14:19:07.271  4505  4505 E USNET   : USNET: appName: com.samsung.android.localeoverlaymanager
12-09 14:19:07.273  4505  4505 D ProcessState: Binder ioctl to enable oneway spam detection failed: Invalid argument
12-09 14:19:07.274  4505  4505 D ActivityThread: setConscryptValidator
12-09 14:19:07.274  4505  4505 D ActivityThread: setConscryptValidator - put
12-09 14:19:07.276  4479  4479 V GraphicsEnvironment: ANGLE Developer option for 'com.google.android.permissioncontroller' set to: 'default'
12-09 14:19:07.278  1240  2521 D CompatibilityChangeReporter: Compat change id reported: 168419799; UID 1000; state: DISABLED
12-09 14:19:07.279  1240  2521 I ActivityManager: DSS OFF for com.samsung.android.localeoverlaymanager
12-09 14:19:07.279  4479  4479 D LoadedApk: LoadedApk::makeApplication() appContext.mOpPackageName=com.google.android.permissioncontroller appContext.mBasePackageName=com.google.android.permissioncontroller
12-09 14:19:07.279  4479  4479 D NetworkSecurityConfig: No Network Security Config specified, using platform default
12-09 14:19:07.281  4479  4479 D NetworkSecurityConfig: No Network Security Config specified, using platform default
12-09 14:19:07.293  1240  2521 D ActivityManager: attachApplicationLocked() app=ProcessRecord{2bcbf55 4505:com.samsung.android.localeoverlaymanager/1000} app.isolatedEntryPoint=null instr2=null
12-09 14:19:07.301   842   842 D Zygote  : Forked child process 4527
12-09 14:19:07.305  1240  1266 I WindowManager: Reparenting to original parent: Surface(name=WindowToken{777e83c android.os.Binder@c515a2f})/@0xc217170, destroy=true, surface=Surface(name=49cd41 Toast)/@0x2bb37b3
12-09 14:19:07.307  4505  4505 D ActivityThread: handleBindApplication()++ app=com.samsung.android.localeoverlaymanager
12-09 14:19:07.309  4505  4505 D CompatibilityChangeReporter: Compat change id reported: 171979766; UID 1000; state: ENABLED
12-09 14:19:07.313  1240  1266 D CompatibilityChangeReporter: Compat change id reported: 158002302; UID 10137; state: ENABLED
12-09 14:19:07.321  1076  1076 I Layer   : id=166 removedFromDrawingState Surface(name=49cd41 Toast)/@0x2bb37b3 - animation-leash of window_animation#0 (98)
12-09 14:19:07.321  1076  1076 I SurfaceFlinger: id=166 Removed Surface(name=49cd41 Toast)/@0x2bb37b3 - animation-leash of window_animation#0 (98)
12-09 14:19:07.321  1240  1274 W ActivityManager: Slow operation: 68ms so far, now at startProcess: done updating battery stats
12-09 14:19:07.321  1076  1076 I Layer   : id=166 Destroyed Surface(name=49cd41 Toast)/@0x2bb37b3 - animation-leash of window_animation#0
12-09 14:19:07.321  1240  1274 W ActivityManager: Slow operation: 69ms so far, now at startProcess: building log message
12-09 14:19:07.321  1240  1274 I ActivityManager: Start proc 4527:com.google.android.packageinstaller/u0a60 for broadcast {com.google.android.packageinstaller/com.android.packageinstaller.PackageInstalledReceiver}
12-09 14:19:07.322  1240  1274 W ActivityManager: Slow operation: 69ms so far, now at startProcess: starting to update pids map
12-09 14:19:07.322  4479  4479 D ActivityThread: handleBindApplication() --
12-09 14:19:07.322  1240  1274 W ActivityManager: Slow operation: 70ms so far, now at startProcess: done updating pids map
12-09 14:19:07.323  1240  1274 W ActivityManager: Slow operation: 66ms so far, now at startProcess: asking zygote to start proc
12-09 14:19:07.330  4513  4513 E nder:appservic: Not starting debugger since process cannot load the jdwp agent.
12-09 14:19:07.336   999  2362 I sensors-hal: handle_sns_std_sensor_event:218, phy lux: 217, raw lux : 2, brightness: 1273, mode: 0, gain: 133, add1: 38, add2: 20, ts=33969785163090
12-09 14:19:07.337 26056  4537 W GCM     : Unexpected forwarded intent: Intent { act=android.intent.action.PACKAGE_ADDED dat=package:com.myterm flg=0x4000010 pkg=com.google.android.gms cmp=com.google.android.gms/.chimera.PersistentIntentOperationService (has extras) }
12-09 14:19:07.337  4527  4527 E ackageinstalle: Not starting debugger since process cannot load the jdwp agent.
12-09 14:19:07.341  4479  4479 E FeatureUtil: filePath /optics/configs/carriers/single/KOO/conf/system/customer_carrier_feature.json carrierGroup KOO canonicalId -1
12-09 14:19:07.341   842   842 D Zygote  : Forked child process 4558
12-09 14:19:07.341  4513  4513 E USNET   : USNET: appName: com.samsung.android.app.galaxyfinder:appservice
12-09 14:19:07.342  4479  4479 D SemCarrierFeature: update carrier default features : 0
12-09 14:19:07.342  4479  4479 D SemCarrierFeature: update carrier features : 0:-1
12-09 14:19:07.342  4479  4479 E FeatureUtil: filePath /optics/configs/carriers/single/KOO/conf/system/customer_carrier_feature.json carrierGroup KOO canonicalId -1
12-09 14:19:07.342  1240  1274 W ActivityManager: Slow operation: 85ms so far, now at startProcess: returned from zygote!
12-09 14:19:07.342  4479  4479 D SemCarrierFeature: [get] phoneId should be 0 or 1
12-09 14:19:07.342  1240  1274 W ActivityManager: Slow operation: 85ms so far, now at startProcess: done updating battery stats
12-09 14:19:07.342  1240  1274 W ActivityManager: Slow operation: 85ms so far, now at startProcess: building log message
