12-07 01:54:07.706  5350  5852 V CpEventLog(u0): cp_state: [               aggregated = {} ]
12-07 01:54:07.706  5350  5852 V CpEventLog(u0): cp_state: [                  request = {} ]
12-07 01:54:07.706  5350  5852 V CpEventLog(u0): cp_state: [                    calls = {types={}, database=calllog.db} ]
12-07 01:54:07.706  5350  5852 V CpEventLog(u0): cp_state: [                  profile = {contacts=0, raw_contacts=0, data=0, account={secphone(1)=0}, trash=0, trash_acc={}, trash_sync=0, database=profile.db} ]
12-07 01:54:07.706  5350  5852 V CpEventLog(u0): cp_state: [               sa_profile = {contacts=0, raw_contacts=0, data=0, account={secphone(1)=0}, trash=0, trash_acc={}, trash_sync=0, database=profile_sa.db} ]
12-07 01:54:07.706  5350  5852 V CpEventLog(u0): cp_state: [                      etc = {binders=0, country_iso=KR, version=15.2.26, db_version=1802, csc=KOO/KOR} ]
12-07 01:54:07.706  5350  5852 V CpEventLog(u0): cp_state: ------------------------------------------------------------------------------
12-07 01:54:08.331  4858  5718 I SDHMS:C : SIOP:: AP:288 BAT:273 USB:275 CHG:285 PA:294 WIFI:284 CF:278 BLK:0 SUBBAT:0 SKIN:276 SKINF:276 SKINB:273 LRP:276 LRP2:276 LRF2:276 LRB2:273 AP2:276 CHG2:273 WIFI2:274 UANT2:272 DANT2:268 RCV2:271 SPK2:275 FCAM:275 UPSPK:278 DNSPK:275 AMB:241 AVGCUR:2
12-07 01:54:08.470  2296  2712 D ActivityManager: Received BROADCAST intent 0x5afda68 Key{broadcastIntent pkg=com.google.android.gms/com.google.android.gms.scheduler intent=act=com.google.android.gms.gcm.ACTION_CHECK_QUEUE cmp=com.google.android.gms/.gcm.nts.SchedulerInternalReceiver flags=0x2000000 u=0} requestCode=0 sent=0 from uid 1000
12-07 01:54:08.520  5210  5210 D BoundBrokerSvc: onBind: Intent { act=com.google.android.gms.checkin.internal.scheduler.ScheduledCheckinGmsTaskService.ACTION_TASK_READY dat=chimera-action:/... cmp=com.google.android.gms/.chimera.GmsInternalBoundBrokerService }
12-07 01:54:08.520  5210  5210 D BoundBrokerSvc: Loading bound service for intent: Intent { act=com.google.android.gms.checkin.internal.scheduler.ScheduledCheckinGmsTaskService.ACTION_TASK_READY dat=chimera-action:/... cmp=com.google.android.gms/.chimera.GmsInternalBoundBrokerService }
12-07 01:54:08.525  3899 29444 I NetworkScheduler.Stats: (REDACTED) Task %s/%s started execution. cause:%s exec_start_elapsed_seconds: %s
12-07 01:54:08.525  5210 17862 I Checkin : [ScheduledCheckinGmsTaskService] onRunTask
12-07 01:54:08.528  5210 17862 I WakefulBroadcastRcvr: Processing wakeful broadcast: com.google.android.gms.checkin.CHECKIN_START_ACTION
12-07 01:54:08.531  5210 29285 I Checkin : [CheckinIntentOperation] onHandleIntent, Intent { act=com.google.android.gms.checkin.CHECKIN_START_ACTION cat=[targeted_intent_op_prefix:.checkin.CheckinIntentOperation] cmp=com.google.android.gms/.chimera.GmsIntentOperationService (has extras) }
12-07 01:54:08.533  3899 29029 I NetworkScheduler.Stats: (REDACTED) Task %s/%s started execution. cause:%s exec_start_elapsed_seconds: %s
12-07 01:54:08.533  5210 12717 I Checkin : [ScheduledCheckinGmsTaskService] onRunTask
12-07 01:54:08.537  5210 12717 I WakefulBroadcastRcvr: Processing wakeful broadcast: com.google.android.gms.checkin.CHECKIN_START_ACTION
12-07 01:54:08.538  5210 29285 W GmsTaskScheduler: ScheduledCheckinGmsTaskService is not available. This may cause the task to be lost.
12-07 01:54:08.538  3899 29029 I NetworkScheduler.Stats: (REDACTED) Task %s/%s finished executing. cause:%s result: %s elapsed_millis: %s uptime_millis: %s exec_start_elapsed_seconds: %s
12-07 01:54:08.544  5210  5210 D BoundBrokerSvc: onUnbind: Intent { act=com.google.android.gms.checkin.internal.scheduler.ScheduledCheckinGmsTaskService.ACTION_TASK_READY dat=chimera-action:/... cmp=com.google.android.gms/.chimera.GmsInternalBoundBrokerService }
12-07 01:54:08.545  3899 29029 I NetworkScheduler.Stats: (REDACTED) Task %s/%s finished executing. cause:%s result: %s elapsed_millis: %s uptime_millis: %s exec_start_elapsed_seconds: %s
12-07 01:54:08.546  5210 29285 W Checkin : [SimHelper] SIM IDs not available by subscription
12-07 01:54:08.557  2296  3437 D CompatibilityChangeReporter: Compat change id reported: 135634846; UID 10266; state: DISABLED
12-07 01:54:08.557  2296  3437 D CompatibilityChangeReporter: Compat change id reported: 177438394; UID 10266; state: DISABLED
12-07 01:54:08.557  2296  3437 D CompatibilityChangeReporter: Compat change id reported: 135772972; UID 10266; state: DISABLED
12-07 01:54:08.558  2296  3437 D CompatibilityChangeReporter: Compat change id reported: 135754954; UID 10266; state: ENABLED
12-07 01:54:08.559  2296  2446 D CompatibilityChangeReporter: Compat change id reported: 143937733; UID 10266; state: ENABLED
12-07 01:54:08.584  1389  1389 D Zygote  : Forked child process 29532
12-07 01:54:08.585  2296  2446 I ActivityManager: Start proc 29532:com.google.android.gms.unstable/u0a266 for service {com.google.android.gms/com.google.android.gms.droidguard.DroidGuardService}
12-07 01:54:08.614 29532 29532 I id.gms.unstable: Using CollectorTypeCMC GC.
12-07 01:54:08.619 29532 29532 E id.gms.unstable: Not starting debugger since process cannot load the jdwp agent.
12-07 01:54:08.626 29532 29532 D ActivityThread: setConscryptValidator
12-07 01:54:08.626 29532 29532 D ActivityThread: setConscryptValidator - put
12-07 01:54:08.634  2296  3437 D CompatibilityChangeReporter: Compat change id reported: 168419799; UID 10266; state: DISABLED
12-07 01:54:08.634  2296  3437 D CompatibilityChangeReporter: Compat change id reported: 273564678; UID 10266; state: DISABLED
12-07 01:54:08.639 29532 29532 D CompatibilityChangeReporter: Compat change id reported: 171979766; UID 10266; state: ENABLED
12-07 01:54:08.640 29532 29532 D CompatibilityChangeReporter: Compat change id reported: 242716250; UID 10266; state: ENABLED
12-07 01:54:08.652 29532 29532 D nativeloader: Configuring clns-4 for other apk /system/framework/org.apache.http.legacy.jar. target_sdk_version=34, uses_libraries=ALL, library_path=/product/priv-app/GmsCore/lib/arm64:/product/priv-app/GmsCore/GmsCore.apk!/lib/arm64-v8a, permitted_path=/data:/mnt/expand:/data/user/0/com.google.android.gms
12-07 01:54:08.652 29532 29532 D nativeloader: Extending system_exposed_libraries: libhumantracking.arcsoft.so:libPortraitDistortionCorrection.arcsoft.so:libPortraitDistortionCorrectionCali.arcsoft.so:libface_landmark.arcsoft.so:libFacialStickerEngine.arcsoft.so:libfrtracking_engine.arcsoft.so:libFaceRecognition.arcsoft.so:libveengine.arcsoft.so:lib_pet_detection.arcsoft.so:libae_bracket_hdr.arcsoft.so:libhigh_res.arcsoft.so:libhybrid_high_dynamic_range.arcsoft.so:libimage_enhancement.arcsoft.so:liblow_light_hdr.arcsoft.so:libhigh_dynamic_range.arcsoft.so:libsuperresolution_raw.arcsoft.so:libuwsuperresolution.arcsoft.so:libobjectcapture_jni.arcsoft.so:libobjectcapture.arcsoft.so:libFacialAttributeDetection.arcsoft.so:libaudiomirroring_jni.audiomirroring.samsung.so:libBeauty_v4.camera.samsung.so:libexifa.camera.samsung.so:libjpega.camera.samsung.so:libOpenCv.camera.samsung.so:libVideoClassifier.camera.samsung.so:libImageScreener.camera.samsung.so:libMyFilter.camera.samsung.so:libtflite2.myfilters.camera.samsung.so:libHIDTSnapJNI.camera.samsung.so:libSmart
12-07 01:54:08.658 29532 29532 D nativeloader: Configuring clns-5 for other apk /system/framework/com.android.media.remotedisplay.jar. target_sdk_version=34, uses_libraries=ALL, library_path=/product/priv-app/GmsCore/lib/arm64:/product/priv-app/GmsCore/GmsCore.apk!/lib/arm64-v8a, permitted_path=/data:/mnt/expand:/data/user/0/com.google.android.gms
12-07 01:54:08.658 29532 29532 D nativeloader: Extending system_exposed_libraries: libhumantracking.arcsoft.so:libPortraitDistortionCorrection.arcsoft.so:libPortraitDistortionCorrectionCali.arcsoft.so:libface_landmark.arcsoft.so:libFacialStickerEngine.arcsoft.so:libfrtracking_engine.arcsoft.so:libFaceRecognition.arcsoft.so:libveengine.arcsoft.so:lib_pet_detection.arcsoft.so:libae_bracket_hdr.arcsoft.so:libhigh_res.arcsoft.so:libhybrid_high_dynamic_range.arcsoft.so:libimage_enhancement.arcsoft.so:liblow_light_hdr.arcsoft.so:libhigh_dynamic_range.arcsoft.so:libsuperresolution_raw.arcsoft.so:libuwsuperresolution.arcsoft.so:libobjectcapture_jni.arcsoft.so:libobjectcapture.arcsoft.so:libFacialAttributeDetection.arcsoft.so:libaudiomirroring_jni.audiomirroring.samsung.so:libBeauty_v4.camera.samsung.so:libexifa.camera.samsung.so:libjpega.camera.samsung.so:libOpenCv.camera.samsung.so:libVideoClassifier.camera.samsung.so:libImageScreener.camera.samsung.so:libMyFilter.camera.samsung.so:libtflite2.myfilters.camera.samsung.so:libHIDTSnapJNI.camera.samsung.so:libSmart
12-07 01:54:08.664 29532 29532 D nativeloader: Configuring clns-6 for other apk /system/framework/com.android.location.provider.jar. target_sdk_version=34, uses_libraries=ALL, library_path=/product/priv-app/GmsCore/lib/arm64:/product/priv-app/GmsCore/GmsCore.apk!/lib/arm64-v8a, permitted_path=/data:/mnt/expand:/data/user/0/com.google.android.gms
12-07 01:54:08.664 29532 29532 D nativeloader: Extending system_exposed_libraries: libhumantracking.arcsoft.so:libPortraitDistortionCorrection.arcsoft.so:libPortraitDistortionCorrectionCali.arcsoft.so:libface_landmark.arcsoft.so:libFacialStickerEngine.arcsoft.so:libfrtracking_engine.arcsoft.so:libFaceRecognition.arcsoft.so:libveengine.arcsoft.so:lib_pet_detection.arcsoft.so:libae_bracket_hdr.arcsoft.so:libhigh_res.arcsoft.so:libhybrid_high_dynamic_range.arcsoft.so:libimage_enhancement.arcsoft.so:liblow_light_hdr.arcsoft.so:libhigh_dynamic_range.arcsoft.so:libsuperresolution_raw.arcsoft.so:libuwsuperresolution.arcsoft.so:libobjectcapture_jni.arcsoft.so:libobjectcapture.arcsoft.so:libFacialAttributeDetection.arcsoft.so:libaudiomirroring_jni.audiomirroring.samsung.so:libBeauty_v4.camera.samsung.so:libexifa.camera.samsung.so:libjpega.camera.samsung.so:libOpenCv.camera.samsung.so:libVideoClassifier.camera.samsung.so:libImageScreener.camera.samsung.so:libMyFilter.camera.samsung.so:libtflite2.myfilters.camera.samsung.so:libHIDTSnapJNI.camera.samsung.so:libSmart
12-07 01:54:08.670 29532 29532 D nativeloader: Configuring clns-7 for other apk /system/system_ext/framework/org.carconnectivity.android.digitalkey.rangingintent.jar. target_sdk_version=34, uses_libraries=ALL, library_path=/product/priv-app/GmsCore/lib/arm64:/product/priv-app/GmsCore/GmsCore.apk!/lib/arm64-v8a, permitted_path=/data:/mnt/expand:/data/user/0/com.google.android.gms
12-07 01:54:08.670 29532 29532 D nativeloader: Extending system_exposed_libraries: libhumantracking.arcsoft.so:libPortraitDistortionCorrection.arcsoft.so:libPortraitDistortionCorrectionCali.arcsoft.so:libface_landmark.arcsoft.so:libFacialStickerEngine.arcsoft.so:libfrtracking_engine.arcsoft.so:libFaceRecognition.arcsoft.so:libveengine.arcsoft.so:lib_pet_detection.arcsoft.so:libae_bracket_hdr.arcsoft.so:libhigh_res.arcsoft.so:libhybrid_high_dynamic_range.arcsoft.so:libimage_enhancement.arcsoft.so:liblow_light_hdr.arcsoft.so:libhigh_dynamic_range.arcsoft.so:libsuperresolution_raw.arcsoft.so:libuwsuperresolution.arcsoft.so:libobjectcapture_jni.arcsoft.so:libobjectcapture.arcsoft.so:libFacialAttributeDetection.arcsoft.so:libaudiomirroring_jni.audiomirroring.samsung.so:libBeauty_v4.camera.samsung.so:libexifa.camera.samsung.so:libjpega.camera.samsung.so:libOpenCv.camera.samsung.so:libVideoClassifier.camera.samsung.so:libImageScreener.camera.samsung.so:libMyFilter.camera.samsung.so:libtflite2.myfilters.camera.samsung.so:libHIDTSnapJNI.camera.samsung.so:libSmart
12-07 01:54:08.675 29532 29532 D nativeloader: Configuring clns-8 for other apk /system/system_ext/framework/org.carconnectivity.android.digitalkey.secureelement.jar. target_sdk_version=34, uses_libraries=ALL, library_path=/product/priv-app/GmsCore/lib/arm64:/product/priv-app/GmsCore/GmsCore.apk!/lib/arm64-v8a, permitted_path=/data:/mnt/expand:/data/user/0/com.google.android.gms
12-07 01:54:08.675 29532 29532 D nativeloader: Extending system_exposed_libraries: libhumantracking.arcsoft.so:libPortraitDistortionCorrection.arcsoft.so:libPortraitDistortionCorrectionCali.arcsoft.so:libface_landmark.arcsoft.so:libFacialStickerEngine.arcsoft.so:libfrtracking_engine.arcsoft.so:libFaceRecognition.arcsoft.so:libveengine.arcsoft.so:lib_pet_detection.arcsoft.so:libae_bracket_hdr.arcsoft.so:libhigh_res.arcsoft.so:libhybrid_high_dynamic_range.arcsoft.so:libimage_enhancement.arcsoft.so:liblow_light_hdr.arcsoft.so:libhigh_dynamic_range.arcsoft.so:libsuperresolution_raw.arcsoft.so:libuwsuperresolution.arcsoft.so:libobjectcapture_jni.arcsoft.so:libobjectcapture.arcsoft.so:libFacialAttributeDetection.arcsoft.so:libaudiomirroring_jni.audiomirroring.samsung.so:libBeauty_v4.camera.samsung.so:libexifa.camera.samsung.so:libjpega.camera.samsung.so:libOpenCv.camera.samsung.so:libVideoClassifier.camera.samsung.so:libImageScreener.camera.samsung.so:libMyFilter.camera.samsung.so:libtflite2.myfilters.camera.samsung.so:libHIDTSnapJNI.camera.samsung.so:libSmart
12-07 01:54:08.678 29532 29532 W ziparchive: Unable to open '/system_ext/framework/org.carconnectivity.android.digitalkey.timesync.dm': No such file or directory
12-07 01:54:08.678 29532 29532 W ziparchive: Unable to open '/system_ext/framework/org.carconnectivity.android.digitalkey.timesync.dm': No such file or directory
12-07 01:54:08.680 29532 29532 D nativeloader: Configuring clns-9 for other apk /system_ext/framework/org.carconnectivity.android.digitalkey.timesync.jar. target_sdk_version=34, uses_libraries=ALL, library_path=/product/priv-app/GmsCore/lib/arm64:/product/priv-app/GmsCore/GmsCore.apk!/lib/arm64-v8a, permitted_path=/data:/mnt/expand:/data/user/0/com.google.android.gms
12-07 01:54:08.680 29532 29532 D nativeloader: Extending system_exposed_libraries: libhumantracking.arcsoft.so:libPortraitDistortionCorrection.arcsoft.so:libPortraitDistortionCorrectionCali.arcsoft.so:libface_landmark.arcsoft.so:libFacialStickerEngine.arcsoft.so:libfrtracking_engine.arcsoft.so:libFaceRecognition.arcsoft.so:libveengine.arcsoft.so:lib_pet_detection.arcsoft.so:libae_bracket_hdr.arcsoft.so:libhigh_res.arcsoft.so:libhybrid_high_dynamic_range.arcsoft.so:libimage_enhancement.arcsoft.so:liblow_light_hdr.arcsoft.so:libhigh_dynamic_range.arcsoft.so:libsuperresolution_raw.arcsoft.so:libuwsuperresolution.arcsoft.so:libobjectcapture_jni.arcsoft.so:libobjectcapture.arcsoft.so:libFacialAttributeDetection.arcsoft.so:libaudiomirroring_jni.audiomirroring.samsung.so:libBeauty_v4.camera.samsung.so:libexifa.camera.samsung.so:libjpega.camera.samsung.so:libOpenCv.camera.samsung.so:libVideoClassifier.camera.samsung.so:libImageScreener.camera.samsung.so:libMyFilter.camera.samsung.so:libtflite2.myfilters.camera.samsung.so:libHIDTSnapJNI.camera.samsung.so:libSmart
12-07 01:54:08.684 29532 29532 D nativeloader: Configuring clns-10 for other apk /system/framework/samsung.uwb.jar. target_sdk_version=34, uses_libraries=ALL, library_path=/product/priv-app/GmsCore/lib/arm64:/product/priv-app/GmsCore/GmsCore.apk!/lib/arm64-v8a, permitted_path=/data:/mnt/expand:/data/user/0/com.google.android.gms
12-07 01:54:08.684 29532 29532 D nativeloader: Extending system_exposed_libraries: libhumantracking.arcsoft.so:libPortraitDistortionCorrection.arcsoft.so:libPortraitDistortionCorrectionCali.arcsoft.so:libface_landmark.arcsoft.so:libFacialStickerEngine.arcsoft.so:libfrtracking_engine.arcsoft.so:libFaceRecognition.arcsoft.so:libveengine.arcsoft.so:lib_pet_detection.arcsoft.so:libae_bracket_hdr.arcsoft.so:libhigh_res.arcsoft.so:libhybrid_high_dynamic_range.arcsoft.so:libimage_enhancement.arcsoft.so:liblow_light_hdr.arcsoft.so:libhigh_dynamic_range.arcsoft.so:libsuperresolution_raw.arcsoft.so:libuwsuperresolution.arcsoft.so:libobjectcapture_jni.arcsoft.so:libobjectcapture.arcsoft.so:libFacialAttributeDetection.arcsoft.so:libaudiomirroring_jni.audiomirroring.samsung.so:libBeauty_v4.camera.samsung.so:libexifa.camera.samsung.so:libjpega.camera.samsung.so:libOpenCv.camera.samsung.so:libVideoClassifier.camera.samsung.so:libImageScreener.camera.samsung.so:libMyFilter.camera.samsung.so:libtflite2.myfilters.camera.samsung.so:libHIDTSnapJNI.camera.samsung.so:libSmart
12-07 01:54:08.700 29532 29532 D nativeloader: InitLlndkLibrariesProduct: libEGL.so:libGLESv1_CM.so:libGLESv2.so:libGLESv3.so:libRS.so:libandroid_net.so:libbinder_ndk.so:libc.so:libcgrouprc.so:libclang_rt.asan-aarch64-android.so:libclang_rt.asan-arm-android.so:libclang_rt.hwasan-aarch64-android.so:libcom.android.tethering.connectivity_native.so:libdl.so:libft2.so:liblog.so:libm.so:libmediandk.so:libnativewindow.so:libneuralnetworks.so:libselinux.so:libsync.so:libvndksupport.so:libvulkan.so
12-07 01:54:08.700 29532 29532 D nativeloader: Configuring product-clns-11 for unbundled product apk /product/priv-app/GmsCore/GmsCore.apk. target_sdk_version=34, uses_libraries=, library_path=/product/priv-app/GmsCore/lib/arm64:/product/priv-app/GmsCore/GmsCore.apk!/lib/arm64-v8a:/product/lib64:/system/product/lib64, permitted_path=/data:/mnt/expand:/data/user/0/com.google.android.gms:/product/lib64:/system/product/lib64
12-07 01:54:08.701 29532 29532 D nativeloader: InitVndkspLibrariesProduct: android.hardware.common-V2-ndk.so:android.hardware.common-V2-ndk_platform.so:android.hardware.common.fmq-V1-ndk.so:android.hardware.common.fmq-V1-ndk_platform.so:android.hardware.graphics.allocator-V2-ndk.so:android.hardware.graphics.allocator-V2-ndk_platform.so:android.hardware.graphics.common-V4-ndk.so:android.hardware.graphics.common-V4-ndk_platform.so:android.hardware.graphics.common@1.0.so:android.hardware.graphics.common@1.1.so:android.hardware.graphics.common@1.2.so:android.hardware.graphics.composer3-V1-ndk.so:android.hardware.graphics.composer3-V1-ndk_platform.so:android.hardware.graphics.mapper@2.0.so:android.hardware.graphics.mapper@2.1.so:android.hardware.graphics.mapper@3.0.so:android.hardware.graphics.mapper@4.0.so:android.hardware.renderscript@1.0.so:android.hidl.memory.token@1.0.so:android.hidl.memory@1.0-impl.so:android.hidl.memory@1.0.so:android.hidl.safe_union@1.0.so:libRSCpuRef.so:libRSDriver.so:libRS_internal.so:libbase.so:libbcinfo.so:libblas.so:libc++.so:lib
12-07 01:54:08.722  2296  3437 E VpnManagerService: Exception occured while trying to get the getProxyInfoForUid for knoxvpn uid 10266
12-07 01:54:08.725 29532 29532 V GraphicsEnvironment: Currently set values for:
12-07 01:54:08.726 29532 29532 V GraphicsEnvironment:   angle_gl_driver_selection_pkgs=[]
12-07 01:54:08.726 29532 29532 V GraphicsEnvironment:   angle_gl_driver_selection_values=[]
12-07 01:54:08.726 29532 29532 V GraphicsEnvironment: ANGLE GameManagerService for com.google.android.gms: false
12-07 01:54:08.726 29532 29532 V GraphicsEnvironment: com.google.android.gms is not listed in per-application setting
12-07 01:54:08.847 29532 29532 W ProviderHelper: Unknown dynamite feature providerinstaller.dynamite
12-07 01:54:08.848 29532 29532 I DynamiteModule: Considering local module com.google.android.gms.providerinstaller.dynamite:1 and remote module com.google.android.gms.providerinstaller.dynamite:0
12-07 01:54:08.848 29532 29532 I DynamiteModule: Selected local version of com.google.android.gms.providerinstaller.dynamite
12-07 01:54:08.856 29532 29532 V NativeCrypto: Registering com/google/android/gms/org/conscrypt/NativeCrypto's 305 native methods...
12-07 01:54:08.881 29532 29532 I ProviderInstaller: Installed default security provider GmsCore_OpenSSL
12-07 01:54:08.890  1090  1090 D io_stats: !@   8,0 r 190539 9022329 w 105836 4125568 d 38839 1962416 f 0 14299 iot 210624 0 th 0 0 0 pt 0 inp 0 0 7343.680
12-07 01:54:08.890  1090  1090 D io_stats: !@ Read_top(KB): id.gms.unstable(29532) 220
12-07 01:54:08.890  1090  1090 D io_stats: !@ Write_top(KB): f2fs_ckpt-254:5(1168) 68 .gms.persistent(3899) 24 init(1) 16
12-07 01:54:08.905 29532 29555 D CompatibilityChangeReporter: Compat change id reported: 183155436; UID 10266; state: ENABLED
12-07 01:54:08.907 29532 29562 I Watchcat: Started
12-07 01:54:08.916 29532 29532 W dwqk    : Primes not initialized, returning default (no-op) Primes instance which will ignore all calls. Please call Primes.initialize(...) before using any Primes API.
12-07 01:54:08.917  2296  3437 I ActivityManager: Flag disabled. Ignoring finishAttachApplication from uid: 10266. pid: 29532
12-07 01:54:08.920 29532 29562 I GMS_MM_Logger: (REDACTED) Start time: %s
12-07 01:54:08.921 29532 29562 I GMS_MM_Logger: Started.
12-07 01:54:08.933  1350  1350 E audit   : type=1400 audit(1733504048.929:6414): avc:  denied  { ioctl } for  pid=3899 comm="binder:3899_8" path="/data/data/com.google.android.gms/databases/phenotype.db" dev="dm-56" ino=6630 ioctlcmd=0xf522 scontext=u:r:gmscore_app:s0:c512,c768 tcontext=u:object_r:privapp_data_file:s0:c512,c768 tclass=file permissive=0 SEPF_SM-S908N_12_0001 audit_filtered
12-07 01:54:08.967  3899  3899 D BoundBrokerSvc: onBind: Intent { act=com.google.android.gms.phenotype.service.START dat=chimera-action:/... cmp=com.google.android.gms/.chimera.PersistentApiService }
12-07 01:54:08.967  3899  3899 D BoundBrokerSvc: Loading bound service for intent: Intent { act=com.google.android.gms.phenotype.service.START dat=chimera-action:/... cmp=com.google.android.gms/.chimera.PersistentApiService }
12-07 01:54:09.010 29532 29546 I DynamiteModule: Considering local module com.google.android.gms.googlecertificates:7 and remote module com.google.android.gms.googlecertificates:7
12-07 01:54:09.010 29532 29546 I DynamiteModule: Selected local version of com.google.android.gms.googlecertificates
12-07 01:54:09.024  1350  1350 E audit   : type=1400 audit(1733504049.021:6415): avc:  denied  { ioctl } for  pid=3899 comm="binder:3899_F" path="/data/data/com.google.android.gms/databases/phenotype.db" dev="dm-56" ino=6630 ioctlcmd=0xf522 scontext=u:r:gmscore_app:s0:c512,c768 tcontext=u:object_r:privapp_data_file:s0:c512,c768 tclass=file permissive=0 SEPF_SM-S908N_12_0001 audit_filtered
12-07 01:54:09.042  1350  1350 E audit   : type=1400 audit(1733504049.041:6416): avc:  denied  { ioctl } for  pid=29532 comm="binder:29532_1" path="/data/data/com.google.android.gms/databases/dg.db" dev="dm-56" ino=7576 ioctlcmd=0xf522 scontext=u:r:gmscore_app:s0:c512,c768 tcontext=u:object_r:privapp_data_file:s0:c512,c768 tclass=file permissive=0 SEPF_SM-S908N_12_0001 audit_filtered
12-07 01:54:09.093 29532 29544 D nativeloader: Configuring clns-12 for other apk . target_sdk_version=34, uses_libraries=ALL, library_path=, permitted_path=/data:/mnt/expand
12-07 01:54:09.093 29532 29544 D nativeloader: Extending system_exposed_libraries: libhumantracking.arcsoft.so:libPortraitDistortionCorrection.arcsoft.so:libPortraitDistortionCorrectionCali.arcsoft.so:libface_landmark.arcsoft.so:libFacialStickerEngine.arcsoft.so:libfrtracking_engine.arcsoft.so:libFaceRecognition.arcsoft.so:libveengine.arcsoft.so:lib_pet_detection.arcsoft.so:libae_bracket_hdr.arcsoft.so:libhigh_res.arcsoft.so:libhybrid_high_dynamic_range.arcsoft.so:libimage_enhancement.arcsoft.so:liblow_light_hdr.arcsoft.so:libhigh_dynamic_range.arcsoft.so:libsuperresolution_raw.arcsoft.so:libuwsuperresolution.arcsoft.so:libobjectcapture_jni.arcsoft.so:libobjectcapture.arcsoft.so:libFacialAttributeDetection.arcsoft.so:libaudiomirroring_jni.audiomirroring.samsung.so:libBeauty_v4.camera.samsung.so:libexifa.camera.samsung.so:libjpega.camera.samsung.so:libOpenCv.camera.samsung.so:libVideoClassifier.camera.samsung.so:libImageScreener.camera.samsung.so:libMyFilter.camera.samsung.so:libtflite2.myfilters.camera.samsung.so:libHIDTSnapJNI.camera.samsung.so:libSmart
12-07 01:54:09.162  1463 27473 I sensors-hal: handle_sns_client_event:185, auto_rotation_debug_2 mode,255, type,1,0 acc,-0.060,7.518,6.468, ar,0, ver,12, pedo,1,e,0,i,2
12-07 01:54:09.509  1463  1463 I sensors-hal: set_config:61, sample_period_ns is adjusted to 200000000 based on min/max delay_ns
12-07 01:54:09.509  1463  1463 I sensors-hal: batch:512, com.samsung.sensor.light_cct/1511, period=200000000, max_latency=0 request completed
12-07 01:54:09.510  1463  1463 I sensors-hal: activate:428, com.samsung.sensor.light_cct/1511 en=1
12-07 01:54:09.512  1463  1463 I sensors-hal: get_qmi_debug_flag:239, support_qmi_debug : false
12-07 01:54:09.514  1438  1617 E minksocket: MinkIPC_QRTR_Service: client with node 1 port 464e went down
12-07 01:54:09.515  1438  1617 E minksocket: MinkIPC_QRTR_Service: client with node 1 port 464f went down
12-07 01:54:09.516  1438  1617 E minksocket: MinkIPC_QRTR_Service: client with node 1 port 4650 went down
12-07 01:54:09.517  1463  1463 I sensors-hal: send_sync_sensor_request:450, send sync request
12-07 01:54:09.517  1463  1463 I sensors-hal: send_sync_sensor_request:476, wait for notification of response
12-07 01:54:09.519  1438  1617 E minksocket: MinkIPC_QRTR_Service: client with node 1 port 4651 went down
12-07 01:54:09.520  1463 29575 I sensors-hal: ssc_conn_resp_cb:835, resp_value = 0
12-07 01:54:09.520  1463  1463 I sensors-hal: send_sync_sensor_request:482, takes 2 ms to receive the response with 0
12-07 01:54:09.520  1463  1463 I sensors-hal: activate:446, com.samsung.sensor.light_cct/1511 en=1 completed
12-07 01:54:09.520  2296  2837 D SensorManager: registerListener :: 1511, STK33915 Light CCT  Non-wakeup, 200000, 0, com.samsung.android.displaysolution.EyeComfortSolutionService$2@7865ecc
12-07 01:54:09.574  1463 29575 I sensors-hal: handle_indication_realtime:467,  SCHED_FIFO(10) for qmi_cbk
12-07 01:54:09.574  1463 29575 I sensors-hal: handle_sns_std_sensor_event:89, light_cct: ts = 7344357093716 ns; value = [265, 265, 4, 3, 192, 78, 2, 2, 779, -1]
12-07 01:54:09.576  1463  1463 I sensors-hal: activate:428, com.samsung.sensor.light_cct/1511 en=0
12-07 01:54:09.577  1438  1617 E minksocket: MinkIPC_QRTR_Service: client with node 1 port 4652 went down
12-07 01:54:09.577  1463  1463 I sensors-hal: deactivate:382, disconnect qmi to disable sensor
12-07 01:54:09.577  1463  1463 I sensors-hal: activate:446, com.samsung.sensor.light_cct/1511 en=0 completed
12-07 01:54:09.578  2296  2837 D SensorManager: unregisterListener :: com.samsung.android.displaysolution.EyeComfortSolutionService$2@7865ecc
12-07 01:54:10.190 29532 29544 D CompatibilityChangeReporter: Compat change id reported: 263076149; UID 10266; state: ENABLED
12-07 01:54:10.199  2296  2738 D BluetoothManagerService: mDisableBleCallbacks count 14
12-07 01:54:10.199 29532 29544 I BluetoothAdapter: BluetoothAdapter() : com.google.android.gms
12-07 01:54:10.213  1350  1350 E audit   : type=1400 audit(1733504050.209:6417): avc:  denied  { ioctl } for  pid=29532 comm="binder:29532_1" path="/data/data/com.google.android.gms/databases/dg.db" dev="dm-56" ino=7576 ioctlcmd=0xf522 scontext=u:r:gmscore_app:s0:c512,c768 tcontext=u:object_r:privapp_data_file:s0:c512,c768 tclass=file permissive=0 SEPF_SM-S908N_12_0001 audit_filtered
12-07 01:54:10.420 29532 29544 I AdrenoGLES-0: QUALCOMM build                   : 770ea4bdb9, Ief8f71bb1e
12-07 01:54:10.420 29532 29544 I AdrenoGLES-0: Build Date                       : 02/01/24
12-07 01:54:10.420 29532 29544 I AdrenoGLES-0: OpenGL ES Shader Compiler Version: EV031.36.08.25
12-07 01:54:10.420 29532 29544 I AdrenoGLES-0: Local Branch                     : 
12-07 01:54:10.420 29532 29544 I AdrenoGLES-0: Remote Branch                    : 
12-07 01:54:10.420 29532 29544 I AdrenoGLES-0: Remote Branch                    : 
12-07 01:54:10.420 29532 29544 I AdrenoGLES-0: Reconstruct Branch               : 
12-07 01:54:10.420 29532 29544 I AdrenoGLES-0: Build Config                     : S P 12.1.1 AArch64
12-07 01:54:10.420 29532 29544 I AdrenoGLES-0: Driver Path                      : /vendor/lib64/egl/libGLESv2_adreno.so
12-07 01:54:10.420 29532 29544 I AdrenoGLES-0: Driver Version                   : 0615.0
12-07 01:54:10.433 29532 29544 I AdrenoGLES-0: PFP: 0x01730155, ME: 0x00000000
12-07 01:54:10.447 29532 29544 W Adreno-AppProfiles: Could not find QSPM HAL service. Skipping adreno profile processing.
12-07 01:54:10.555  5210  5210 D BoundBrokerSvc: onBind: Intent { act=com.google.android.gms.checkin.START pkg=com.google.android.gms }
12-07 01:54:10.555  5210  5210 D BoundBrokerSvc: Loading bound service for intent: Intent { act=com.google.android.gms.checkin.START pkg=com.google.android.gms }
12-07 01:54:10.559  5210  8523 I Checkin : [CheckinApiChimeraService] onGetService
12-07 01:54:10.569  5210 29285 I Checkin : [CheckinOperation] Starting Checkin: Default Task Reason : 1 Force : false UserId : 0 Start time : 7345359
12-07 01:54:10.571  5210 29285 I CheckinUtil: Classify the device as Phone. [CONTEXT service_id=130 ]
12-07 01:54:10.622  5210 29285 I Checkin : [AndroidCheckinProtoModule] Checkin reason type: 1 attempt count: 1.
12-07 01:54:10.682  3899  3899 D BoundBrokerSvc: onBind: Intent { act=com.google.android.gms.pseudonymous.service.START dat=chimera-action:/... cmp=com.google.android.gms/.chimera.PersistentApiService }
12-07 01:54:10.682  3899  3899 D BoundBrokerSvc: Loading bound service for intent: Intent { act=com.google.android.gms.pseudonymous.service.START dat=chimera-action:/... cmp=com.google.android.gms/.chimera.PersistentApiService }
12-07 01:54:10.699  2296  2822 D ConnectivityService: reportNetworkActive, notify 0 listeners
12-07 01:54:10.731  2296 11892 D SemWifiUsabilityStatsMonitor: onWifiUsabilityStats - seqNum 469, isSameBssidAndFreq true
12-07 01:54:10.891  1090  1090 D io_stats: !@   8,0 r 190678 9024717 w 105853 4125644 d 38850 1962496 f 0 14302 iot 210780 0 th 0 0 0 pt 0 inp 0 0 7345.680
12-07 01:54:11.176  1463 27423 I sensors-hal: handle_sns_std_sensor_event:311, [SSC_LIGHT] P: 265(265),m:7,c:0,b:78,c0:12448,l:266,f(r):98,u(bl):100,j:194
12-07 01:54:11.490  2296  2953 D NetdEventListenerService: DNS Requested by 101, 10266, 794
12-07 01:54:11.491  5210 29285 D TrafficStats: tagSocket(105) with statsTag=0x30000408, statsUid=-1
12-07 01:54:11.835  5210 29285 W Conscrypt: Could not set socket write timeout: java.net.SocketException: Socket closed
12-07 01:54:11.836  5210 29285 W Conscrypt: 	at com.google.android.gms.org.conscrypt.Platform.setSocketWriteTimeout(:com.google.android.gms@241518039@24.15.18 (190408-627556096):219)
12-07 01:54:11.836  5210 29285 W Conscrypt: 	at com.google.android.gms.org.conscrypt.ConscryptFileDescriptorSocket.setSoWriteTimeout(:com.google.android.gms@241518039@24.15.18 (190408-627556096):4)
12-07 01:54:11.861  2296 11085 I AfterimageCompensationService: AfcThread mLuminance : 109 , AfpcPeriodCount : 49 , rotation : 0 , AOD : false
12-07 01:54:11.867  1577  1724 D RenderEngine: [SEC_GC_CMN_SF_EFFECTS] drawLayersInternal,1279, Rendering layer  at index 0
12-07 01:54:11.868  1577  1724 D RenderEngine: [SEC_GC_CMN_SF_EFFECTS] drawLayersInternal,1279, Rendering layer StatusBar$_3014#90 at index 1
12-07 01:54:11.868  1577  1724 D RenderEngine: [SEC_GC_CMN_SF_EFFECTS] drawLayersInternal,1279, Rendering layer NotificationShade$_3014#87 at index 2
12-07 01:54:11.869  1577  1724 D RenderEngine: [SEC_GC_CMN_SF_EFFECTS] drawLayersInternal,1279, Rendering layer com.sec.android.app.launcher/com.samsung.app.honeyspace.edge.CocktailBarService$_3549#133 at index 3
12-07 01:54:11.880  2296 11085 D system_server: mAFPC_Read - w = 1080, h = 2316, s = 8, f = 4, s_size = 10079232, luminance = 109, count = 49, captureOrientation = 0
12-07 01:54:12.892  1090  1090 D io_stats: !@ Read_top(KB): id.gms.unstable(29532) 2184 .gms.persistent(3899) 132 rs.media.module(4707) 48
12-07 01:54:12.892  1090  1090 D io_stats: !@ Write_top(KB): f2fs_ckpt-254:5(1168) 16 kworker/u16:3(27498) 4 .gms.persistent(3899) 4
12-07 01:54:13.255  1463 27423 I sensors-hal: handle_sns_std_sensor_event:311, [SSC_LIGHT] P: 266(266),m:7,c:0,b:78,c0:12432,l:266,f(r):98,u(bl):100,j:193
12-07 01:54:13.765  3443  4146 I bt_btif_dm: packages/modules/Bluetooth/system/btif/src/btif_dm.cc:943 btif_update_remote_properties: class of device (cod) is 0x000704
12-07 01:54:13.767  3443  4146 D ScanFilter: manu data matches
12-07 01:54:13.768  3443  4146 D BtGatt.GattService: onScanResult to scannerId: 3- eventType=0x1b, addressType=0, address=XX:XX:XX:XX:06:58, primaryPhy=1, secondaryPhy=0, advertisingSid=0xff, txPower=127, rssi=-62, periodicAdvInt=0x0
12-07 01:54:13.778 29337 29364 I Peripheral_Manager[1.2.94]: findWearable. lock screen
12-07 01:54:13.819  5210 29285 W Conscrypt: Could not set socket write timeout: java.net.SocketException: Socket closed
12-07 01:54:13.819  5210 29285 W Conscrypt: 	at com.google.android.gms.org.conscrypt.Platform.setSocketWriteTimeout(:com.google.android.gms@241518039@24.15.18 (190408-627556096):219)
12-07 01:54:13.819  5210 29285 W Conscrypt: 	at com.google.android.gms.org.conscrypt.ConscryptFileDescriptorSocket.setSoWriteTimeout(:com.google.android.gms@241518039@24.15.18 (190408-627556096):4)
12-07 01:54:13.850  2296 11892 D SemWifiUsabilityStatsMonitor: onWifiUsabilityStats - seqNum 470, isSameBssidAndFreq true
12-07 01:54:13.852  2296  2907 I SemWifiLinkQualityMonitor: Link stat: 1246 / 1035 / 1.89 (17) / 468 / -44.0 || 100.0 : 468.00 / 0.5 : 0.53 / 0.55 : 0.83 / B (B) || 1.31 ms / 6.11 Mbps / N || 0 / N / 0 Y / 0 Y
12-07 01:54:13.856  3014  3014 D StatusBarIconController: ignoring old pipeline callback because the new wifi icon is enabled
12-07 01:54:13.857  3014  3263 D Tile.WifiTile: handleUpdateState isTransient=false transientEnabling =false cb.isTransient=false state.state = 2 mStateBeforeClick.value =false enabled =true
12-07 01:54:13.884  1577  1797 I VSyncReactor: Current= 24, Period= 24, Distance= 0
12-07 01:54:13.925  1577  1577 I SurfaceFlinger: SFWD update time=7348715636257
12-07 01:54:13.926  1577  1797 I VSyncReactor: Current= 24, Period= 24, Distance= 24
12-07 01:54:13.967 10782 10782 I wpa_supplicant: Heartbeat 728
12-07 01:54:14.753  5210 29285 I Checkin : [CheckinRequestProcessor] updateCheckinIdTokenFileFromResponse, Reading existing AID
12-07 01:54:14.757  5210 29285 I Checkin : [CheckinRequestProcessor] Default Task : Checkin Succeeded: https://android.googleapis.com/checkin (fragment #1).
12-07 01:54:14.766  2296  3428 D CompatibilityChangeReporter: Compat change id reported: 229362273; UID 10266; state: ENABLED
12-07 01:54:14.766  2296  3428 I ActivityManager: filterNonExportedComponents remove ResolveInfo{cb42a53 com.google.android.gms/.chimera.GmsIntentOperationService$PersistentInternalReceiver m=0x108000 userHandle=UserHandle{0}}
12-07 01:54:14.787  3899 29029 I AlarmManager: setExactAndAllowWhileIdle [name: GCM_CONN_ALARM type: 2 triggerAtMillis: 7353746]
12-07 01:54:14.788  2296  3428 D CompatibilityChangeReporter: Compat change id reported: 218533173; UID 10266; state: ENABLED
12-07 01:54:14.793  5210 29285 I Checkin : [CheckinOperation] Checkin Operation finished with result: SUCCESS finish time: 7349583.
12-07 01:54:14.802  5210 29586 I AccountSeedingPrefetchI: AccountSeedingPrefetchInit intent operation started. [CONTEXT service_id=42 ]
12-07 01:54:14.804  5210 29285 I Checkin : [CheckinIntentOperation] onHandleIntent, Intent { act=com.google.android.gms.checkin.CHECKIN_START_ACTION cat=[targeted_intent_op_prefix:.checkin.CheckinIntentOperation] cmp=com.google.android.gms/.chimera.GmsIntentOperationService (has extras) }
12-07 01:54:14.815  5210 29285 W GmsTaskScheduler: ScheduledCheckinGmsTaskService is not available. This may cause the task to be lost.
12-07 01:54:14.816  5210 29285 W Checkin : [SimHelper] SIM IDs not available by subscription
12-07 01:54:14.820  2296  3231 W ProcessStats: Tracking association SourceState{2704d20 com.google.android.gms.persistent/10266 BFgs #20850} whose proc state 4 is better than process ProcessState{884a13f com.google.process.gservices/10266 pkg=com.google.android.gsf} proc state 8 (26 skipped)
12-07 01:54:14.829 23156 29590 E Finsky:background: [156] lpx.apply(20): Error while updating Device-Consistency-Token header - android.content.ReceiverCallNotAllowedException: BroadcastReceiver components are not allowed to bind to services
12-07 01:54:14.832  1350  1350 E audit   : type=1400 audit(1733504054.829:6418): avc:  denied  { ioctl } for  pid=29532 comm="binder:29532_1" path="/data/data/com.google.android.gms/databases/dg.db" dev="dm-56" ino=7576 ioctlcmd=0xf522 scontext=u:r:gmscore_app:s0:c512,c768 tcontext=u:object_r:privapp_data_file:s0:c512,c768 tclass=file permissive=0 SEPF_SM-S908N_12_0001 audit_filtered
12-07 01:54:14.893  1090  1090 D io_stats: !@   8,0 r 190688 9024785 w 105863 4125684 d 38850 1962496 f 0 14302 iot 210820 0 th 0 0 0 pt 0 inp 0 0 7349.682
12-07 01:54:14.900  1459  1459 I android.hardware.health@2.1-service-samsung: updateLrpSysfs: write: 276
12-07 01:54:15.008  1459  1483 E BatteryDump: !@new_battery_dump : 4324,5,1500,1500,100,273,275,286,273,0,276,282,0,Not-charging,NO_CHARGING,Normal,Good,USB_CDP,2,Normal,0,0,8700,0x100000,0x1010000,0x0,0,0,0000,0000,00000000,0,0,0,0,2,4324,9985,990,0,
12-07 01:54:15.896  1350  1350 E audit   : type=1400 audit(1733504055.893:6419): avc:  denied  { ioctl } for  pid=29532 comm="binder:29532_1" path="/data/data/com.google.android.gms/databases/dg.db" dev="dm-56" ino=7576 ioctlcmd=0xf522 scontext=u:r:gmscore_app:s0:c512,c768 tcontext=u:object_r:privapp_data_file:s0:c512,c768 tclass=file permissive=0 SEPF_SM-S908N_12_0001 audit_filtered
12-07 01:54:16.095 29532 29544 I AdrenoGLES-0: QUALCOMM build                   : 770ea4bdb9, Ief8f71bb1e
12-07 01:54:16.095 29532 29544 I AdrenoGLES-0: Build Date                       : 02/01/24
12-07 01:54:16.095 29532 29544 I AdrenoGLES-0: OpenGL ES Shader Compiler Version: EV031.36.08.25
12-07 01:54:16.095 29532 29544 I AdrenoGLES-0: Local Branch                     : 
12-07 01:54:16.095 29532 29544 I AdrenoGLES-0: Remote Branch                    : 
12-07 01:54:16.095 29532 29544 I AdrenoGLES-0: Remote Branch                    : 
12-07 01:54:16.095 29532 29544 I AdrenoGLES-0: Reconstruct Branch               : 
12-07 01:54:16.096 29532 29544 I AdrenoGLES-0: Build Config                     : S P 12.1.1 AArch64
12-07 01:54:16.096 29532 29544 I AdrenoGLES-0: Driver Path                      : /vendor/lib64/egl/libGLESv2_adreno.so
12-07 01:54:16.096 29532 29544 I AdrenoGLES-0: Driver Version                   : 0615.0
12-07 01:54:16.117 29532 29544 I AdrenoGLES-0: PFP: 0x01730155, ME: 0x00000000
12-07 01:54:16.122 29532 29544 W Adreno-AppProfiles: Could not find QSPM HAL service. Skipping adreno profile processing.
12-07 01:54:16.190  5210 29285 I Checkin : [CheckinOperation] Starting Checkin: Default Task Reason : 8 Force : false UserId : 0 Start time : 7350979
12-07 01:54:16.192  5210 29285 I CheckinUtil: Classify the device as Phone. [CONTEXT service_id=130 ]
12-07 01:54:16.239  5210 29285 I Checkin : [AndroidCheckinProtoModule] Checkin reason type: 8 attempt count: 2.
12-07 01:54:16.241  2296  2906 I SemWifiServiceDetector: Service det. resumed
12-07 01:54:16.274  5210 29285 D TrafficStats: tagSocket(146) with statsTag=0x30000408, statsUid=-1
12-07 01:54:16.275  2296  2953 D NetdEventListenerService: DNS Requested by 101, 10266, 2
12-07 01:54:16.294  1463 27423 I sensors-hal: handle_sns_std_sensor_event:311, [SSC_LIGHT] P: 266(266),m:7,c:0,b:78,c0:12432,l:266,f(r):98,u(bl):100,j:193
12-07 01:54:16.895  1090  1090 D io_stats: !@   8,0 r 190703 9024945 w 105903 4126160 d 38886 1962832 f 0 14305 iot 210848 0 th 0 0 0 pt 0 inp 0 0 7351.685
12-07 01:54:16.896  1090  1090 D io_stats: !@ Read_top(KB): id.gms.unstable(29532) 96 loop16(1241) 64 .gms.persistent(3899) 64
12-07 01:54:16.896  1090  1090 D io_stats: !@ Write_top(KB): kworker/u16:4(25688) 220 f2fs_ckpt-254:5(1168) 140 gle.android.gms(5210) 40
12-07 01:54:16.955  2296 11892 D SemWifiUsabilityStatsMonitor: onWifiUsabilityStats - seqNum 471, isSameBssidAndFreq true
12-07 01:54:16.956  2296  2907 I SemWifiLinkQualityMonitor: Link stat: 1479 / 1273 / 2.77 (61) / 520 / -45.0 || 100.0 : 520.00 / 0.5 : 0.36 / B (B) || 3.66 ms / 2.18 Mbps / N || 0 / N / 0 Y / 0 Y
12-07 01:54:16.958  2296  2934 D WifiConnectivityMonitor: start WCM Poll.
12-07 01:54:17.200  5210 29285 W Conscrypt: Could not set socket write timeout: java.net.SocketException: Socket closed
12-07 01:54:17.201  5210 29285 W Conscrypt: 	at com.google.android.gms.org.conscrypt.Platform.setSocketWriteTimeout(:com.google.android.gms@241518039@24.15.18 (190408-627556096):219)
12-07 01:54:17.201  5210 29285 W Conscrypt: 	at com.google.android.gms.org.conscrypt.ConscryptFileDescriptorSocket.setSoWriteTimeout(:com.google.android.gms@241518039@24.15.18 (190408-627556096):4)
12-07 01:54:17.696  5210 29285 W Conscrypt: Could not set socket write timeout: java.net.SocketException: Socket closed
12-07 01:54:17.696  5210 29285 W Conscrypt: 	at com.google.android.gms.org.conscrypt.Platform.setSocketWriteTimeout(:com.google.android.gms@241518039@24.15.18 (190408-627556096):219)
12-07 01:54:17.696  5210 29285 W Conscrypt: 	at com.google.android.gms.org.conscrypt.ConscryptFileDescriptorSocket.setSoWriteTimeout(:com.google.android.gms@241518039@24.15.18 (190408-627556096):4)
12-07 01:54:18.025  2296  2931 I WifiConnectivityMonitor.ScoreQC: scoreQcCheck -  currentTxBadRatio:1
12-07 01:54:18.779  1463 27473 I sensors-hal: handle_sns_client_event:185, auto_rotation_debug_2 mode,255, type,1,0 acc,-0.069,7.506,6.470, ar,0, ver,12, pedo,1,e,0,i,2
12-07 01:54:18.897  1090  1090 D io_stats: !@   8,0 r 190703 9024945 w 105939 4126320 d 38899 1962932 f 0 14314 iot 210876 0 th 0 0 0 pt 0 inp 0 0 7353.687
12-07 01:54:19.015  5210 29285 I Checkin : [CheckinRequestProcessor] updateCheckinIdTokenFileFromResponse, Reading existing AID
12-07 01:54:19.019  5210 29285 I Checkin : [CheckinRequestProcessor] Default Task : Checkin Succeeded: https://android.googleapis.com/checkin (fragment #1).
12-07 01:54:19.046  2296  3435 I ActivityManager: filterNonExportedComponents remove ResolveInfo{1f51f78 com.google.android.gms/.chimera.GmsIntentOperationService$PersistentInternalReceiver m=0x108000 userHandle=UserHandle{0}}
12-07 01:54:19.056 23156 29590 E Finsky:background: [156] lpx.apply(20): Error while updating Device-Consistency-Token header - android.content.ReceiverCallNotAllowedException: BroadcastReceiver components are not allowed to bind to services
12-07 01:54:19.069  3899 27871 I AlarmManager: setExactAndAllowWhileIdle [name: GCM_CONN_ALARM type: 2 triggerAtMillis: 7363858]
12-07 01:54:19.075  5210 29586 I AccountSeedingPrefetchI: AccountSeedingPrefetchInit intent operation started. [CONTEXT service_id=42 ]
12-07 01:54:19.077  5210 29285 I Checkin : [CheckinOperation] Checkin Operation finished with result: SUCCESS finish time: 7353867.
12-07 01:54:19.228  5210  5222 I gle.android.gms: Background concurrent mark compact GC freed 167273(10154KB) AllocSpace objects, 142(7320KB) LOS objects, 49% free, 16MB/32MB, paused 851us,3.944ms total 205.193ms
12-07 01:54:19.238  5210  5224 W gle.android.gms: ApkAssets: Deleting an ApkAssets object '<empty> and /system_ext/priv-app/GoogleServicesFramework/GoogleServicesFramework.apk' with 1 weak references
12-07 01:54:19.498  1463 27423 I sensors-hal: handle_sns_std_sensor_event:311, [SSC_LIGHT] P: 265(265),m:7,c:0,b:78,c0:12464,l:266,f(r):98,u(bl):100,j:193
12-07 01:54:19.588  1463  1463 I sensors-hal: set_config:61, sample_period_ns is adjusted to 200000000 based on min/max delay_ns
12-07 01:54:19.588  1463  1463 I sensors-hal: batch:512, com.samsung.sensor.light_cct/1511, period=200000000, max_latency=0 request completed
12-07 01:54:19.589  1463  1463 I sensors-hal: activate:428, com.samsung.sensor.light_cct/1511 en=1
12-07 01:54:19.590  1463  1463 I sensors-hal: get_qmi_debug_flag:239, support_qmi_debug : false
12-07 01:54:19.593  1438  1617 E minksocket: MinkIPC_QRTR_Service: client with node 1 port 4653 went down
12-07 01:54:19.596  1438  1617 E minksocket: MinkIPC_QRTR_Service: client with node 1 port 4654 went down
12-07 01:54:19.598  1438  1617 E minksocket: MinkIPC_QRTR_Service: client with node 1 port 4655 went down
12-07 01:54:19.600  1463  1463 I sensors-hal: send_sync_sensor_request:450, send sync request
12-07 01:54:19.600  1463  1463 I sensors-hal: send_sync_sensor_request:476, wait for notification of response
12-07 01:54:19.602  1438  1617 E minksocket: MinkIPC_QRTR_Service: client with node 1 port 4656 went down
12-07 01:54:19.603  1463 29606 I sensors-hal: ssc_conn_resp_cb:835, resp_value = 0
12-07 01:54:19.603  1463  1463 I sensors-hal: send_sync_sensor_request:482, takes 2 ms to receive the response with 0
12-07 01:54:19.603  1463  1463 I sensors-hal: activate:446, com.samsung.sensor.light_cct/1511 en=1 completed
12-07 01:54:19.604  2296  2837 D SensorManager: registerListener :: 1511, STK33915 Light CCT  Non-wakeup, 200000, 0, com.samsung.android.displaysolution.EyeComfortSolutionService$2@7865ecc
12-07 01:54:19.656  1463 29606 I sensors-hal: handle_indication_realtime:467,  SCHED_FIFO(10) for qmi_cbk
12-07 01:54:19.657  1463 29606 I sensors-hal: handle_sns_std_sensor_event:89, light_cct: ts = 7354437092153 ns; value = [265, 265, 4, 3, 190, 78, 2, 2, 778, -1]
12-07 01:54:19.660  1463  1463 I sensors-hal: activate:428, com.samsung.sensor.light_cct/1511 en=0
12-07 01:54:19.662  1463  1463 I sensors-hal: deactivate:382, disconnect qmi to disable sensor
12-07 01:54:19.662  1463  1463 I sensors-hal: activate:446, com.samsung.sensor.light_cct/1511 en=0 completed
12-07 01:54:19.663  2296  2837 D SensorManager: unregisterListener :: com.samsung.android.displaysolution.EyeComfortSolutionService$2@7865ecc
12-07 01:54:19.666  1438  1617 E minksocket: MinkIPC_QRTR_Service: client with node 1 port 4657 went down
12-07 01:54:20.124  2296 11892 D SemWifiUsabilityStatsMonitor: onWifiUsabilityStats - seqNum 472, isSameBssidAndFreq true
12-07 01:54:20.125  2296  2907 I SemWifiLinkQualityMonitor: Link stat: 898 / 737 / 3.23 (71) / 526 / -44.0 || 100.0 : 526.00 / 0.5 : 0.31 / B (B) || 2.86 ms / 2.80 Mbps / N || 0 / N / 0 Y / 0 Y
12-07 01:54:20.899  1090  1090 D io_stats: !@   8,0 r 190703 9024945 w 105957 4127364 d 38899 1962932 f 0 14314 iot 210912 0 th 0 0 0 pt 0 inp 0 0 7355.689
12-07 01:54:20.900  1090  1090 D io_stats: !@ Write_top(KB): kworker/u16:1(27201) 1004 gle.android.gms(5210) 40 init(1) 32
12-07 01:54:22.261  2296  2906 I SemWifiServiceDetector: Service det. suspended
12-07 01:54:22.853  1463 27423 I sensors-hal: handle_sns_std_sensor_event:311, [SSC_LIGHT] P: 265(265),m:7,c:0,b:78,c0:12448,l:266,f(r):98,u(bl):100,j:193
12-07 01:54:23.242  2296 11892 D SemWifiUsabilityStatsMonitor: onWifiUsabilityStats - seqNum 473, isSameBssidAndFreq true
12-07 01:54:23.257  3014  3014 D StatusBarIconController: ignoring old pipeline callback because the new wifi icon is enabled
12-07 01:54:23.258  1577  1797 I VSyncReactor: Current= 24, Period= 24, Distance= 0
12-07 01:54:23.259  3014  3263 D Tile.WifiTile: handleUpdateState isTransient=false transientEnabling =false cb.isTransient=false state.state = 2 mStateBeforeClick.value =false enabled =true
12-07 01:54:23.300  1577  1797 I VSyncReactor: Current= 24, Period= 24, Distance= 24
12-07 01:54:23.971 10782 10782 I wpa_supplicant: Heartbeat 729
12-07 01:54:24.432  2296  2931 D WifiConnectivityMonitor: Stop WCM Poll. cnt : 5
12-07 01:54:24.433  2296  2931 I WifiConnectivityMonitor: LinkQualityMonitorCallback was not registered yet
12-07 01:54:25.227  1459  1459 I android.hardware.health@2.1-service-samsung: updateLrpSysfs: write: 276
12-07 01:54:25.342  1459  1483 E BatteryDump: !@new_battery_dump : 4324,28,1500,1500,100,273,275,286,273,0,276,283,0,Not-charging,NO_CHARGING,Normal,Good,USB_CDP,2,Normal,0,0,8700,0x100000,0x1010000,0x0,0,0,0000,0000,00000000,0,0,0,0,2,4324,9985,990,0,
12-07 01:54:25.580  5210  5210 D BoundBrokerSvc: onUnbind: Intent { act=com.google.android.gms.checkin.START pkg=com.google.android.gms }
12-07 01:54:25.802  1929  2292 D SemNativeCarrierFeature_vendor: getInstance
12-07 01:54:25.836  1929  2292 D SemNativeCarrierFeature_vendor: getInstance
12-07 01:54:25.836  2988  3067 I System.out: Broadcasting: Intent { act=com.sec.intent.action.CP_CHAN_INFO flg=0x1000000 (has extras) }
12-07 01:54:25.847  2988  5836 I System.out: Broadcast completed: result=0
12-07 01:54:25.857  1929  2317 D SemNativeCarrierFeature_vendor: getInstance
12-07 01:54:25.856  3162  3230 I EPDG -- SIM0 IwlanNetworkService: requestNetworkRegistrationInfo for domain 2
12-07 01:54:25.859  3162  3403 I EPDG -- SIM0 IwlanNetworkService: Calling onRequestNetworkRegistrationInfoComplete.resultCode = 0, netState = NetworkRegistrationInfo{ domain=PS transportType=WLAN registrationState=UNKNOWN networkRegistrationState=UNKNOWN roamingType=NOT_ROAMING accessNetworkTechnology=IWLAN rejectCause=0 emergencyEnabled=false availableServices=[] cellIdentity=null voiceSpecificInfo=null dataSpecificInfo=null nrState=**** rRplmn= isUsingCarrierAggregation=false isNonTerrestrialNetwork=TERRESTRIAL}
12-07 01:54:25.860  1929  2317 D SemNativeCarrierFeature_vendor: getInstance
12-07 01:54:25.865  3162  3230 I EPDG -- SIM0 IwlanNetworkService: requestNetworkRegistrationInfo for domain 2
12-07 01:54:25.865  3162  3403 I EPDG -- SIM0 IwlanNetworkService: Calling onRequestNetworkRegistrationInfoComplete.resultCode = 0, netState = NetworkRegistrationInfo{ domain=PS transportType=WLAN registrationState=UNKNOWN networkRegistrationState=UNKNOWN roamingType=NOT_ROAMING accessNetworkTechnology=IWLAN rejectCause=0 emergencyEnabled=false availableServices=[] cellIdentity=null voiceSpecificInfo=null dataSpecificInfo=null nrState=**** rRplmn= isUsingCarrierAggregation=false isNonTerrestrialNetwork=TERRESTRIAL}
12-07 01:54:25.867  1929  2317 D SemNativeCarrierFeature_vendor: getInstance
12-07 01:54:25.876  1929  2317 D SemNativeCarrierFeature_vendor: getInstance
12-07 01:54:25.879  1929  2317 D SemNativeCarrierFeature_vendor: getInstance
12-07 01:54:25.885  1929  2317 D SemNativeCarrierFeature_vendor: getInstance
