12-07 01:52:57.180  2296  2712 D ActivityManager: Received BROADCAST intent 0x5afda68 Key{broadcastIntent pkg=com.google.android.gms/com.google.android.gms.scheduler intent=act=com.google.android.gms.gcm.ACTION_CHECK_QUEUE cmp=com.google.android.gms/.gcm.nts.SchedulerInternalReceiver flags=0x2000000 u=0} requestCode=0 sent=0 from uid 1000
12-07 01:52:57.234  5210  5210 D BoundBrokerSvc: onBind: Intent { act=com.google.android.gms.checkin.internal.scheduler.ScheduledCheckinGmsTaskService.ACTION_TASK_READY dat=chimera-action:/... cmp=com.google.android.gms/.chimera.GmsInternalBoundBrokerService }
12-07 01:52:57.234  5210  5210 D BoundBrokerSvc: Loading bound service for intent: Intent { act=com.google.android.gms.checkin.internal.scheduler.ScheduledCheckinGmsTaskService.ACTION_TASK_READY dat=chimera-action:/... cmp=com.google.android.gms/.chimera.GmsInternalBoundBrokerService }
12-07 01:52:57.238  3899 29029 I NetworkScheduler.Stats: (REDACTED) Task %s/%s started execution. cause:%s exec_start_elapsed_seconds: %s
12-07 01:52:57.239  5210 17862 I Checkin : [ScheduledCheckinGmsTaskService] onRunTask
12-07 01:52:57.241  5210 17862 I WakefulBroadcastRcvr: Processing wakeful broadcast: com.google.android.gms.checkin.CHECKIN_START_ACTION
12-07 01:52:57.245  5210 29285 I Checkin : [CheckinIntentOperation] onHandleIntent, Intent { act=com.google.android.gms.checkin.CHECKIN_START_ACTION cat=[targeted_intent_op_prefix:.checkin.CheckinIntentOperation] cmp=com.google.android.gms/.chimera.GmsIntentOperationService (has extras) }
12-07 01:52:57.248  5210  5210 D BoundBrokerSvc: onUnbind: Intent { act=com.google.android.gms.checkin.internal.scheduler.ScheduledCheckinGmsTaskService.ACTION_TASK_READY dat=chimera-action:/... cmp=com.google.android.gms/.chimera.GmsInternalBoundBrokerService }
12-07 01:52:57.248  3899 29444 I NetworkScheduler.Stats: (REDACTED) Task %s/%s finished executing. cause:%s result: %s elapsed_millis: %s uptime_millis: %s exec_start_elapsed_seconds: %s
12-07 01:52:57.252  5210 29285 I Checkin : [CheckinOperation] Checkin Operation finished with result: RESCHEDULED finish time: 7272042.
12-07 01:52:57.252  5210 29285 I Checkin : [ScheduledCheckinGmsTaskService] scheduleCheckinTask
12-07 01:52:57.258  5210 29285 I Checkin : [ExecutionManager] Checkin scheduled at 7275042 with schedule delay: 3000
12-07 01:52:58.627  2296 11892 D SemWifiUsabilityStatsMonitor: onWifiUsabilityStats - seqNum 446, isSameBssidAndFreq true
12-07 01:52:58.818  1090  1090 D io_stats: !@   8,0 r 190482 9021977 w 105257 4117664 d 38617 1959892 f 0 14214 iot 209948 0 th 0 0 0 pt 0 inp 0 0 7273.607
12-07 01:52:58.952  1463  1463 I sensors-hal: set_config:61, sample_period_ns is adjusted to 200000000 based on min/max delay_ns
12-07 01:52:58.953  1463  1463 I sensors-hal: batch:512, com.samsung.sensor.light_cct/1511, period=200000000, max_latency=0 request completed
12-07 01:52:58.954  1463  1463 I sensors-hal: activate:428, com.samsung.sensor.light_cct/1511 en=1
12-07 01:52:58.955  1463  1463 I sensors-hal: get_qmi_debug_flag:239, support_qmi_debug : false
12-07 01:52:58.957  1438  1617 E minksocket: MinkIPC_QRTR_Service: client with node 1 port 462b went down
12-07 01:52:58.960  1438  1617 E minksocket: MinkIPC_QRTR_Service: client with node 1 port 462c went down
12-07 01:52:58.965  1438  1617 E minksocket: MinkIPC_QRTR_Service: client with node 1 port 462d went down
12-07 01:52:58.966  1463  1463 I sensors-hal: send_sync_sensor_request:450, send sync request
12-07 01:52:58.967  1463  1463 I sensors-hal: send_sync_sensor_request:476, wait for notification of response
12-07 01:52:58.969  1463 29464 I sensors-hal: ssc_conn_resp_cb:835, resp_value = 0
12-07 01:52:58.969  1438  1617 E minksocket: MinkIPC_QRTR_Service: client with node 1 port 462e went down
12-07 01:52:58.970  1463  1463 I sensors-hal: send_sync_sensor_request:482, takes 3 ms to receive the response with 0
12-07 01:52:58.970  1463  1463 I sensors-hal: activate:446, com.samsung.sensor.light_cct/1511 en=1 completed
12-07 01:52:58.971  2296  2837 D SensorManager: registerListener :: 1511, STK33915 Light CCT  Non-wakeup, 200000, 0, com.samsung.android.displaysolution.EyeComfortSolutionService$2@7865ecc
12-07 01:52:59.016  1463 29464 I sensors-hal: handle_indication_realtime:467,  SCHED_FIFO(10) for qmi_cbk
12-07 01:52:59.016  1463 29464 I sensors-hal: handle_sns_std_sensor_event:89, light_cct: ts = 7273797093531 ns; value = [266, 266, 4, 3, 189, 78, 2, 2, 779, -1]
12-07 01:52:59.019  1463  1463 I sensors-hal: activate:428, com.samsung.sensor.light_cct/1511 en=0
12-07 01:52:59.021  1463  1463 I sensors-hal: deactivate:382, disconnect qmi to disable sensor
12-07 01:52:59.021  1463  1463 I sensors-hal: activate:446, com.samsung.sensor.light_cct/1511 en=0 completed
12-07 01:52:59.022  1438  1617 E minksocket: MinkIPC_QRTR_Service: client with node 1 port 462f went down
12-07 01:52:59.022  2296  2837 D SensorManager: unregisterListener :: com.samsung.android.displaysolution.EyeComfortSolutionService$2@7865ecc
12-07 01:52:59.294  2296  2440 E Watchdog: !@Sync: 243 heap: 69 / 83 FD: 1046 [2024-12-07 01:52:59.293]
12-07 01:52:59.338  1463 27423 I sensors-hal: handle_sns_std_sensor_event:311, [SSC_LIGHT] P: 266(266),m:7,c:0,b:78,c0:12432,l:266,f(r):98,u(bl):100,j:194
12-07 01:53:00.009  2296  2296 I EyeComfortSolutionService: action  :  android.intent.action.TIME_TICK
12-07 01:53:00.011  3014  3760 I DateTimeView: updateAll - getTimeFormat
12-07 01:53:00.016  3014  3760 D QSClockBellTower: onReceive(android.intent.action.TIME_TICK) mTimeZoneString:Asia/Seoul
12-07 01:53:00.017  3014  3014 I DigitalHorizontalClockView_LOCK_SCREEN_2@729: updatePaletteItemTransition : paletteItem = SOLID color : FF1CEDE0, animation = false, dozeAmount = 0.0
12-07 01:53:00.019  3014  3014 I DigitalHorizontalClockView_LOCK_SCREEN_2@729: scaleDateView: viewWidth=288.0, maxWidth=944, mSubLauncherScale=1.0
12-07 01:53:00.019  3014  3014 I DigitalHorizontalClockView_LOCK_SCREEN_2@729: scaleTimeView: measureWidth=380.0, maxWidth=944, mSubLauncherScale=1.0
12-07 01:53:00.053  3014  3014 I FaceWidgetClockPage: onLayoutChanged: [283, 0, 661, 290] ->[282, 0, 662, 290] 
12-07 01:53:00.054  1577  1797 I VSyncReactor: Current= 24, Period= 24, Distance= 0
12-07 01:53:00.063  1929  2292 D SemNativeCarrierFeature_vendor: getInstance
12-07 01:53:00.065  3014  3014 I BackgroundBlurDrawable: draw: BackgroundBlurDrawable@193329614 bounds=Rect(0, 0 - 1080, 2316), drawRenderNode w=1080 h=2316
12-07 01:53:00.070  3014  3014 D QSClockBellTower: He is ready to ring the bell. (((QSClockBellSound - TimeText:1:53, TimeContentDescription:오전 1:53, DateText:12월 7일 토요일, ShortDateText:12월 7일 (토), Demo:false, QuickStar-Second(false|12:34:56), QuickStar-DateText:12월 7일 (토))))
12-07 01:53:00.070  3014  3014 D QSClock : StatusBar clock=1:53 notifyTimeChanged(QSClockBellSound - TimeText:1:53, TimeContentDescription:오전 1:53, DateText:12월 7일 토요일, ShortDateText:12월 7일 (토), Demo:false, QuickStar-Second(false|12:34:56), QuickStar-DateText:12월 7일 (토)) clockVisibleByPolicy=true, clockVisibleByUser=true, visible=false, parent=android.widget.LinearLayout{8b50d6b V.E...... ........ 0,0-0,56 #7f0a05a9 app:id/left_clock_container}
12-07 01:53:00.071  3014  3014 D QSClockBellTower: Everyone heard the bell. run(currentTime:1733503980069, getTime():Sat Dec 07 01:53:00 GMT+09:00 2024, getTimeZone():libcore.util.ZoneInfo[mDstSavings=0,mUseDst=false,mDelegate=[id="Asia/Seoul",mRawOffset=32400000,mEarliestRawOffset=30472000,transitions=29]])
12-07 01:53:00.072  3014  3014 D FaceWidgetPagesController: onTimeChanged()
12-07 01:53:00.072  3014  3014 D FaceWidgetPagesController: refreshViews() reason = ON_TIME_TICK, force = false
12-07 01:53:00.073  3014  3014 I FaceWidgetViewModel: isEditModeAnimating: false
12-07 01:53:00.073  3014  3014 I FaceWidgetClockPage: updateClockRect: RectF(350.0, 393.0, 730.0, 683.0)
12-07 01:53:00.073  3014  3014 I FaceWidgetClockRectManager: needRefreshClockRect ret=false, maxDiffRatio=0.0018518567, max=2.0000052 [RectF(0.3092014, 0.16968912, 0.6898727, 0.294905)] vs [RectF(0.31105325, 0.16968912, 0.6889468, 0.294905)]
12-07 01:53:00.095  1577  1797 I VSyncReactor: Current= 24, Period= 24, Distance= 24
12-07 01:53:00.096  3014  3014 D QsExpandAnimator: mIsDateButtonOverlapped = false >> false, (411.0 + 375) = 786.0 : 984
12-07 01:53:00.099  1929  2292 D SemNativeCarrierFeature_vendor: getInstance
12-07 01:53:00.102  3014  3014 W View    : requestLayout() improperly called by android.widget.FrameLayout{2194cc1 V.E...... ......ID 0,137-1080,2181 #7f0a0866 app:id/qs_frame} during layout: running second layout pass
12-07 01:53:00.105  2988  3067 I System.out: Broadcasting: Intent { act=com.sec.intent.action.CP_CHAN_INFO flg=0x1000000 (has extras) }
12-07 01:53:00.106  3014  3014 I BackgroundBlurDrawable: draw: BackgroundBlurDrawable@193329614 bounds=Rect(0, 0 - 1080, 2316), drawRenderNode w=1080 h=2316
12-07 01:53:00.118  2988  3004 I System.out: Broadcast completed: result=0
12-07 01:53:00.124  3162  3230 I EPDG -- SIM0 IwlanNetworkService: requestNetworkRegistrationInfo for domain 2
12-07 01:53:00.125  1929  2317 D SemNativeCarrierFeature_vendor: getInstance
12-07 01:53:00.125  3162  3403 I EPDG -- SIM0 IwlanNetworkService: Calling onRequestNetworkRegistrationInfoComplete.resultCode = 0, netState = NetworkRegistrationInfo{ domain=PS transportType=WLAN registrationState=UNKNOWN networkRegistrationState=UNKNOWN roamingType=NOT_ROAMING accessNetworkTechnology=IWLAN rejectCause=0 emergencyEnabled=false availableServices=[] cellIdentity=null voiceSpecificInfo=null dataSpecificInfo=null nrState=**** rRplmn= isUsingCarrierAggregation=false isNonTerrestrialNetwork=TERRESTRIAL}
12-07 01:53:00.128  1929  2317 D SemNativeCarrierFeature_vendor: getInstance
12-07 01:53:00.133  3162  3230 I EPDG -- SIM0 IwlanNetworkService: requestNetworkRegistrationInfo for domain 2
12-07 01:53:00.134  3162  3403 I EPDG -- SIM0 IwlanNetworkService: Calling onRequestNetworkRegistrationInfoComplete.resultCode = 0, netState = NetworkRegistrationInfo{ domain=PS transportType=WLAN registrationState=UNKNOWN networkRegistrationState=UNKNOWN roamingType=NOT_ROAMING accessNetworkTechnology=IWLAN rejectCause=0 emergencyEnabled=false availableServices=[] cellIdentity=null voiceSpecificInfo=null dataSpecificInfo=null nrState=**** rRplmn= isUsingCarrierAggregation=false isNonTerrestrialNetwork=TERRESTRIAL}
12-07 01:53:00.137  1929  2317 D SemNativeCarrierFeature_vendor: getInstance
12-07 01:53:00.143  1929  2317 D SemNativeCarrierFeature_vendor: getInstance
12-07 01:53:00.146  1929  2317 D SemNativeCarrierFeature_vendor: getInstance
12-07 01:53:00.152  1929  2317 D SemNativeCarrierFeature_vendor: getInstance
12-07 01:53:00.188  2296  3429 W ContextImpl: Calling a method in the system process without a qualified user: android.app.ContextImpl.sendBroadcastMultiplePermissions:1331 android.content.Context.sendBroadcastMultiplePermissions:2480 com.android.server.TelephonyRegistry.broadcastServiceStateChanged:3706 com.android.server.TelephonyRegistry.notifyServiceStateForPhoneId:1767 com.android.internal.telephony.ITelephonyRegistry$Stub.onTransact:549 
12-07 01:53:00.193  2296  3429 W ContextImpl: Calling a method in the system process without a qualified user: android.app.ContextImpl.sendBroadcastMultiplePermissions:1364 com.android.server.TelephonyRegistry.broadcastServiceStateChanged:3711 com.android.server.TelephonyRegistry.notifyServiceStateForPhoneId:1767 com.android.internal.telephony.ITelephonyRegistry$Stub.onTransact:549 android.os.Binder.execTransactInternal:1380 
12-07 01:53:00.196  2296  2296 D SemWifiService: received: android.intent.action.SERVICE_STATE
12-07 01:53:00.198  2296  2894 W SemWifiBackOff.Fcc: service state is SERVICE_STATE_UNKNOWN telephony country iso: kr
12-07 01:53:00.199  2296  3429 W ContextImpl: Calling a method in the system process without a qualified user: android.app.ContextImpl.sendBroadcastMultiplePermissions:1364 com.android.server.TelephonyRegistry.broadcastServiceStateChanged:3720 com.android.server.TelephonyRegistry.notifyServiceStateForPhoneId:1767 com.android.internal.telephony.ITelephonyRegistry$Stub.onTransact:549 android.os.Binder.execTransactInternal:1380 
12-07 01:53:00.200  2296  2894 V SemWifiBackOff.5G: restore back off mode, current: [NONE]
12-07 01:53:00.203  2296  3429 W ContextImpl: Calling a method in the system process without a qualified user: android.app.ContextImpl.sendBroadcastMultiplePermissions:1364 com.android.server.TelephonyRegistry.broadcastServiceStateChanged:3726 com.android.server.TelephonyRegistry.notifyServiceStateForPhoneId:1767 com.android.internal.telephony.ITelephonyRegistry$Stub.onTransact:549 android.os.Binder.execTransactInternal:1380 
12-07 01:53:00.204  3014  3014 D DummyMobileConnectionRepository: Receive service state broadcast slot=0
12-07 01:53:00.205  3014  3014 W KeyguardUpdateMonitorLog: invalid subId in handleServiceStateChange()
12-07 01:53:00.205  2988  2988 D ServiceStateProvider: subId=-1
12-07 01:53:00.819  1090  1090 D io_stats: !@ Write_top(KB): f2fs_ckpt-254:5(1168) 40 .gms.persistent(3899) 28 init(1) 16
12-07 01:53:01.748  2296 11892 D SemWifiUsabilityStatsMonitor: onWifiUsabilityStats - seqNum 447, isSameBssidAndFreq true
12-07 01:53:01.849  1463 27473 I sensors-hal: handle_sns_client_event:185, auto_rotation_debug_2 mode,255, type,1,0 acc,-0.067,7.511,6.473, ar,0, ver,12, pedo,1,e,0,i,2
12-07 01:53:02.265  2296  2712 D ActivityManager: Received BROADCAST intent 0x5afda68 Key{broadcastIntent pkg=com.google.android.gms/com.google.android.gms.scheduler intent=act=com.google.android.gms.gcm.ACTION_CHECK_QUEUE cmp=com.google.android.gms/.gcm.nts.SchedulerInternalReceiver flags=0x2000000 u=0} requestCode=0 sent=0 from uid 1000
12-07 01:53:02.320  5210  5210 D BoundBrokerSvc: onBind: Intent { act=com.google.android.gms.checkin.internal.scheduler.ScheduledCheckinGmsTaskService.ACTION_TASK_READY dat=chimera-action:/... cmp=com.google.android.gms/.chimera.GmsInternalBoundBrokerService }
12-07 01:53:02.320  5210  5210 D BoundBrokerSvc: Loading bound service for intent: Intent { act=com.google.android.gms.checkin.internal.scheduler.ScheduledCheckinGmsTaskService.ACTION_TASK_READY dat=chimera-action:/... cmp=com.google.android.gms/.chimera.GmsInternalBoundBrokerService }
12-07 01:53:02.326  3899 27871 I NetworkScheduler.Stats: (REDACTED) Task %s/%s started execution. cause:%s exec_start_elapsed_seconds: %s
12-07 01:53:02.327  5210 12717 I Checkin : [ScheduledCheckinGmsTaskService] onRunTask
12-07 01:53:02.330  5210 12717 I WakefulBroadcastRcvr: Processing wakeful broadcast: com.google.android.gms.checkin.CHECKIN_START_ACTION
12-07 01:53:02.335  5210 29285 I Checkin : [CheckinIntentOperation] onHandleIntent, Intent { act=com.google.android.gms.checkin.CHECKIN_START_ACTION cat=[targeted_intent_op_prefix:.checkin.CheckinIntentOperation] cmp=com.google.android.gms/.chimera.GmsIntentOperationService (has extras) }
12-07 01:53:02.340  5210  5210 D BoundBrokerSvc: onUnbind: Intent { act=com.google.android.gms.checkin.internal.scheduler.ScheduledCheckinGmsTaskService.ACTION_TASK_READY dat=chimera-action:/... cmp=com.google.android.gms/.chimera.GmsInternalBoundBrokerService }
12-07 01:53:02.341  3899 29444 I NetworkScheduler.Stats: (REDACTED) Task %s/%s finished executing. cause:%s result: %s elapsed_millis: %s uptime_millis: %s exec_start_elapsed_seconds: %s
12-07 01:53:02.345  5210 29285 I Checkin : [CheckinOperation] Checkin Operation finished with result: RESCHEDULED finish time: 7277134.
12-07 01:53:02.345  5210 29285 I Checkin : [ScheduledCheckinGmsTaskService] scheduleCheckinTask
12-07 01:53:02.352  5210 29285 I Checkin : [ExecutionManager] Checkin scheduled at 7280135 with schedule delay: 3000
12-07 01:53:02.373  1463 27423 I sensors-hal: handle_sns_std_sensor_event:311, [SSC_LIGHT] P: 266(266),m:7,c:0,b:78,c0:12448,l:266,f(r):98,u(bl):100,j:193
12-07 01:53:02.820  1090  1090 D io_stats: !@   8,0 r 190482 9021977 w 105270 4117708 d 38617 1959892 f 0 14216 iot 209960 0 th 0 0 0 pt 0 inp 0 0 7277.610
12-07 01:53:03.084  1459  1459 I android.hardware.health@2.1-service-samsung: updateLrpSysfs: write: 276
12-07 01:53:03.191  1459  1483 E BatteryDump: !@new_battery_dump : 4326,20,1500,1500,100,273,275,286,273,0,277,282,0,Not-charging,NO_CHARGING,Normal,Good,USB_CDP,2,Normal,0,0,8700,0x100000,0x1010000,0x0,0,0,0000,0000,00000000,0,0,0,0,2,4324,9985,990,0,
12-07 01:53:03.897 10782 10782 I wpa_supplicant: Heartbeat 721
12-07 01:53:04.823  1090  1090 D io_stats: !@   8,0 r 190482 9021977 w 105272 4117716 d 38617 1959892 f 0 14216 iot 209968 0 th 0 0 0 pt 0 inp 0 0 7279.612
12-07 01:53:04.823  1090  1090 D io_stats: !@ Write_top(KB): .gms.persistent(3899) 32 android.hardwar(1459) 8 gle.android.gms(5210) 4
12-07 01:53:04.840  2296  2865 D UsbStatsMonitor: 0 0 0 0 0 0 0 0 0 0 0 0 0 0 0 0 0 0 0 0 0 0 0 0 0 0 0 0 0 0 0 0 0 0 0 0 0 0 0 0 0 0 0 0 0 0 0 0 0 0 0 0 0 0 70841190580250
12-07 01:53:04.896  2296 11892 D SemWifiUsabilityStatsMonitor: onWifiUsabilityStats - seqNum 448, isSameBssidAndFreq true
12-07 01:53:05.216  3549  5280 I HoneySpace.SALogging: status logging is updated.
12-07 01:53:05.220  3549 23485 I HoneySpace.WorkspaceSALoggingHelper: 2024-12-07T01:53:05.216707
12-07 01:53:05.221  3549  5280 I HoneySpace.SALogging: status logging is started.
12-07 01:53:05.221  3549  5280 I HoneySpace.SALogging: lastDateString = 2024-12-07 01:53:05
12-07 01:53:05.222  3549 23484 I HoneySpace.AppListStatusLogger: t8.o0@fd87a1 updateStatusLog
12-07 01:53:05.222  3549  5280 I HoneySpace.SALogging: elapsedTime = 222
12-07 01:53:05.255  1463 27423 I sensors-hal: handle_sns_std_sensor_event:311, [SSC_LIGHT] P: 265(265),m:7,c:0,b:78,c0:12464,l:266,f(r):98,u(bl):100,j:193
12-07 01:53:06.824  1090  1090 D io_stats: !@   8,0 r 190482 9021977 w 105274 4117728 d 38617 1959892 f 0 14216 iot 209976 0 th 0 0 0 pt 0 inp 0 0 7281.614
12-07 01:53:06.959  2296  2833 W DeviceStorageMonitorService: updateBroadcasts(/data) oldLevel:0, newLevel:0, seq:1
12-07 01:53:06.965  2296  2833 D DeviceStorageMonitorService: Available File Node Number is [12799752]
12-07 01:53:06.966  2296  2833 W DeviceStorageMonitorService: updateBroadcasts_filenode(/data) fn_oldLevel:0, fn_newLevel:0, seq:1
12-07 01:53:07.081  2296  3429 I ActivityManager: Changes in 10266 5 to 5, 56 to 63
12-07 01:53:07.105  1350  1350 E audit   : type=1400 audit(1733503987.101:6411): avc:  denied  { ioctl } for  pid=3899 comm="lowpool[95]" path="/data/data/com.google.android.gms/databases/phenotype.db" dev="dm-56" ino=6630 ioctlcmd=0xf522 scontext=u:r:gmscore_app:s0:c512,c768 tcontext=u:object_r:privapp_data_file:s0:c512,c768 tclass=file permissive=0 SEPF_SM-S908N_12_0001 audit_filtered
12-07 01:53:07.259  4724  5815 I BistoHotwordHelper: (REDACTED) getHotwordActive::active query: %s, watch: %s, devices connected: %s
12-07 01:53:07.367  2296  2712 D ActivityManager: Received SERVICE intent 0x95b23ef Key{startService pkg=com.samsung.android.game.gos intent=cmp=com.samsung.android.game.gos/.service.MainIntentService flags=0x2000000 u=0} requestCode=1000 from uid 1000
12-07 01:53:07.374  2296  2712 D ActivityManager: Received BROADCAST intent 0x5afda68 Key{broadcastIntent pkg=com.google.android.gms/com.google.android.gms.scheduler intent=act=com.google.android.gms.gcm.ACTION_CHECK_QUEUE cmp=com.google.android.gms/.gcm.nts.SchedulerInternalReceiver flags=0x2000000 u=0} requestCode=0 sent=0 from uid 1000
12-07 01:53:07.375 26505 29471 I GOS:MainIntentService: onHandleIntent(). type(ON_ALARM) from 4
12-07 01:53:07.375 26505 29471 I GOS:MainIntentService: received UPDATE_ALARM type alarm: ON_ALARM
12-07 01:53:07.380 26505 29471 W GOS:RequestHeader: tryToAddMcc(), can't find mcc
12-07 01:53:07.380 26505 29471 W GOS:RequestHeader: tryToAddMnc(), can't find mnc
12-07 01:53:07.419  5210  5210 D BoundBrokerSvc: onBind: Intent { act=com.google.android.gms.checkin.internal.scheduler.ScheduledCheckinGmsTaskService.ACTION_TASK_READY dat=chimera-action:/... cmp=com.google.android.gms/.chimera.GmsInternalBoundBrokerService }
12-07 01:53:07.420  5210  5210 D BoundBrokerSvc: Loading bound service for intent: Intent { act=com.google.android.gms.checkin.internal.scheduler.ScheduledCheckinGmsTaskService.ACTION_TASK_READY dat=chimera-action:/... cmp=com.google.android.gms/.chimera.GmsInternalBoundBrokerService }
12-07 01:53:07.424  3899 29444 I NetworkScheduler.Stats: (REDACTED) Task %s/%s started execution. cause:%s exec_start_elapsed_seconds: %s
12-07 01:53:07.424  5210 17862 I Checkin : [ScheduledCheckinGmsTaskService] onRunTask
12-07 01:53:07.426  5210 17862 I WakefulBroadcastRcvr: Processing wakeful broadcast: com.google.android.gms.checkin.CHECKIN_START_ACTION
12-07 01:53:07.429  5210 29285 I Checkin : [CheckinIntentOperation] onHandleIntent, Intent { act=com.google.android.gms.checkin.CHECKIN_START_ACTION cat=[targeted_intent_op_prefix:.checkin.CheckinIntentOperation] cmp=com.google.android.gms/.chimera.GmsIntentOperationService (has extras) }
12-07 01:53:07.433  3899 29029 I NetworkScheduler.Stats: (REDACTED) Task %s/%s finished executing. cause:%s result: %s elapsed_millis: %s uptime_millis: %s exec_start_elapsed_seconds: %s
12-07 01:53:07.433 26505 29471 I GOS:AlarmController: onUpdateAlarm(), start!, IntentType: ON_ALARM
12-07 01:53:07.434 26505 29471 I GOS:AlarmController: onUpdateAlarm() - GameLastPlayedTime too old. skip update millisFromLastUpdate: 7201678
12-07 01:53:07.436  5210 29285 I Checkin : [CheckinOperation] Checkin Operation finished with result: RESCHEDULED finish time: 7282225.
12-07 01:53:07.436  5210  5210 D BoundBrokerSvc: onUnbind: Intent { act=com.google.android.gms.checkin.internal.scheduler.ScheduledCheckinGmsTaskService.ACTION_TASK_READY dat=chimera-action:/... cmp=com.google.android.gms/.chimera.GmsInternalBoundBrokerService }
12-07 01:53:07.436  5210 29285 I Checkin : [ScheduledCheckinGmsTaskService] scheduleCheckinTask
12-07 01:53:07.439 26505 26505 I GOS:App : onTrimMemory 40
12-07 01:53:07.439  5210 29285 I Checkin : [ExecutionManager] Checkin scheduled at 7285226 with schedule delay: 3000
12-07 01:53:07.472 26505 26519 W ndroid.game.gos: Reducing the number of considered missed Gc histogram windows from 344 to 100
12-07 01:53:07.708  5350  5844 V CpEventLog(u0): cp_state: [                 contacts = {contacts=0, raw_contacts=0, data=0, account={secphone(1)=0}, trash=0, trash_acc={}, trash_sync=0, database=contacts2.db} ]
12-07 01:53:07.708  5350  5844 V CpEventLog(u0): cp_state: [               aggregated = {} ]
12-07 01:53:07.708  5350  5844 V CpEventLog(u0): cp_state: [                  request = {} ]
12-07 01:53:07.708  5350  5844 V CpEventLog(u0): cp_state: [                    calls = {types={}, database=calllog.db} ]
12-07 01:53:07.708  5350  5844 V CpEventLog(u0): cp_state: [                  profile = {contacts=0, raw_contacts=0, data=0, account={secphone(1)=0}, trash=0, trash_acc={}, trash_sync=0, database=profile.db} ]
12-07 01:53:07.708  5350  5844 V CpEventLog(u0): cp_state: [               sa_profile = {contacts=0, raw_contacts=0, data=0, account={secphone(1)=0}, trash=0, trash_acc={}, trash_sync=0, database=profile_sa.db} ]
12-07 01:53:07.708  5350  5844 V CpEventLog(u0): cp_state: [                      etc = {binders=0, country_iso=KR, version=15.2.26, db_version=1802, csc=KOO/KOR} ]
12-07 01:53:07.708  5350  5844 V CpEventLog(u0): cp_state: ------------------------------------------------------------------------------
12-07 01:53:08.013  2296 11892 D SemWifiUsabilityStatsMonitor: onWifiUsabilityStats - seqNum 449, isSameBssidAndFreq true
12-07 01:53:08.295  1463 27423 I sensors-hal: handle_sns_std_sensor_event:311, [SSC_LIGHT] P: 265(265),m:7,c:0,b:78,c0:12464,l:266,f(r):98,u(bl):100,j:193
12-07 01:53:08.337  4858  5718 I SDHMS:C : SIOP:: AP:289 BAT:273 USB:275 CHG:286 PA:295 WIFI:286 CF:279 BLK:0 SUBBAT:0 SKIN:276 SKINF:276 SKINB:273 LRP:276 LRP2:276 LRF2:276 LRB2:273 AP2:276 CHG2:274 WIFI2:275 UANT2:273 DANT2:268 RCV2:272 SPK2:275 FCAM:275 UPSPK:279 DNSPK:275 AMB:241 AVGCUR:0
12-07 01:53:08.828  1090  1090 D io_stats: !@   8,0 r 190482 9021977 w 105314 4118884 d 38634 1960100 f 0 14222 iot 210020 0 th 0 0 0 pt 0 inp 0 0 7283.618
12-07 01:53:08.829  1090  1090 D io_stats: !@ Write_top(KB): kworker/u16:3(27498) 964 f2fs_ckpt-254:5(1168) 52 .gms.persistent(3899) 28
12-07 01:53:09.021  1463  1463 I sensors-hal: set_config:61, sample_period_ns is adjusted to 200000000 based on min/max delay_ns
12-07 01:53:09.022  1463  1463 I sensors-hal: batch:512, com.samsung.sensor.light_cct/1511, period=200000000, max_latency=0 request completed
12-07 01:53:09.023  1463  1463 I sensors-hal: activate:428, com.samsung.sensor.light_cct/1511 en=1
12-07 01:53:09.023  1463  1463 I sensors-hal: get_qmi_debug_flag:239, support_qmi_debug : false
12-07 01:53:09.026  1438  1617 E minksocket: MinkIPC_QRTR_Service: client with node 1 port 4630 went down
12-07 01:53:09.029  1438  1617 E minksocket: MinkIPC_QRTR_Service: client with node 1 port 4631 went down
12-07 01:53:09.031  1438  1617 E minksocket: MinkIPC_QRTR_Service: client with node 1 port 4632 went down
12-07 01:53:09.033  1463  1463 I sensors-hal: send_sync_sensor_request:450, send sync request
12-07 01:53:09.033  1463  1463 I sensors-hal: send_sync_sensor_request:476, wait for notification of response
12-07 01:53:09.036  1463 29474 I sensors-hal: ssc_conn_resp_cb:835, resp_value = 0
12-07 01:53:09.036  1463  1463 I sensors-hal: send_sync_sensor_request:482, takes 2 ms to receive the response with 0
12-07 01:53:09.036  1463  1463 I sensors-hal: activate:446, com.samsung.sensor.light_cct/1511 en=1 completed
12-07 01:53:09.036  1438  1617 E minksocket: MinkIPC_QRTR_Service: client with node 1 port 4633 went down
12-07 01:53:09.037  2296  2837 D SensorManager: registerListener :: 1511, STK33915 Light CCT  Non-wakeup, 200000, 0, com.samsung.android.displaysolution.EyeComfortSolutionService$2@7865ecc
12-07 01:53:09.096  1463 29474 I sensors-hal: handle_indication_realtime:467,  SCHED_FIFO(10) for qmi_cbk
12-07 01:53:09.096  1463 29474 I sensors-hal: handle_sns_std_sensor_event:89, light_cct: ts = 7283877095614 ns; value = [266, 266, 4, 3, 192, 78, 2, 2, 778, -1]
12-07 01:53:09.099  1463  1463 I sensors-hal: activate:428, com.samsung.sensor.light_cct/1511 en=0
12-07 01:53:09.101  1463  1463 I sensors-hal: deactivate:382, disconnect qmi to disable sensor
12-07 01:53:09.101  1463  1463 I sensors-hal: activate:446, com.samsung.sensor.light_cct/1511 en=0 completed
12-07 01:53:09.102  2296  2837 D SensorManager: unregisterListener :: com.samsung.android.displaysolution.EyeComfortSolutionService$2@7865ecc
12-07 01:53:09.104  1438  1617 E minksocket: MinkIPC_QRTR_Service: client with node 1 port 4634 went down
12-07 01:53:11.134  2296 11892 D SemWifiUsabilityStatsMonitor: onWifiUsabilityStats - seqNum 450, isSameBssidAndFreq true
12-07 01:53:11.465  1463 27473 I sensors-hal: handle_sns_client_event:185, auto_rotation_debug_2 mode,255, type,1,0 acc,-0.060,7.523,6.473, ar,0, ver,12, pedo,1,e,0,i,2
12-07 01:53:11.703  2296 11085 I AfterimageCompensationService: AfcThread mLuminance : 109 , AfpcPeriodCount : 47 , rotation : 0 , AOD : false
12-07 01:53:11.709  1577  1724 D RenderEngine: [SEC_GC_CMN_SF_EFFECTS] drawLayersInternal,1279, Rendering layer  at index 0
12-07 01:53:11.709  1577  1724 D RenderEngine: [SEC_GC_CMN_SF_EFFECTS] drawLayersInternal,1279, Rendering layer StatusBar$_3014#90 at index 1
12-07 01:53:11.710  1577  1724 D RenderEngine: [SEC_GC_CMN_SF_EFFECTS] drawLayersInternal,1279, Rendering layer NotificationShade$_3014#87 at index 2
12-07 01:53:11.710  1577  1724 D RenderEngine: [SEC_GC_CMN_SF_EFFECTS] drawLayersInternal,1279, Rendering layer com.sec.android.app.launcher/com.samsung.app.honeyspace.edge.CocktailBarService$_3549#133 at index 3
12-07 01:53:11.722  2296 11085 D system_server: mAFPC_Read - w = 1080, h = 2316, s = 8, f = 4, s_size = 10079232, luminance = 109, count = 47, captureOrientation = 0
12-07 01:53:12.133  1463 27423 I sensors-hal: handle_sns_std_sensor_event:311, [SSC_LIGHT] P: 266(266),m:7,c:0,b:78,c0:12432,l:266,f(r):98,u(bl):100,j:192
12-07 01:53:12.449  2296  2712 D ActivityManager: Received BROADCAST intent 0x5afda68 Key{broadcastIntent pkg=com.google.android.gms/com.google.android.gms.scheduler intent=act=com.google.android.gms.gcm.ACTION_CHECK_QUEUE cmp=com.google.android.gms/.gcm.nts.SchedulerInternalReceiver flags=0x2000000 u=0} requestCode=0 sent=0 from uid 1000
12-07 01:53:12.502  5210  5210 D BoundBrokerSvc: onBind: Intent { act=com.google.android.gms.checkin.internal.scheduler.ScheduledCheckinGmsTaskService.ACTION_TASK_READY dat=chimera-action:/... cmp=com.google.android.gms/.chimera.GmsInternalBoundBrokerService }
12-07 01:53:12.502  5210  5210 D BoundBrokerSvc: Loading bound service for intent: Intent { act=com.google.android.gms.checkin.internal.scheduler.ScheduledCheckinGmsTaskService.ACTION_TASK_READY dat=chimera-action:/... cmp=com.google.android.gms/.chimera.GmsInternalBoundBrokerService }
12-07 01:53:12.507  3899 29444 I NetworkScheduler.Stats: (REDACTED) Task %s/%s started execution. cause:%s exec_start_elapsed_seconds: %s
12-07 01:53:12.508  5210 12717 I Checkin : [ScheduledCheckinGmsTaskService] onRunTask
12-07 01:53:12.512  5210 12717 I WakefulBroadcastRcvr: Processing wakeful broadcast: com.google.android.gms.checkin.CHECKIN_START_ACTION
12-07 01:53:12.515  5210 29285 I Checkin : [CheckinIntentOperation] onHandleIntent, Intent { act=com.google.android.gms.checkin.CHECKIN_START_ACTION cat=[targeted_intent_op_prefix:.checkin.CheckinIntentOperation] cmp=com.google.android.gms/.chimera.GmsIntentOperationService (has extras) }
12-07 01:53:12.519  3899 29029 I NetworkScheduler.Stats: (REDACTED) Task %s/%s finished executing. cause:%s result: %s elapsed_millis: %s uptime_millis: %s exec_start_elapsed_seconds: %s
12-07 01:53:12.520  5210  5210 D BoundBrokerSvc: onUnbind: Intent { act=com.google.android.gms.checkin.internal.scheduler.ScheduledCheckinGmsTaskService.ACTION_TASK_READY dat=chimera-action:/... cmp=com.google.android.gms/.chimera.GmsInternalBoundBrokerService }
12-07 01:53:12.523  5210 29285 I Checkin : [CheckinOperation] Checkin Operation finished with result: RESCHEDULED finish time: 7287313.
12-07 01:53:12.523  5210 29285 I Checkin : [ScheduledCheckinGmsTaskService] scheduleCheckinTask
12-07 01:53:12.528  5210 29285 I Checkin : [ExecutionManager] Checkin scheduled at 7290313 with schedule delay: 3000
12-07 01:53:12.831  1090  1090 D io_stats: !@   8,0 r 190482 9021977 w 105327 4118928 d 38634 1960100 f 0 14224 iot 210032 0 th 0 0 0 pt 0 inp 0 0 7287.620
12-07 01:53:12.831  1090  1090 D io_stats: !@ Write_top(KB): .gms.persistent(3899) 32 gle.android.gms(5210) 4
12-07 01:53:13.368  1459  1459 I android.hardware.health@2.1-service-samsung: updateLrpSysfs: write: 276
12-07 01:53:13.551  1459  1483 E BatteryDump: !@new_battery_dump : 4323,5,1500,1500,100,273,275,286,273,0,276,282,0,Not-charging,NO_CHARGING,Normal,Good,USB_CDP,2,Normal,0,0,8700,0x100000,0x1010000,0x0,0,0,0000,0000,00000000,0,0,0,0,2,4324,9985,990,0,
12-07 01:53:13.910 10782 10782 I wpa_supplicant: Heartbeat 722
12-07 01:53:14.281  2296 11892 D SemWifiUsabilityStatsMonitor: onWifiUsabilityStats - seqNum 451, isSameBssidAndFreq true
12-07 01:53:14.835  1090  1090 D io_stats: !@   8,0 r 190482 9021977 w 105335 4118988 d 38634 1960100 f 0 14224 iot 210048 0 th 0 0 0 pt 0 inp 0 0 7289.625
12-07 01:53:14.855  1463 27423 I sensors-hal: handle_sns_std_sensor_event:311, [SSC_LIGHT] P: 265(265),m:7,c:0,b:78,c0:12416,l:265,f(r):98,u(bl):100,j:192
12-07 01:53:16.837  1090  1090 D io_stats: !@ Write_top(KB): kworker/u16:3(27498) 52 android.hardwar(1459) 8
12-07 01:53:17.253  1463 27423 I sensors-hal: handle_sns_std_sensor_event:311, [SSC_LIGHT] P: 266(266),m:7,c:0,b:78,c0:12432,l:266,f(r):98,u(bl):100,j:193
12-07 01:53:17.400  2296 11892 D SemWifiUsabilityStatsMonitor: onWifiUsabilityStats - seqNum 452, isSameBssidAndFreq true
12-07 01:53:17.536  2296  2712 D ActivityManager: Received BROADCAST intent 0x5afda68 Key{broadcastIntent pkg=com.google.android.gms/com.google.android.gms.scheduler intent=act=com.google.android.gms.gcm.ACTION_CHECK_QUEUE cmp=com.google.android.gms/.gcm.nts.SchedulerInternalReceiver flags=0x2000000 u=0} requestCode=0 sent=0 from uid 1000
12-07 01:53:17.587  5210  5210 D BoundBrokerSvc: onBind: Intent { act=com.google.android.gms.checkin.internal.scheduler.ScheduledCheckinGmsTaskService.ACTION_TASK_READY dat=chimera-action:/... cmp=com.google.android.gms/.chimera.GmsInternalBoundBrokerService }
12-07 01:53:17.587  5210  5210 D BoundBrokerSvc: Loading bound service for intent: Intent { act=com.google.android.gms.checkin.internal.scheduler.ScheduledCheckinGmsTaskService.ACTION_TASK_READY dat=chimera-action:/... cmp=com.google.android.gms/.chimera.GmsInternalBoundBrokerService }
12-07 01:53:17.594  3899 27871 I NetworkScheduler.Stats: (REDACTED) Task %s/%s started execution. cause:%s exec_start_elapsed_seconds: %s
12-07 01:53:17.595  5210 17862 I Checkin : [ScheduledCheckinGmsTaskService] onRunTask
12-07 01:53:17.600  5210 17862 I WakefulBroadcastRcvr: Processing wakeful broadcast: com.google.android.gms.checkin.CHECKIN_START_ACTION
12-07 01:53:17.604  5210 29285 I Checkin : [CheckinIntentOperation] onHandleIntent, Intent { act=com.google.android.gms.checkin.CHECKIN_START_ACTION cat=[targeted_intent_op_prefix:.checkin.CheckinIntentOperation] cmp=com.google.android.gms/.chimera.GmsIntentOperationService (has extras) }
12-07 01:53:17.611  3899 29029 I NetworkScheduler.Stats: (REDACTED) Task %s/%s finished executing. cause:%s result: %s elapsed_millis: %s uptime_millis: %s exec_start_elapsed_seconds: %s
12-07 01:53:17.613  5210  5210 D BoundBrokerSvc: onUnbind: Intent { act=com.google.android.gms.checkin.internal.scheduler.ScheduledCheckinGmsTaskService.ACTION_TASK_READY dat=chimera-action:/... cmp=com.google.android.gms/.chimera.GmsInternalBoundBrokerService }
12-07 01:53:17.614  5210 29285 I Checkin : [CheckinOperation] Checkin Operation finished with result: RESCHEDULED finish time: 7292404.
12-07 01:53:17.614  5210 29285 I Checkin : [ScheduledCheckinGmsTaskService] scheduleCheckinTask
12-07 01:53:17.621  5210 29285 I Checkin : [ExecutionManager] Checkin scheduled at 7295404 with schedule delay: 3000
12-07 01:53:17.671  3899 29444 I NetworkScheduler.Stats: (REDACTED) Task %s/%s started execution. cause:%s exec_start_elapsed_seconds: %s
12-07 01:53:17.678  3899  3899 D BoundBrokerSvc: onBind: Intent { act=com.google.android.gms.phenotype.service.START dat=chimera-action:/... cmp=com.google.android.gms/.chimera.PersistentApiService }
12-07 01:53:17.679  3899  3899 D BoundBrokerSvc: Loading bound service for intent: Intent { act=com.google.android.gms.phenotype.service.START dat=chimera-action:/... cmp=com.google.android.gms/.chimera.PersistentApiService }
12-07 01:53:17.686  1350  1350 E audit   : type=1400 audit(1733503997.685:6412): avc:  denied  { ioctl } for  pid=3899 comm="highpool[7]" path="/data/data/com.google.android.gms/databases/phenotype.db" dev="dm-56" ino=6630 ioctlcmd=0xf522 scontext=u:r:gmscore_app:s0:c512,c768 tcontext=u:object_r:privapp_data_file:s0:c512,c768 tclass=file permissive=0 SEPF_SM-S908N_12_0001 audit_filtered
12-07 01:53:17.720  1350  1350 E audit   : type=1400 audit(1733503997.717:6413): avc:  denied  { ioctl } for  pid=3899 comm="highpool[7]" path="/data/user_de/0/com.google.android.gms/databases/phenotype.db" dev="dm-56" ino=4660 ioctlcmd=0xf522 scontext=u:r:gmscore_app:s0:c512,c768 tcontext=u:object_r:privapp_data_file:s0:c512,c768 tclass=file permissive=0 SEPF_SM-S908N_12_0001 audit_filtered
12-07 01:53:17.786  3899 29029 I NetworkScheduler.Stats: (REDACTED) Task %s/%s finished executing. cause:%s result: %s elapsed_millis: %s uptime_millis: %s exec_start_elapsed_seconds: %s
12-07 01:53:18.267  3443  3620 W bluetooth: packages/modules/Bluetooth/system/gd/hci/vendor_specific_event_manager.cc:86 on_vendor_specific_event: Unhandled vendor specific event of type 0x90
12-07 01:53:18.841  1090  1090 D io_stats: !@   8,0 r 190515 9022109 w 105416 4120380 d 38673 1960452 f 0 14239 iot 210140 0 th 0 0 0 pt 0 inp 0 0 7293.630
12-07 01:53:19.111  1463  1463 I sensors-hal: set_config:61, sample_period_ns is adjusted to 200000000 based on min/max delay_ns
12-07 01:53:19.111  1463  1463 I sensors-hal: batch:512, com.samsung.sensor.light_cct/1511, period=200000000, max_latency=0 request completed
12-07 01:53:19.112  1463  1463 I sensors-hal: activate:428, com.samsung.sensor.light_cct/1511 en=1
12-07 01:53:19.113  1463  1463 I sensors-hal: get_qmi_debug_flag:239, support_qmi_debug : false
12-07 01:53:19.116  1438  1617 E minksocket: MinkIPC_QRTR_Service: client with node 1 port 4635 went down
12-07 01:53:19.119  1438  1617 E minksocket: MinkIPC_QRTR_Service: client with node 1 port 4636 went down
12-07 01:53:19.121  1438  1617 E minksocket: MinkIPC_QRTR_Service: client with node 1 port 4637 went down
12-07 01:53:19.123  1463  1463 I sensors-hal: send_sync_sensor_request:450, send sync request
12-07 01:53:19.124  1463  1463 I sensors-hal: send_sync_sensor_request:476, wait for notification of response
12-07 01:53:19.126  1438  1617 E minksocket: MinkIPC_QRTR_Service: client with node 1 port 4638 went down
12-07 01:53:19.126  1463 29485 I sensors-hal: ssc_conn_resp_cb:835, resp_value = 0
12-07 01:53:19.127  1463  1463 I sensors-hal: send_sync_sensor_request:482, takes 3 ms to receive the response with 0
12-07 01:53:19.127  1463  1463 I sensors-hal: activate:446, com.samsung.sensor.light_cct/1511 en=1 completed
12-07 01:53:19.127  2296  2837 D SensorManager: registerListener :: 1511, STK33915 Light CCT  Non-wakeup, 200000, 0, com.samsung.android.displaysolution.EyeComfortSolutionService$2@7865ecc
12-07 01:53:19.176  1463 29485 I sensors-hal: handle_indication_realtime:467,  SCHED_FIFO(10) for qmi_cbk
12-07 01:53:19.176  1463 29485 I sensors-hal: handle_sns_std_sensor_event:89, light_cct: ts = 7293957093322 ns; value = [266, 266, 4, 3, 192, 78, 2, 2, 778, -1]
12-07 01:53:19.179  1463  1463 I sensors-hal: activate:428, com.samsung.sensor.light_cct/1511 en=0
12-07 01:53:19.180  1463  1463 I sensors-hal: deactivate:382, disconnect qmi to disable sensor
12-07 01:53:19.180  1463  1463 I sensors-hal: activate:446, com.samsung.sensor.light_cct/1511 en=0 completed
12-07 01:53:19.181  1438  1617 E minksocket: MinkIPC_QRTR_Service: client with node 1 port 4639 went down
12-07 01:53:19.181  2296  2837 D SensorManager: unregisterListener :: com.samsung.android.displaysolution.EyeComfortSolutionService$2@7865ecc
12-07 01:53:20.545  2296 11892 D SemWifiUsabilityStatsMonitor: onWifiUsabilityStats - seqNum 453, isSameBssidAndFreq true
12-07 01:53:20.613  1463 27423 I sensors-hal: handle_sns_std_sensor_event:311, [SSC_LIGHT] P: 265(265),m:7,c:0,b:78,c0:12416,l:265,f(r):98,u(bl):100,j:193
12-07 01:53:20.842  1090  1090 D io_stats: !@ Read_top(KB): .gms.persistent(3899) 132
12-07 01:53:20.842  1090  1090 D io_stats: !@ Write_top(KB): kworker/u16:0(29411) 1032 f2fs_ckpt-254:5(1168) 84 .gms.persistent(3899) 52
12-07 01:53:21.081  1463 27473 I sensors-hal: handle_sns_client_event:185, auto_rotation_debug_2 mode,255, type,1,0 acc,-0.050,7.506,6.458, ar,0, ver,12, pedo,1,e,0,i,2
12-07 01:53:21.183  1929  2292 D SemNativeCarrierFeature_vendor: getInstance
12-07 01:53:21.218  1929  2292 D SemNativeCarrierFeature_vendor: getInstance
12-07 01:53:21.224  2988  3067 I System.out: Broadcasting: Intent { act=com.sec.intent.action.CP_CHAN_INFO flg=0x1000000 (has extras) }
12-07 01:53:21.237  2988  3004 I System.out: Broadcast completed: result=0
12-07 01:53:21.247  1929  2317 D SemNativeCarrierFeature_vendor: getInstance
12-07 01:53:21.245  3162  3230 I EPDG -- SIM0 IwlanNetworkService: requestNetworkRegistrationInfo for domain 2
12-07 01:53:21.248  3162  3403 I EPDG -- SIM0 IwlanNetworkService: Calling onRequestNetworkRegistrationInfoComplete.resultCode = 0, netState = NetworkRegistrationInfo{ domain=PS transportType=WLAN registrationState=UNKNOWN networkRegistrationState=UNKNOWN roamingType=NOT_ROAMING accessNetworkTechnology=IWLAN rejectCause=0 emergencyEnabled=false availableServices=[] cellIdentity=null voiceSpecificInfo=null dataSpecificInfo=null nrState=**** rRplmn= isUsingCarrierAggregation=false isNonTerrestrialNetwork=TERRESTRIAL}
12-07 01:53:21.250  1929  2317 D SemNativeCarrierFeature_vendor: getInstance
12-07 01:53:21.256  3162  3230 I EPDG -- SIM0 IwlanNetworkService: requestNetworkRegistrationInfo for domain 2
12-07 01:53:21.257  3162  3403 I EPDG -- SIM0 IwlanNetworkService: Calling onRequestNetworkRegistrationInfoComplete.resultCode = 0, netState = NetworkRegistrationInfo{ domain=PS transportType=WLAN registrationState=UNKNOWN networkRegistrationState=UNKNOWN roamingType=NOT_ROAMING accessNetworkTechnology=IWLAN rejectCause=0 emergencyEnabled=false availableServices=[] cellIdentity=null voiceSpecificInfo=null dataSpecificInfo=null nrState=**** rRplmn= isUsingCarrierAggregation=false isNonTerrestrialNetwork=TERRESTRIAL}
12-07 01:53:21.261  1929  2317 D SemNativeCarrierFeature_vendor: getInstance
12-07 01:53:21.268  1929  2317 D SemNativeCarrierFeature_vendor: getInstance
12-07 01:53:21.270  1929  2317 D SemNativeCarrierFeature_vendor: getInstance
12-07 01:53:21.276  1929  2317 D SemNativeCarrierFeature_vendor: getInstance
12-07 01:53:21.303  2296  3429 W ContextImpl: Calling a method in the system process without a qualified user: android.app.ContextImpl.sendBroadcastMultiplePermissions:1331 android.content.Context.sendBroadcastMultiplePermissions:2480 com.android.server.TelephonyRegistry.broadcastServiceStateChanged:3706 com.android.server.TelephonyRegistry.notifyServiceStateForPhoneId:1767 com.android.internal.telephony.ITelephonyRegistry$Stub.onTransact:549 
12-07 01:53:21.307  2296  3429 W ContextImpl: Calling a method in the system process without a qualified user: android.app.ContextImpl.sendBroadcastMultiplePermissions:1364 com.android.server.TelephonyRegistry.broadcastServiceStateChanged:3711 com.android.server.TelephonyRegistry.notifyServiceStateForPhoneId:1767 com.android.internal.telephony.ITelephonyRegistry$Stub.onTransact:549 android.os.Binder.execTransactInternal:1380 
12-07 01:53:21.309  2296  2296 D SemWifiService: received: android.intent.action.SERVICE_STATE
12-07 01:53:21.311  2296  2894 W SemWifiBackOff.Fcc: service state is SERVICE_STATE_UNKNOWN telephony country iso: kr
12-07 01:53:21.311  2296  3429 W ContextImpl: Calling a method in the system process without a qualified user: android.app.ContextImpl.sendBroadcastMultiplePermissions:1364 com.android.server.TelephonyRegistry.broadcastServiceStateChanged:3720 com.android.server.TelephonyRegistry.notifyServiceStateForPhoneId:1767 com.android.internal.telephony.ITelephonyRegistry$Stub.onTransact:549 android.os.Binder.execTransactInternal:1380 
12-07 01:53:21.312  2296  2894 V SemWifiBackOff.5G: restore back off mode, current: [NONE]
12-07 01:53:21.314  2296  3429 W ContextImpl: Calling a method in the system process without a qualified user: android.app.ContextImpl.sendBroadcastMultiplePermissions:1364 com.android.server.TelephonyRegistry.broadcastServiceStateChanged:3726 com.android.server.TelephonyRegistry.notifyServiceStateForPhoneId:1767 com.android.internal.telephony.ITelephonyRegistry$Stub.onTransact:549 android.os.Binder.execTransactInternal:1380 
12-07 01:53:21.315  2988  2988 D ServiceStateProvider: subId=-1
12-07 01:53:21.318  3014  3014 D DummyMobileConnectionRepository: Receive service state broadcast slot=0
12-07 01:53:21.319  3014  3014 W KeyguardUpdateMonitorLog: invalid subId in handleServiceStateChange()
12-07 01:53:22.158  2296  3429 I ActivityManager: Changes in 10266 5 to 5, 63 to 56
12-07 01:53:22.666  2296  2712 D ActivityManager: Received BROADCAST intent 0x5afda68 Key{broadcastIntent pkg=com.google.android.gms/com.google.android.gms.scheduler intent=act=com.google.android.gms.gcm.ACTION_CHECK_QUEUE cmp=com.google.android.gms/.gcm.nts.SchedulerInternalReceiver flags=0x2000000 u=0} requestCode=0 sent=0 from uid 1000
12-07 01:53:22.742  5210  5210 D BoundBrokerSvc: onBind: Intent { act=com.google.android.gms.checkin.internal.scheduler.ScheduledCheckinGmsTaskService.ACTION_TASK_READY dat=chimera-action:/... cmp=com.google.android.gms/.chimera.GmsInternalBoundBrokerService }
12-07 01:53:22.743  5210  5210 D BoundBrokerSvc: Loading bound service for intent: Intent { act=com.google.android.gms.checkin.internal.scheduler.ScheduledCheckinGmsTaskService.ACTION_TASK_READY dat=chimera-action:/... cmp=com.google.android.gms/.chimera.GmsInternalBoundBrokerService }
12-07 01:53:22.750  3899 29444 I NetworkScheduler.Stats: (REDACTED) Task %s/%s started execution. cause:%s exec_start_elapsed_seconds: %s
12-07 01:53:22.751  5210 12717 I Checkin : [ScheduledCheckinGmsTaskService] onRunTask
12-07 01:53:22.755  5210 12717 I WakefulBroadcastRcvr: Processing wakeful broadcast: com.google.android.gms.checkin.CHECKIN_START_ACTION
12-07 01:53:22.760  5210 29285 I Checkin : [CheckinIntentOperation] onHandleIntent, Intent { act=com.google.android.gms.checkin.CHECKIN_START_ACTION cat=[targeted_intent_op_prefix:.checkin.CheckinIntentOperation] cmp=com.google.android.gms/.chimera.GmsIntentOperationService (has extras) }
12-07 01:53:22.766  5210  5210 D BoundBrokerSvc: onUnbind: Intent { act=com.google.android.gms.checkin.internal.scheduler.ScheduledCheckinGmsTaskService.ACTION_TASK_READY dat=chimera-action:/... cmp=com.google.android.gms/.chimera.GmsInternalBoundBrokerService }
12-07 01:53:22.766  3899 29029 I NetworkScheduler.Stats: (REDACTED) Task %s/%s finished executing. cause:%s result: %s elapsed_millis: %s uptime_millis: %s exec_start_elapsed_seconds: %s
12-07 01:53:22.768  5210 29285 I Checkin : [CheckinOperation] Checkin Operation finished with result: RESCHEDULED finish time: 7297558.
12-07 01:53:22.768  5210 29285 I Checkin : [ScheduledCheckinGmsTaskService] scheduleCheckinTask
12-07 01:53:22.776  5210 29285 I Checkin : [ExecutionManager] Checkin scheduled at 7300558 with schedule delay: 3000
12-07 01:53:22.844  1090  1090 D io_stats: !@   8,0 r 190515 9022109 w 105429 4120424 d 38673 1960452 f 0 14241 iot 210152 0 th 0 0 0 pt 0 inp 0 0 7297.634
12-07 01:53:23.653  1459  1459 I android.hardware.health@2.1-service-samsung: updateLrpSysfs: write: 276
12-07 01:53:23.672  2296 11892 D SemWifiUsabilityStatsMonitor: onWifiUsabilityStats - seqNum 454, isSameBssidAndFreq true
12-07 01:53:23.767  1459  1483 E BatteryDump: !@new_battery_dump : 4324,5,1500,1500,100,273,275,286,273,0,276,282,0,Not-charging,NO_CHARGING,Normal,Good,USB_CDP,2,Normal,0,0,8700,0x100000,0x1010000,0x0,0,0,0000,0000,00000000,0,0,0,0,2,4324,9985,990,0,
12-07 01:53:23.923 10782 10782 I wpa_supplicant: Heartbeat 723
12-07 01:53:24.454  1463 27423 I sensors-hal: handle_sns_std_sensor_event:311, [SSC_LIGHT] P: 265(265),m:7,c:0,b:78,c0:12416,l:265,f(r):98,u(bl):100,j:193
12-07 01:53:24.848  1090  1090 D io_stats: !@   8,0 r 190515 9022109 w 105438 4120648 d 38673 1960452 f 0 14241 iot 210168 0 th 0 0 0 pt 0 inp 0 0 7299.638
12-07 01:53:24.848  1090  1090 D io_stats: !@ Write_top(KB): kworker/u16:2(29040) 216 .gms.persistent(3899) 32 android.hardwar(1459) 8
12-07 01:53:26.839  2296 11892 D SemWifiUsabilityStatsMonitor: onWifiUsabilityStats - seqNum 455, isSameBssidAndFreq true
12-07 01:53:27.653  1463 27423 I sensors-hal: handle_sns_std_sensor_event:311, [SSC_LIGHT] P: 265(265),m:7,c:0,b:78,c0:12416,l:265,f(r):98,u(bl):100,j:194
12-07 01:53:27.788  2296  2712 D ActivityManager: Received BROADCAST intent 0x5afda68 Key{broadcastIntent pkg=com.google.android.gms/com.google.android.gms.scheduler intent=act=com.google.android.gms.gcm.ACTION_CHECK_QUEUE cmp=com.google.android.gms/.gcm.nts.SchedulerInternalReceiver flags=0x2000000 u=0} requestCode=0 sent=0 from uid 1000
12-07 01:53:27.834  5210  5210 D BoundBrokerSvc: onBind: Intent { act=com.google.android.gms.checkin.internal.scheduler.ScheduledCheckinGmsTaskService.ACTION_TASK_READY dat=chimera-action:/... cmp=com.google.android.gms/.chimera.GmsInternalBoundBrokerService }
12-07 01:53:27.834  5210  5210 D BoundBrokerSvc: Loading bound service for intent: Intent { act=com.google.android.gms.checkin.internal.scheduler.ScheduledCheckinGmsTaskService.ACTION_TASK_READY dat=chimera-action:/... cmp=com.google.android.gms/.chimera.GmsInternalBoundBrokerService }
12-07 01:53:27.839  3899 27871 I NetworkScheduler.Stats: (REDACTED) Task %s/%s started execution. cause:%s exec_start_elapsed_seconds: %s
12-07 01:53:27.839  5210 17862 I Checkin : [ScheduledCheckinGmsTaskService] onRunTask
12-07 01:53:27.842  5210 17862 I WakefulBroadcastRcvr: Processing wakeful broadcast: com.google.android.gms.checkin.CHECKIN_START_ACTION
12-07 01:53:27.845  5210 29285 I Checkin : [CheckinIntentOperation] onHandleIntent, Intent { act=com.google.android.gms.checkin.CHECKIN_START_ACTION cat=[targeted_intent_op_prefix:.checkin.CheckinIntentOperation] cmp=com.google.android.gms/.chimera.GmsIntentOperationService (has extras) }
12-07 01:53:27.849  5210  5210 D BoundBrokerSvc: onUnbind: Intent { act=com.google.android.gms.checkin.internal.scheduler.ScheduledCheckinGmsTaskService.ACTION_TASK_READY dat=chimera-action:/... cmp=com.google.android.gms/.chimera.GmsInternalBoundBrokerService }
12-07 01:53:27.849  3899 29029 I NetworkScheduler.Stats: (REDACTED) Task %s/%s finished executing. cause:%s result: %s elapsed_millis: %s uptime_millis: %s exec_start_elapsed_seconds: %s
12-07 01:53:27.851  5210 29285 I Checkin : [CheckinOperation] Checkin Operation finished with result: RESCHEDULED finish time: 7302641.
12-07 01:53:27.851  5210 29285 I Checkin : [ScheduledCheckinGmsTaskService] scheduleCheckinTask
12-07 01:53:27.856  5210 29285 I Checkin : [ExecutionManager] Checkin scheduled at 7305641 with schedule delay: 3000
