12-09 14:18:49.849  2141  2250 D BtGatt.GattService: onScanResult to scannerId: 12- eventType=0x10, addressType=1, address=4E708D_9, primaryPhy=1, secondaryPhy=0, advertisingSid=0xff, txPower=127, rssi=-78, periodicAdvInt=0x0
12-09 14:18:49.885   989  2997 I vendor.qti.bluetooth@1.0-ibs_handler: ProcessIbsCmd: Received IBS_SLEEP_IND: 0xFE
12-09 14:18:49.885   989  2997 D vendor.qti.bluetooth@1.0-ibs_handler: SerialClockVote: vote for UART CLK OFF
12-09 14:18:49.914   989  2997 I vendor.qti.bluetooth@1.0-ibs_handler: ProcessIbsCmd: Received IBS_WAKE_IND: 0xFD
12-09 14:18:49.914   989  2997 D vendor.qti.bluetooth@1.0-ibs_handler: SerialClockVote: vote for UART CLK ON
12-09 14:18:49.914   989  2997 I vendor.qti.bluetooth@1.0-ibs_handler: ProcessIbsCmd: Writing IBS_WAKE_ACK
12-09 14:18:49.919  2141  2998 E bt_l2cap: L2CAP - rcvd ACL for unknown handle:3804 ls:0 cid:13 opcode:10 cur count:0
12-09 14:18:49.957   989  2997 I vendor.qti.bluetooth@1.0-ibs_handler: ProcessIbsCmd: Received IBS_SLEEP_IND: 0xFE
12-09 14:18:49.957   989  2997 D vendor.qti.bluetooth@1.0-ibs_handler: SerialClockVote: vote for UART CLK OFF
12-09 14:18:50.038   841  2229 D IptablesRestoreController: [iptables debug]iptables-restore execute *filter
12-09 14:18:50.038   841  2229 D IptablesRestoreController: -nvx -L tetherctrl_counters
12-09 14:18:50.038   841  2229 D IptablesRestoreController: COMMIT
12-09 14:18:50.041   841  2229 D IptablesRestoreController: [iptables debug]iptables-restore execute done, res : 0
12-09 14:18:50.041   841  2229 D IptablesRestoreController: [iptables debug]iptables-restore execute *filter
12-09 14:18:50.041   841  2229 D IptablesRestoreController: -nvx -L tetherctrl_counters
12-09 14:18:50.041   841  2229 D IptablesRestoreController: COMMIT
12-09 14:18:50.042   841  2229 D IptablesRestoreController: [iptables debug]iptables-restore execute done, res : 0
12-09 14:18:50.056   999  2362 I sensors-hal: handle_sns_std_sensor_event:218, phy lux: 202, raw lux : 2, brightness: 1273, mode: 0, gain: 190, add1: 38, add2: 20, ts=33952505161527
12-09 14:18:50.108   989  2704 D vendor.qti.bluetooth@1.0-wake_lock: Release wakelock is released 
12-09 14:18:50.324  1240  4340 D WifiConnectivityMonitor.DnsPingerHandler: setCurrentLinkProperties: lp={InterfaceName: wlan0 LinkAddresses: [ fe80::4456:99ff:fe69:1aec/64,192.168.1.184/24 ] DnsAddresses: [ /192.168.1.1 ] Domains: null MTU: 0 ServerAddress: /192.168.1.1 TcpBufferSizes: 524288,1048576,4194304,524288,1048576,4194304 Routes: [ fe80::/64 -> :: wlan0 mtu 0,192.168.1.0/24 -> 0.0.0.0 wlan0 mtu 0,0.0.0.0/0 -> 192.168.1.1 wlan0 mtu 0 ]}
12-09 14:18:50.635  1240  4341 D WifiConnectivityMonitor.DnsThread:  [|210]
12-09 14:18:50.636  1240  2083 D WifiConnectivityMonitor.NetworkStatsAnalyzer: DNS resultType : 0, responseTime : 210
12-09 14:18:50.636  1240  2081 D OpenNetworkQos[4.00]: updateBssidLatestDnsResultType - result: 0
12-09 14:18:50.637  1240  2081 D OpenNetworkQos[4.00]: updateBssidNoInternet: mBssidNoInternet = false
12-09 14:18:50.637  1240  2081 D OpenNetworkQos[4.00]: getOpenNetworkQosNoInternetStatus: false
12-09 14:18:50.637  1240  2081 D OpenNetworkQos[4.00]: getOpenNetworkQosScores: 10 0 0 
12-09 14:18:50.637  1240  2081 D SettingsProvider: isChangeAllowed() : name = wifi_wcm_qos_sharing_score_summary
12-09 14:18:50.637  1240  2081 I WifiProfileShare: network QoS data was changed (internet), updateQoSData networkType: true, qosData: false
12-09 14:18:50.638  1240  3265 V WifiProfileShare.Caster: update wips network, size: 0
12-09 14:18:50.638  1240  3265 D WifiProfileShare: nearby scanning settings run
12-09 14:18:50.638  1240  3265 D WifiProfileShare: network score provider settings enabled
12-09 14:18:50.638  1240  3265 D OpenNetworkQos[4.00]: getOpenNetworkQosScores: 10 0 0 
12-09 14:18:50.638  1240  3265 D OpenNetworkQos[4.00]: getOpenNetworkQosNoInternetStatus: false
12-09 14:18:50.638  1240  3265 I WifiProfileShare.Caster: current network type: 0, score: [10, 0, 0]
12-09 14:18:50.639  1240  3265 V WifiProfileShare.Cache: update network score 00:11:32:d3:59:ba
12-09 14:18:50.639  1240  3265 D WifiProfileShare.ScanMatcher: getMcfDataList size:2
12-09 14:18:50.640  1240  3265 I WifiProfileShare.Caster: qos data was updated , before:type:QOS, pBssid:c2:6b:ba, qosData:32 after:type:QOS, pBssid:c2:6b:ba, qosData:32
12-09 14:18:50.641  1240  3265 I [MCFSDK_android_1.1.26]_4_McfCasterImpl: isNetworkEnabled - type : 1 ret : true
12-09 14:18:50.641  1240  3265 D WifiProfileShare.McfCast: -ME--- mIsNetworkEnabled :true
12-09 14:18:50.641  1240  3265 D WifiProfileShare.McfCast: updateQoSData ignored, same contents
12-09 14:18:50.641  1240  3265 D WifiProfileShare.MCF: success update QosData !
12-09 14:18:50.641  1240  3265 I [MCFSDK_android_1.1.26]_4_McfCasterImpl: isNetworkEnabled - type : 1 ret : true
12-09 14:18:50.641  1240  3265 D WifiProfileShare.McfCast: -ME--- mIsNetworkEnabled :true
12-09 14:18:50.641  1240  3265 D WifiProfileShare.McfCast: -ME--- updatePasswordDate pwdData size:2
12-09 14:18:51.016   999  2362 I sensors-hal: handle_sns_std_sensor_event:218, phy lux: 190, raw lux : 2, brightness: 1273, mode: 0, gain: 171, add1: 38, add2: 20, ts=33953465161944
12-09 14:18:51.301  1240  1915 I AppOps  : updateUidProcState uid: 10047 procState: 0 capability:15
12-09 14:18:51.346   999  2366 I sensors-hal: handle_sns_client_event:123, auto_rotation_event_2: mode:255, type:1:0/0.086,7.474,6.462, ar:0
12-09 14:18:51.484   841  2229 D IptablesRestoreController: [iptables debug]iptables-restore execute *filter
12-09 14:18:51.484   841  2229 D IptablesRestoreController: -nvx -L tetherctrl_counters
12-09 14:18:51.484   841  2229 D IptablesRestoreController: COMMIT
12-09 14:18:51.487   841  2229 D IptablesRestoreController: [iptables debug]iptables-restore execute done, res : 0
12-09 14:18:51.487   841  2229 D IptablesRestoreController: [iptables debug]iptables-restore execute *filter
12-09 14:18:51.487   841  2229 D IptablesRestoreController: -nvx -L tetherctrl_counters
12-09 14:18:51.487   841  2229 D IptablesRestoreController: COMMIT
12-09 14:18:51.489   841  2229 D IptablesRestoreController: [iptables debug]iptables-restore execute done, res : 0
12-09 14:18:51.500   989  2997 I vendor.qti.bluetooth@1.0-ibs_handler: ProcessIbsCmd: Received IBS_WAKE_IND: 0xFD
12-09 14:18:51.501   989  2997 D vendor.qti.bluetooth@1.0-ibs_handler: SerialClockVote: vote for UART CLK ON
12-09 14:18:51.502   989  2997 D vendor.qti.bluetooth@1.0-wake_lock: Acquire wakelock is acquired 
12-09 14:18:51.502   989  2997 I vendor.qti.bluetooth@1.0-ibs_handler: ProcessIbsCmd: Writing IBS_WAKE_ACK
12-09 14:18:51.509  2141  2250 D ScanFilter: manu data matches
12-09 14:18:51.510  2141  2250 D BtGatt.GattService: onScanResult to scannerId: 12- eventType=0x10, addressType=1, address=4F6EAA_A, primaryPhy=1, secondaryPhy=0, advertisingSid=0xff, txPower=127, rssi=-60, periodicAdvInt=0x0
12-09 14:18:51.511  2141  2998 E bt_l2cap: L2CAP - rcvd ACL for unknown handle:3804 ls:0 cid:14 opcode:10 cur count:0
12-09 14:18:51.512  2141  2998 E bt_l2cap: L2CAP - rcvd ACL for unknown handle:3804 ls:0 cid:15 opcode:10 cur count:0
12-09 14:18:51.526  2141  2250 D ScanFilter: manu data matches
12-09 14:18:51.527  2141  2250 D BtGatt.GattService: onScanResult to scannerId: 12- eventType=0x10, addressType=1, address=6AA7C3_6, primaryPhy=1, secondaryPhy=0, advertisingSid=0xff, txPower=127, rssi=-62, periodicAdvInt=0x0
12-09 14:18:51.563   989  2997 I vendor.qti.bluetooth@1.0-ibs_handler: ProcessIbsCmd: Received IBS_SLEEP_IND: 0xFE
12-09 14:18:51.563   989  2997 D vendor.qti.bluetooth@1.0-ibs_handler: SerialClockVote: vote for UART CLK OFF
12-09 14:18:51.714   989  2704 D vendor.qti.bluetooth@1.0-wake_lock: Release wakelock is released 
12-09 14:18:51.977   999  2362 I sensors-hal: handle_sns_std_sensor_event:218, phy lux: 177, raw lux : 2, brightness: 1273, mode: 0, gain: 209, add1: 38, add2: 20, ts=33954425182621
12-09 14:18:52.280   664   664 D io_stats: !@   8,0 r 385395 11591320 w 82702 4744872 d 41270 2968392 f 0 0 iot 163464 0 th 0 0 0 pt 0 inp 0 0 33954.739
12-09 14:18:52.343  2175  2175 D NetworkController.WifiSignalController: notifyListener: visible=true, enabled=true, connected=true, inetCondition=1, isDefault=true, receivedCR=true, receivedIC=-1, shouldForceHide=false, emptyConnected=false
12-09 14:18:52.717   841  2229 D IptablesRestoreController: [iptables debug]iptables-restore execute *filter
12-09 14:18:52.717   841  2229 D IptablesRestoreController: -nvx -L tetherctrl_counters
12-09 14:18:52.717   841  2229 D IptablesRestoreController: COMMIT
12-09 14:18:52.719   841  2229 D IptablesRestoreController: [iptables debug]iptables-restore execute done, res : 0
12-09 14:18:52.719   841  2229 D IptablesRestoreController: [iptables debug]iptables-restore execute *filter
12-09 14:18:52.719   841  2229 D IptablesRestoreController: -nvx -L tetherctrl_counters
12-09 14:18:52.719   841  2229 D IptablesRestoreController: COMMIT
12-09 14:18:52.721   841  2229 D IptablesRestoreController: [iptables debug]iptables-restore execute done, res : 0
12-09 14:18:52.936   999  2362 I sensors-hal: handle_sns_std_sensor_event:218, phy lux: 202, raw lux : 2, brightness: 1273, mode: 0, gain: 133, add1: 38, add2: 20, ts=33955385162308
12-09 14:18:53.611   989  2997 I vendor.qti.bluetooth@1.0-ibs_handler: ProcessIbsCmd: Received IBS_WAKE_IND: 0xFD
12-09 14:18:53.611   989  2997 D vendor.qti.bluetooth@1.0-ibs_handler: SerialClockVote: vote for UART CLK ON
12-09 14:18:53.612   989  2997 D vendor.qti.bluetooth@1.0-wake_lock: Acquire wakelock is acquired 
12-09 14:18:53.612   989  2997 I vendor.qti.bluetooth@1.0-ibs_handler: ProcessIbsCmd: Writing IBS_WAKE_ACK
12-09 14:18:53.621  2141  2250 D ScanFilter: manu data matches
12-09 14:18:53.621  2141  2250 D BtGatt.GattService: onScanResult to scannerId: 12- eventType=0x10, addressType=1, address=4F6EAA_A, primaryPhy=1, secondaryPhy=0, advertisingSid=0xff, txPower=127, rssi=-54, periodicAdvInt=0x0
12-09 14:18:53.622  2141  2998 E bt_l2cap: L2CAP - rcvd ACL for unknown handle:3804 ls:0 cid:16 opcode:10 cur count:0
12-09 14:18:53.624  2141  2998 E bt_l2cap: L2CAP - rcvd ACL for unknown handle:3804 ls:0 cid:17 opcode:10 cur count:0
12-09 14:18:53.625  2141  2998 E bt_l2cap: L2CAP - rcvd ACL for unknown handle:3804 ls:0 cid:18 opcode:10 cur count:0
12-09 14:18:53.627  2141  2250 D BtGatt.GattService: onScanResult to scannerId: 9- eventType=0x10, addressType=1, address=4D4A9A_0, primaryPhy=1, secondaryPhy=0, advertisingSid=0xff, txPower=127, rssi=-67, periodicAdvInt=0x0
12-09 14:18:53.663   989  2997 I vendor.qti.bluetooth@1.0-ibs_handler: ProcessIbsCmd: Received IBS_SLEEP_IND: 0xFE
12-09 14:18:53.663   989  2997 D vendor.qti.bluetooth@1.0-ibs_handler: SerialClockVote: vote for UART CLK OFF
12-09 14:18:53.814   989  2704 D vendor.qti.bluetooth@1.0-wake_lock: Release wakelock is released 
12-09 14:18:53.896   999  2362 I sensors-hal: handle_sns_std_sensor_event:218, phy lux: 196, raw lux : 2, brightness: 1254, mode: 0, gain: 190, add1: 38, add2: 20, ts=33956345208402
12-09 14:18:54.017  1240  3994 D AS.AudioService: setStreamVolume(stream=1, index=1, calling=com.samsung.rtl.androidrtlservice, device=0)
12-09 14:18:54.018  1062  6244 V APM_AudioPolicyManager: getAudioPolicyConfig: audioParam;l_fmradio_record_active
12-09 14:18:54.020  1240  3994 V AS.AudioDeviceBroker: requestedCommunicationDevice, device: null mode owner pid: 0
12-09 14:18:54.022  1240  1256 D AS.AudioService: setStreamVolume(stream=2, index=1, calling=com.samsung.rtl.androidrtlservice, device=0)
12-09 14:18:54.023  1240  1256 V AS.AudioDeviceBroker: requestedCommunicationDevice, device: null mode owner pid: 0
12-09 14:18:54.025  1240  1256 D AS.AudioService: setStreamVolume(stream=5, index=1, calling=com.samsung.rtl.androidrtlservice, device=0)
12-09 14:18:54.026  2175  2692 D vol.VolumeDialogControl: onVolumeChangedW stream = 1, flags = 8, lastAudibleStreamVolume = 1, changed = false, showUI = false, dualAudio = false
12-09 14:18:54.026  1240  1256 V AS.AudioDeviceBroker: requestedCommunicationDevice, device: null mode owner pid: 0
12-09 14:18:54.032  1240  3995 D AS.AudioService: setStreamVolume(stream=3, index=1, calling=com.samsung.rtl.androidrtlservice, device=0)
12-09 14:18:54.033  1240  3995 V AS.AudioDeviceBroker: requestedCommunicationDevice, device: null mode owner pid: 0
12-09 14:18:54.034  2175  2692 D vol.VolumeDialogControl: onVolumeChangedW stream = 2, flags = 8, lastAudibleStreamVolume = 1, changed = false, showUI = false, dualAudio = false
12-09 14:18:54.036  1240  2308 D AS.AudioService: setStreamVolume(stream=4, index=1, calling=com.samsung.rtl.androidrtlservice, device=0)
12-09 14:18:54.038  1240  2308 V AS.AudioDeviceBroker: requestedCommunicationDevice, device: null mode owner pid: 0
12-09 14:18:54.038  2175  2692 D vol.VolumeDialogControl: onVolumeChangedW stream = 5, flags = 8, lastAudibleStreamVolume = 1, changed = false, showUI = false, dualAudio = false
12-09 14:18:54.039  1240  3995 W AS.AudioService: Trying to call setStreamVolume() for a11y without CHANGE_ACCESSIBILITY_VOLUME  callingPackage=com.samsung.rtl.androidrtlservice
12-09 14:18:54.041  2175  2692 D vol.VolumeDialogControl: onVolumeChangedW stream = 3, flags = 8, lastAudibleStreamVolume = 100, changed = false, showUI = false, dualAudio = false
12-09 14:18:54.043  2175  2692 D vol.VolumeDialogControl: onVolumeChangedW stream = 4, flags = 8, lastAudibleStreamVolume = 1, changed = false, showUI = false, dualAudio = false
12-09 14:18:54.281  1240  1268 E Watchdog: !@Sync: 1131 heap: 58 / 75 [2024-12-09 14:18:54.280] sdogWay: softdog FD: 833
12-09 14:18:54.561   996   996 E android.hardware.health@2.1-service-samsung: Could not open /sys/class/power_supply/battery/lrp
12-09 14:18:54.858   999  2362 I sensors-hal: handle_sns_std_sensor_event:218, phy lux: 221, raw lux : 2, brightness: 1273, mode: 0, gain: 171, add1: 38, add2: 20, ts=33957305161683
12-09 14:18:54.914 14147 14147 I wpa_supplicant: Heartbeat 3380
12-09 14:18:55.368  2175  2175 D NetworkController.WifiSignalController: notifyListener: visible=true, enabled=true, connected=true, inetCondition=1, isDefault=true, receivedCR=true, receivedIC=-1, shouldForceHide=false, emptyConnected=false
12-09 14:18:55.816   999  2362 I sensors-hal: handle_sns_std_sensor_event:218, phy lux: 232, raw lux : 2, brightness: 1273, mode: 0, gain: 95, add1: 38, add2: 20, ts=33958265154860
12-09 14:18:56.056  1240  1938 D SamsungAlarmManager: Expired : 8
12-09 14:18:56.056  1240  1938 V SamsungAlarmManager: Sending to uid : 10213 action=com.google.android.gms.gcm.ACTION_CHECK_QUEUE alarm=Alarm{e4e56c5 type 3 origWhen 33936031 whenElapsed 33936031 com.google.android.gms}
12-09 14:18:56.058  1240  1938 D ActivityManager: Received BROADCAST intent 0xba72c94 Key{broadcastIntent pkg=com.google.android.gms/com.google.android.gms.gcm intent=act=com.google.android.gms.gcm.ACTION_CHECK_QUEUE cmp=com.google.android.gms/.gcm.nts.SchedulerInternalReceiver flags=0x2000000 u=0} requestCode=0 sent=0 from uid 1000
12-09 14:18:56.067  1240  1938 V SamsungAlarmManager: setLocked to kernel - W:34040615 / NW:33962464, now=33958532
12-09 14:18:56.081  1240  2308 D SamsungAlarmManager: Cancel Alarm calling from uid:10213 pid :26056 / OP:PendingIntent{4da2f4b: PendingIntentRecord{ba72c94 com.google.android.gms/com.google.android.gms.gcm broadcastIntent}}
12-09 14:18:56.121  1240  3995 D SamsungAlarmManager: setInexact (T:3/F:0/AC:false) 20241209T144129 now=33958585 - CU:10213/CP:26056/OP:PendingIntent{a512d28: PendingIntentRecord{ba72c94 com.google.android.gms/com.google.android.gms.gcm broadcastIntent}}
12-09 14:18:56.121  1240  3995 V SamsungAlarmManager: setLocked to kernel - W:34040615 / NW:33962464, now=33958586
12-09 14:18:56.133 26056 31031 I NetworkScheduler.Stats: (REDACTED) Task %s/%s started execution. cause:%s exec_start_elapsed_seconds: %s
12-09 14:18:56.141 26056 31843 I NetworkScheduler.Stats: (REDACTED) Task %s/%s finished executing. cause:%s result: %s elapsed_millis: %s uptime_millis: %s exec_start_elapsed_seconds: %s
12-09 14:18:56.150  1240  2308 V SamsungAlarmManager: setLocked to kernel - W:34040615 / NW:33962464, now=33958614
12-09 14:18:56.150  1240  2308 D SamsungAlarmManager: setInexact (T:3/F:0/AC:false) 20241209T141926 now=33958614 - CU:10213/CP:26056/OP:PendingIntent{a1ff3d4: PendingIntentRecord{ba72c94 com.google.android.gms/com.google.android.gms.gcm broadcastIntent}}
12-09 14:18:56.150  1240  2308 V SamsungAlarmManager: setLocked to kernel - W:34040615 / NW:33962464, now=33958614
12-09 14:18:56.156  1240  2308 D SamsungAlarmManager: Cancel Alarm calling from uid:10213 pid :26056 / OP:PendingIntent{5dd997d: PendingIntentRecord{ba72c94 com.google.android.gms/com.google.android.gms.gcm broadcastIntent}}
12-09 14:18:56.156  1240  2308 V SamsungAlarmManager: setLocked to kernel - W:34040615 / NW:33962464, now=33958620
12-09 14:18:56.158  1240  2308 D SamsungAlarmManager: setInexact (T:3/F:0/AC:false) 20241209T141926 now=33958622 - CU:10213/CP:26056/OP:PendingIntent{7cca072: PendingIntentRecord{ba72c94 com.google.android.gms/com.google.android.gms.gcm broadcastIntent}}
12-09 14:18:56.158  1240  2308 V SamsungAlarmManager: setLocked to kernel - W:34040615 / NW:33962464, now=33958622
12-09 14:18:56.297   664   664 D io_stats: !@   8,0 r 385395 11591320 w 82706 4744888 d 41270 2968392 f 0 0 iot 163468 0 th 0 0 0 pt 0 inp 0 0 33958.757
12-09 14:18:56.730  1240  2030 D DeviceStorageMonitorService: check() STORAGE TOTAL > 64G
12-09 14:18:56.730  1240  2030 W DeviceStorageMonitorService: updateBroadcasts(/data) oldLevel:0, newLevel:0, seq:1
12-09 14:18:56.733  1240  2030 D DeviceStorageMonitorService: Available File Node Number is [13500261]
12-09 14:18:56.733  1240  2030 W DeviceStorageMonitorService: updateBroadcasts_filenode(/data) fn_oldLevel:0, fn_newLevel:0, seq:1
12-09 14:18:56.776   999  2362 I sensors-hal: handle_sns_std_sensor_event:218, phy lux: 227, raw lux : 2, brightness: 1273, mode: 0, gain: 152, add1: 38, add2: 20, ts=33959225163506
12-09 14:18:56.870  2175  2283 D NetworkController: SignalStrength from intent slotId=0
12-09 14:18:56.870  2175  2283 D NetworkController.MobileSignalController(0/2147483647): new mSignalStrength=SignalStrength:{mCdma=Invalid,mGsm=Invalid,mWcdma=Invalid,mTdscdma=Invalid,mLte=CellSignalStrengthLte: rssi=-51 rsrp=-66 rsrq=-8 rssnr=20 cqiTableIndex=2147483647 cqi=2147483647 ta=2147483647 level=4 parametersUseForLevel=0,mNr=Invalid,SignalBarInfo{ lteLevel=4 },rat=14,primary=CellSignalStrengthLte}
12-09 14:18:57.127   841  2229 D IptablesRestoreController: [iptables debug]iptables-restore execute *filter
12-09 14:18:57.127   841  2229 D IptablesRestoreController: -nvx -L tetherctrl_counters
12-09 14:18:57.127   841  2229 D IptablesRestoreController: COMMIT
12-09 14:18:57.130   841  2229 D IptablesRestoreController: [iptables debug]iptables-restore execute done, res : 0
12-09 14:18:57.130   841  2229 D IptablesRestoreController: [iptables debug]iptables-restore execute *filter
12-09 14:18:57.130   841  2229 D IptablesRestoreController: -nvx -L tetherctrl_counters
12-09 14:18:57.130   841  2229 D IptablesRestoreController: COMMIT
12-09 14:18:57.132   841  2229 D IptablesRestoreController: [iptables debug]iptables-restore execute done, res : 0
12-09 14:18:57.737   999  2362 I sensors-hal: handle_sns_std_sensor_event:218, phy lux: 212, raw lux : 2, brightness: 1273, mode: 0, gain: 152, add1: 38, add2: 20, ts=33960185161371
12-09 14:18:58.303   664   664 D io_stats: !@   8,0 r 385395 11591320 w 82716 4749248 d 41270 2968392 f 0 0 iot 163504 0 th 0 0 0 pt 0 inp 0 0 33960.764
12-09 14:18:58.393  2175  2175 D NetworkController.WifiSignalController: notifyListener: visible=true, enabled=true, connected=true, inetCondition=1, isDefault=true, receivedCR=true, receivedIC=-1, shouldForceHide=false, emptyConnected=false
12-09 14:18:58.626   841  2229 D IptablesRestoreController: [iptables debug]iptables-restore execute *filter
12-09 14:18:58.626   841  2229 D IptablesRestoreController: -nvx -L tetherctrl_counters
12-09 14:18:58.626   841  2229 D IptablesRestoreController: COMMIT
12-09 14:18:58.629   841  2229 D IptablesRestoreController: [iptables debug]iptables-restore execute done, res : 0
12-09 14:18:58.629   841  2229 D IptablesRestoreController: [iptables debug]iptables-restore execute *filter
12-09 14:18:58.629   841  2229 D IptablesRestoreController: -nvx -L tetherctrl_counters
12-09 14:18:58.629   841  2229 D IptablesRestoreController: COMMIT
12-09 14:18:58.632   841  2229 D IptablesRestoreController: [iptables debug]iptables-restore execute done, res : 0
12-09 14:18:58.697   999  2362 I sensors-hal: handle_sns_std_sensor_event:218, phy lux: 188, raw lux : 2, brightness: 1273, mode: 0, gain: 209, add1: 38, add2: 20, ts=33961145179808
12-09 14:18:58.962   989  2997 I vendor.qti.bluetooth@1.0-ibs_handler: ProcessIbsCmd: Received IBS_WAKE_IND: 0xFD
12-09 14:18:58.962   989  2997 D vendor.qti.bluetooth@1.0-ibs_handler: SerialClockVote: vote for UART CLK ON
12-09 14:18:58.964   989  2997 D vendor.qti.bluetooth@1.0-wake_lock: Acquire wakelock is acquired 
12-09 14:18:58.964   989  2997 I vendor.qti.bluetooth@1.0-ibs_handler: ProcessIbsCmd: Writing IBS_WAKE_ACK
12-09 14:18:58.973  2141  2998 E bt_l2cap: L2CAP - rcvd ACL for unknown handle:3804 ls:0 cid:19 opcode:10 cur count:0
12-09 14:18:58.974  2141  2998 E bt_l2cap: L2CAP - rcvd ACL for unknown handle:3804 ls:0 cid:788 opcode:10 cur count:0
12-09 14:18:58.975  2141  2998 E bt_l2cap: L2CAP - rcvd ACL for unknown handle:3804 ls:0 cid:21 opcode:10 cur count:0
12-09 14:18:58.977  2141  2998 E bt_l2cap: L2CAP - rcvd ACL for unknown handle:3804 ls:0 cid:22 opcode:10 cur count:0
12-09 14:18:59.013   989  2997 I vendor.qti.bluetooth@1.0-ibs_handler: ProcessIbsCmd: Received IBS_SLEEP_IND: 0xFE
12-09 14:18:59.013   989  2997 D vendor.qti.bluetooth@1.0-ibs_handler: SerialClockVote: vote for UART CLK OFF
12-09 14:18:59.053  1240  3995 D AS.AudioService: setStreamVolume(stream=1, index=1, calling=com.samsung.rtl.androidrtlservice, device=0)
12-09 14:18:59.054  1062  6244 V APM_AudioPolicyManager: getAudioPolicyConfig: audioParam;l_fmradio_record_active
12-09 14:18:59.056  1240  3995 V AS.AudioDeviceBroker: requestedCommunicationDevice, device: null mode owner pid: 0
12-09 14:18:59.060  1240  2308 D AS.AudioService: setStreamVolume(stream=2, index=1, calling=com.samsung.rtl.androidrtlservice, device=0)
12-09 14:18:59.060  2175  2692 D vol.VolumeDialogControl: onVolumeChangedW stream = 1, flags = 8, lastAudibleStreamVolume = 1, changed = false, showUI = false, dualAudio = false
12-09 14:18:59.061  1240  2308 V AS.AudioDeviceBroker: requestedCommunicationDevice, device: null mode owner pid: 0
12-09 14:18:59.064  2175  2692 D vol.VolumeDialogControl: onVolumeChangedW stream = 2, flags = 8, lastAudibleStreamVolume = 1, changed = false, showUI = false, dualAudio = false
12-09 14:18:59.065  1240  2308 D AS.AudioService: setStreamVolume(stream=5, index=1, calling=com.samsung.rtl.androidrtlservice, device=0)
12-09 14:18:59.066  1240  2308 V AS.AudioDeviceBroker: requestedCommunicationDevice, device: null mode owner pid: 0
12-09 14:18:59.068   989  2997 I vendor.qti.bluetooth@1.0-ibs_handler: ProcessIbsCmd: Received IBS_WAKE_IND: 0xFD
12-09 14:18:59.068   989  2997 D vendor.qti.bluetooth@1.0-ibs_handler: SerialClockVote: vote for UART CLK ON
12-09 14:18:59.068   989  2997 I vendor.qti.bluetooth@1.0-ibs_handler: ProcessIbsCmd: Writing IBS_WAKE_ACK
12-09 14:18:59.070  1240  1256 D AS.AudioService: setStreamVolume(stream=3, index=1, calling=com.samsung.rtl.androidrtlservice, device=0)
12-09 14:18:59.070  2175  2692 D vol.VolumeDialogControl: onVolumeChangedW stream = 5, flags = 8, lastAudibleStreamVolume = 1, changed = false, showUI = false, dualAudio = false
12-09 14:18:59.072  2141  2998 E bt_l2cap: L2CAP - rcvd ACL for unknown handle:3804 ls:0 cid:23 opcode:10 cur count:0
12-09 14:18:59.073  2141  2250 D BtGatt.GattService: onScanResult to scannerId: 9- eventType=0x10, addressType=1, address=4D4A9A_0, primaryPhy=1, secondaryPhy=0, advertisingSid=0xff, txPower=127, rssi=-66, periodicAdvInt=0x0
12-09 14:18:59.074  1240  1256 V AS.AudioDeviceBroker: requestedCommunicationDevice, device: null mode owner pid: 0
12-09 14:18:59.078  2175  2692 D vol.VolumeDialogControl: onVolumeChangedW stream = 3, flags = 8, lastAudibleStreamVolume = 100, changed = false, showUI = false, dualAudio = false
12-09 14:18:59.079  1240  1256 D AS.AudioService: setStreamVolume(stream=4, index=1, calling=com.samsung.rtl.androidrtlservice, device=0)
12-09 14:18:59.080  1240  1256 V AS.AudioDeviceBroker: requestedCommunicationDevice, device: null mode owner pid: 0
12-09 14:18:59.083  2175  2692 D vol.VolumeDialogControl: onVolumeChangedW stream = 4, flags = 8, lastAudibleStreamVolume = 1, changed = false, showUI = false, dualAudio = false
12-09 14:18:59.084  1240  3995 W AS.AudioService: Trying to call setStreamVolume() for a11y without CHANGE_ACCESSIBILITY_VOLUME  callingPackage=com.samsung.rtl.androidrtlservice
12-09 14:18:59.111   989  2997 I vendor.qti.bluetooth@1.0-ibs_handler: ProcessIbsCmd: Received IBS_SLEEP_IND: 0xFE
12-09 14:18:59.111   989  2997 D vendor.qti.bluetooth@1.0-ibs_handler: SerialClockVote: vote for UART CLK OFF
12-09 14:18:59.261   989  2704 D vendor.qti.bluetooth@1.0-wake_lock: Release wakelock is released 
12-09 14:18:59.658   999  2362 I sensors-hal: handle_sns_std_sensor_event:218, phy lux: 192, raw lux : 2, brightness: 1273, mode: 0, gain: 133, add1: 38, add2: 20, ts=33962105162308
12-09 14:19:00.001  1240  1938 D SamsungAlarmManager: Expired : 8
12-09 14:19:00.002  1240  1938 V SamsungAlarmManager: Sending to uid : 1000 L=b7352fd:TIME_TICK alarm=Alarm{1c595b1 type 3 origWhen 33962464 whenElapsed 33962464 android}
12-09 14:19:00.003  1240  1938 D SamsungAlarmManager: setExact (T:3/F:9/AC:false) 20241209T142000 now=33962467 - CU:1000/CP:1240/L:b7352fd:TIME_TICK
12-09 14:19:00.003  1240  1938 V SamsungAlarmManager: setLocked to kernel - W:34040615 / NW:34006342, now=33962467
12-09 14:19:00.006  2175  2175 D KeyguardUpdateMonitor: received broadcast android.intent.action.TIME_TICK
12-09 14:19:00.007  2175  2175 D KeyguardUpdateMonitor: handleTimeUpdate
12-09 14:19:00.008  2175  2175 D FaceWidgetPagesController: onTimeChanged()
12-09 14:19:00.010  2175  2729 D QSClockBellTower: onReceive(android.intent.action.TIME_TICK) mTimeZoneString:null
12-09 14:19:00.012  1240  1938 V SamsungAlarmManager: setLocked to kernel - W:34040615 / NW:34006342, now=33962476
12-09 14:19:00.027  2175  2175 D QSClockBellTower: He is ready to ring the bell. (((QSClockBellSound - TimeText:2:19, TimeContentDescription: 2:19, DateText:12 9 , ShortDateText:12 9 (), Demofalse)))
12-09 14:19:00.028  2175  2175 D QSClockHomeIndicatorView: Home Indicator status_bar_clock notifyTimeChanged(QSClockBellSound - TimeText:2:19, TimeContentDescription: 2:19, DateText:12 9 , ShortDateText:12 9 (), Demofalse) ClockVisibleByPolicy:true, ClockVisibleByUser:true, visible?true, parent:android.widget.LinearLayout{bbec3b9 V.E...... ......ID 0,0-51,52 #7f0b0472 app:id/left_clock_container}
12-09 14:19:00.029  2175  2175 D QSClockBellTower: Everyone heard the bell. run(currentTime:1733721540023,   getTime():Mon Dec 09 14:19:00 GMT+09:00 2024,   getTimeZone():libcore.util.ZoneInfo[mDstSavings=0,mUseDst=false,mDelegate=[id="Asia/Seoul",mRawOffset=32400000,mEarliestRawOffset=30472000,transitions=29]])
12-09 14:19:00.045  2175  2175 D QS      : setQSExpansion 0.0 -79.62499
12-09 14:19:00.050  2175  2175 D QS      : setQSExpansion 0.0 -79.62499
12-09 14:19:00.050  2175  2175 V SecQSFragmentAnimatorBase: setQsExpansionPosition 0.0
12-09 14:19:00.050  2175  2175 V QsExpandAnimator: setQsExpansionPosition 0.0 0
12-09 14:19:00.051  2175  2175 D QS      : setQSExpansion 0.0 -79.62499
12-09 14:19:00.056  2175  2175 D IndicatorGardenInputProperty: updateRotation() prv:-1 >> new:0
12-09 14:19:00.056  2175  2175 D DeviceState: getDeviceResolutionPixelSize - currentDensity = 300 deviceDensity = 300 initialDisplaySizeFactor = 720 currentDisplaySizeFactor = 720 initialDisplayDensity = 300 proportionalDensity = 300 proportionalPixel = 47
12-09 14:19:00.056  2175  2175 D DeviceState: getDeviceResolutionPixelSize - currentDensity = 300 deviceDensity = 300 initialDisplaySizeFactor = 720 currentDisplaySizeFactor = 720 initialDisplayDensity = 300 proportionalDensity = 300 proportionalPixel = 0
12-09 14:19:00.056  2175  2175 D DeviceState: getDeviceResolutionPixelSize - currentDensity = 300 deviceDensity = 300 initialDisplaySizeFactor = 720 currentDisplaySizeFactor = 720 initialDisplayDensity = 300 proportionalDensity = 300 proportionalPixel = 0
12-09 14:19:00.058  2175  2175 V QsExpandAnimator: updateAnimators
12-09 14:19:00.058  2175  2175 V QsExpandAnimator: clearAnimationState 
12-09 14:19:00.061  2175  2175 V QsExpandAnimator: setQsExpansionPosition 0.0 0
12-09 14:19:00.297   999  2366 I sensors-hal: handle_sns_client_event:123, auto_rotation_event_2: mode:255, type:1:0/0.084,7.472,6.464, ar:0
12-09 14:19:00.575  2175  2283 D NetworkController: SignalStrength from intent slotId=0
12-09 14:19:00.576  2175  2283 D NetworkController.MobileSignalController(0/2147483647): new mSignalStrength=SignalStrength:{mCdma=Invalid,mGsm=Invalid,mWcdma=Invalid,mTdscdma=Invalid,mLte=CellSignalStrengthLte: rssi=-51 rsrp=-66 rsrq=-8 rssnr=21 cqiTableIndex=2147483647 cqi=2147483647 ta=2147483647 level=4 parametersUseForLevel=0,mNr=Invalid,SignalBarInfo{ lteLevel=4 },rat=14,primary=CellSignalStrengthLte}
12-09 14:19:00.616   999  2362 I sensors-hal: handle_sns_std_sensor_event:218, phy lux: 199, raw lux : 2, brightness: 1273, mode: 0, gain: 171, add1: 38, add2: 20, ts=33963065163246
12-09 14:19:01.389   821   821 E audit   : type=1400 audit(1733721541.384:852): avc:  denied  { getopt } for  pid=1240 comm="Binder:1240_E" scontext=u:r:system_server:s0 tcontext=u:r:shell:s0 tclass=unix_stream_socket permissive=0 SEPF_SM-A426N_12_0001 audit_filtered
12-09 14:19:01.389   821   821 E audit   : type=1300 audit(1733721541.384:852): arch=c00000b7 syscall=209 success=no exit=-13 a0=327 a1=1 a2=27 a3=7b14b0e774 items=0 ppid=842 pid=1240 auid=4294967295 uid=1000 gid=1000 euid=1000 suid=1000 fsuid=1000 egid=1000 sgid=1000 fsgid=1000 tty=(none) ses=4294967295 comm="Binder:1240_E" exe="/system/bin/app_process64" subj=u:r:system_server:s0 key=(null)
12-09 14:19:01.389   821   821 E audit   : type=1327 audit(1733721541.384:852): proctitle="system_server"
12-09 14:19:01.409  2175  2175 D NetworkController.WifiSignalController: notifyListener: visible=true, enabled=true, connected=true, inetCondition=1, isDefault=true, receivedCR=true, receivedIC=-1, shouldForceHide=false, emptyConnected=false
12-09 14:19:01.576   999  2362 I sensors-hal: handle_sns_std_sensor_event:218, phy lux: 227, raw lux : 2, brightness: 1273, mode: 0, gain: 171, add1: 38, add2: 20, ts=33964025161735
12-09 14:19:02.312   664   664 D io_stats: !@   8,0 r 385409 11591484 w 82751 4762360 d 41270 2968392 f 0 0 iot 163624 0 th 0 0 0 pt 0 inp 0 22 33964.775
12-09 14:19:02.378  1240  2125 I ChimeraAggressivePolicyHandler: executePolicy() - triggerSource: TRIGGER_SOURCE_LMKD
12-09 14:19:02.382  1240  2125 I ChimeraAggressivePolicyHandler: available memory: 1570576, free memory target: 686080, quit chimera
12-09 14:19:02.536   999  2362 I sensors-hal: handle_sns_std_sensor_event:218, phy lux: 217, raw lux : 2, brightness: 1273, mode: 0, gain: 95, add1: 38, add2: 20, ts=33964985163819
12-09 14:19:02.620  1240  1256 W system_server: Long monitor contention with owner PackageInstaller (1888) at com.android.server.pm.PackageManagerService$VerificationParams com.android.server.pm.PackageInstallerSession.prepareForVerification()(PackageInstallerSession.java:2822) waiters=0 in int com.android.server.pm.PackageInstallerSession.getInstallerUid() for 467ms
12-09 14:19:02.626  1240  1575 W PackageInstallTime: updateInstallTimeInfo: invalid ObserverHash: 256200107
12-09 14:19:02.626  1240  1575 W PackageInstallTime: updateInstallTimeInfo: invalid ObserverHash: 256200107, tag: Init
12-09 14:19:02.643  1240  1984 D CompatibilityChangeReporter: Compat change id reported: 132742131; UID -1; state: DISABLED
12-09 14:19:02.648  1240  1575 D PackageManager: sendBroadcastAsUser. PACKAGE_INSTALL_STARTED
12-09 14:19:02.658  2587  2587 I Finsky  : [2] xjw.c(8): VerifyApps:, Install-time verification requested for package com.myterm, id = 3
12-09 14:19:02.666  1230  1400 I GOS:GameServiceReceiver: Task.doInBackground(), action : com.samsung.android.intent.action.PACKAGE_INSTALL_STARTED
12-09 14:19:02.668  1230  1400 I GOS:GameServiceReceiver:  PkgInstallStarted for com.myterm UserID : 0
12-09 14:19:02.669  1240  1256 D CompatibilityChangeReporter: Compat change id reported: 135634846; UID 5012; state: DISABLED
12-09 14:19:02.669  1240  1256 D CompatibilityChangeReporter: Compat change id reported: 177438394; UID 5012; state: DISABLED
12-09 14:19:02.669  1240  1256 D CompatibilityChangeReporter: Compat change id reported: 135772972; UID 5012; state: DISABLED
12-09 14:19:02.670  1240  1256 D CompatibilityChangeReporter: Compat change id reported: 135754954; UID 5012; state: DISABLED
12-09 14:19:02.677  2587  2587 E Finsky  : [2] VerifyPerSourceInstallationConsentInstallTask.d(2): Package name null is not an installed package
12-09 14:19:02.680  1240  1575 I PackageManager: Integrity check passed for file:///data/app/vmdl932728335.tmp
12-09 14:19:02.685  1230  4348 I GOS:GameIntentService: onHandleIntent. GameIntentService. type: 15, pkgName: null
12-09 14:19:02.689  1230  4348 W GOS:RequestHeader: tryToAddMcc(), can't find mcc
12-09 14:19:02.689  1230  4348 W GOS:RequestHeader: tryToAddMnc(), can't find mnc
12-09 14:19:02.696  2587  4350 E Finsky  : [146] gjj.a(51): Unexpected android-id = 0
12-09 14:19:02.697   842   842 D Zygote  : Forked child process 4351
12-09 14:19:02.703  2587  4350 W Settings: Setting install_non_market_apps has moved from android.provider.Settings.Global to android.provider.Settings.Secure, returning read-only value.
12-09 14:19:02.706 25601 25601 D BoundBrokerSvc: onBind: Intent { act=com.google.android.gms.safetynet.service.START pkg=com.google.android.gms }
12-09 14:19:02.706 25601 25601 D BoundBrokerSvc: Loading bound service for intent: Intent { act=com.google.android.gms.safetynet.service.START pkg=com.google.android.gms }
12-09 14:19:02.706  1240  1274 I ActivityManager: Start proc 4351:com.samsung.android.sm.devicesecurity/5012 for broadcast {com.samsung.android.sm.devicesecurity/com.samsung.android.sm.devicesecurity.AppVerificationReceiver}
12-09 14:19:02.707  4351  4351 I libc    : SetHeapTaggingLevel: tag level set to 0
12-09 14:19:02.725  1230  4348 W GOS:PackageUtil: isPackageInstalledAsUser(). Exception: android.content.pm.PackageManager$NameNotFoundException: com.myterm
12-09 14:19:02.725  1230  4348 I GOS:GameIntentService: onPackageChanged(). extras: Bundle[{changeType=2, userId=0, type=15, packageName=com.myterm}]
12-09 14:19:02.725  1230  4348 I GOS:GameIntentService: onPackageChanged(). changeType(INSTALL_STARTED), pkgName(com.myterm), UserHandle(0), userId(0), Installed(false)
12-09 14:19:02.731  1230  4348 W GOS:PackageUtil: isVrApp(). PackageManager.NameNotFoundException: com.myterm
12-09 14:19:02.737  4351  4351 E .devicesecurit: Not starting debugger since process cannot load the jdwp agent.
12-09 14:19:02.740  4351  4351 E USNET   : USNET: appName: com.samsung.android.sm.devicesecurity
12-09 14:19:02.741  4351  4351 D ProcessState: Binder ioctl to enable oneway spam detection failed: Invalid argument
12-09 14:19:02.742  4351  4351 D ActivityThread: setConscryptValidator
12-09 14:19:02.742  4351  4351 D ActivityThread: setConscryptValidator - put
12-09 14:19:02.744  1240  2308 I ActivityManager: DSS OFF for com.samsung.android.sm.devicesecurity
12-09 14:19:02.749  1240  2308 D ActivityManager: attachApplicationLocked() app=ProcessRecord{d94a79e 4351:com.samsung.android.sm.devicesecurity/5012} app.isolatedEntryPoint=null instr2=null
12-09 14:19:02.754  1240  1263 D NetworkPolicy: onUidStateChanged() uid: 5012, isForeground(false, 11)
12-09 14:19:02.754  2141  2141 D HidDeviceService: handleMessage(): msg.what=8
12-09 14:19:02.755  4351  4351 D ActivityThread: handleBindApplication()++ app=com.samsung.android.sm.devicesecurity
12-09 14:19:02.755  4351  4351 D CompatibilityChangeReporter: Compat change id reported: 171979766; UID 5012; state: DISABLED
12-09 14:19:02.800  1240  1256 I GenerationRegistry: mBackingStore.isClosed() : false
12-09 14:19:02.800  1240  2308 I GenerationRegistry: mBackingStore.isClosed() : false
12-09 14:19:02.804  4351  4351 I SQLiteConnection: /data/user/0/com.samsung.android.sm.devicesecurity/databases/device_security.db-wal 1048576 bytes: Bigger than 1048576; truncating
12-09 14:19:02.809  1240  1575 W PackageInstallTime: updateInstallTimeInfo: invalid ObserverHash: 256200107, tag: Verified(Unknown)
12-09 14:19:02.829  1240  1273 D CompatibilityChangeReporter: Compat change id reported: 135634846; UID 1000; state: DISABLED
12-09 14:19:02.829  1240  1273 D CompatibilityChangeReporter: Compat change id reported: 177438394; UID 1000; state: DISABLED
12-09 14:19:02.829  1240  1273 D CompatibilityChangeReporter: Compat change id reported: 135772972; UID 1000; state: DISABLED
12-09 14:19:02.829  1240  1273 D CompatibilityChangeReporter: Compat change id reported: 135754954; UID 1000; state: ENABLED
12-09 14:19:02.844   842   842 D Zygote  : Forked child process 4388
12-09 14:19:02.845  1240  1274 I ActivityManager: Start proc 4388:com.samsung.android.lool/1000 for broadcast {com.samsung.android.lool/com.samsung.android.sm.security.model.trigger.SecurityBridgeReceiver}
12-09 14:19:02.875  1240  2308 D CompatibilityChangeReporter: Compat change id reported: 135634846; UID 10158; state: DISABLED
12-09 14:19:02.875  1240  2308 D CompatibilityChangeReporter: Compat change id reported: 177438394; UID 10158; state: DISABLED
12-09 14:19:02.875  1240  2308 D CompatibilityChangeReporter: Compat change id reported: 135772972; UID 10158; state: DISABLED
12-09 14:19:02.876  1240  2308 D CompatibilityChangeReporter: Compat change id reported: 135754954; UID 10158; state: DISABLED
12-09 14:19:02.876  1240  1274 D CompatibilityChangeReporter: Compat change id reported: 143937733; UID 10158; state: DISABLED
12-09 14:19:02.886  1240  2091 D NetdEventListenerService: DNS Requested by : 102, 10058, 0
12-09 14:19:02.890  4388  4388 E ng.android.loo: Not starting debugger since process cannot load the jdwp agent.
12-09 14:19:02.891   842   842 D Zygote  : Forked child process 4398
12-09 14:19:02.891  4388  4388 E USNET   : USNET: appName: com.samsung.android.lool
12-09 14:19:02.892  1240  1274 I ActivityManager: Start proc 4398:com.samsung.android.sm.policy/u0a158 for content provider {com.samsung.android.sm.policy/com.samsung.android.scpm.db.ScpmProvider}
12-09 14:19:02.892  4388  4388 D ProcessState: Binder ioctl to enable oneway spam detection failed: Invalid argument
12-09 14:19:02.893  4388  4388 D ActivityThread: setConscryptValidator
12-09 14:19:02.893  4388  4388 D ActivityThread: setConscryptValidator - put
12-09 14:19:02.896  1240  2308 D CompatibilityChangeReporter: Compat change id reported: 168419799; UID 1000; state: DISABLED
12-09 14:19:02.897  1240  2308 I ActivityManager: DSS OFF for com.samsung.android.lool
12-09 14:19:02.901  1240  2308 D ActivityManager: attachApplicationLocked() app=ProcessRecord{3a5ade7 4388:com.samsung.android.lool/1000} app.isolatedEntryPoint=null instr2=null
12-09 14:19:02.904  4398  4398 I libc    : SetHeapTaggingLevel: tag level set to 0
12-09 14:19:02.905  4388  4388 D ActivityThread: handleBindApplication()++ app=com.samsung.android.lool
12-09 14:19:02.907  4388  4388 D CompatibilityChangeReporter: Compat change id reported: 171979766; UID 1000; state: ENABLED
12-09 14:19:02.936  4398  4398 E droid.sm.polic: Not starting debugger since process cannot load the jdwp agent.
12-09 14:19:02.937  4398  4398 E USNET   : USNET: appName: com.samsung.android.sm.policy
12-09 14:19:02.940  4398  4398 D ProcessState: Binder ioctl to enable oneway spam detection failed: Invalid argument
12-09 14:19:02.941  4398  4398 D ActivityThread: setConscryptValidator
12-09 14:19:02.942  4398  4398 D ActivityThread: setConscryptValidator - put
12-09 14:19:02.946  4388  4388 W ng.android.loo: ClassLoaderContext shared library size mismatch. Expected=0, found=2 (PCL[] | PCL[]{PCL[/system/framework/android.test.base.jar*3790657674]#PCL[/system/framework/android.test.mock.jar*3526680960]})
12-09 14:19:02.946  1240  2308 D CompatibilityChangeReporter: Compat change id reported: 168419799; UID 10158; state: DISABLED
12-09 14:19:02.947  1240  2308 I ActivityManager: DSS OFF for com.samsung.android.sm.policy
12-09 14:19:02.953  1240  2308 D ActivityManager: attachApplicationLocked() app=ProcessRecord{79b603d 4398:com.samsung.android.sm.policy/u0a158} app.isolatedEntryPoint=null instr2=null
12-09 14:19:02.958  1240  1263 D NetworkPolicy: onUidStateChanged() uid: 10158, isForeground(false, 10)
12-09 14:19:02.958  2141  2141 D HidDeviceService: handleMessage(): msg.what=8
12-09 14:19:02.960  4398  4398 D ActivityThread: handleBindApplication()++ app=com.samsung.android.sm.policy
12-09 14:19:02.961  4398  4398 D CompatibilityChangeReporter: Compat change id reported: 171979766; UID 10158; state: DISABLED
12-09 14:19:03.042  1240  1256 D PackageManager: setEnabledSetting : userId = 0 packageName = com.samsung.android.sm.policy cmp = androidx.work.impl.background.systemjob.SystemJobService newState = 1 callingPackage = 10158/com.samsung.android.sm.policy
12-09 14:19:03.049  4398  4398 I [SCPM]ScpmApplication: onCreate
12-09 14:19:03.055  1240  1256 I GenerationRegistry: mBackingStore.isClosed() : false
12-09 14:19:03.059  4398  4438 I DIAGMON_SDK[605019]: SetConfiguration
12-09 14:19:03.060  4398  4438 I DIAGMON_SDK[605019]: generated SR object
12-09 14:19:03.076  4398  4438 I DIAGMON_SDK[605019]: value for uncaughtException will be default
12-09 14:19:03.082  4388  4388 I CapsuleProvider_1.0.21: onCreate
12-09 14:19:03.089  4388  4388 I DC.SettingSearchProvider: version : 1300600010, lang : ko_KR
12-09 14:19:03.114  4388  4388 I DMT-StubUpdateUtils: current : 1300600010, market : 0
12-09 14:19:03.116  4388  4388 I DMT-StubUpdateUtils: current : 721300110, market : 0
12-09 14:19:03.128  4388  4388 I DIAGMON_SDK[605045]: DiagMonAgent type: 2
12-09 14:19:03.128  4388  4388 I DIAGMON_SDK[605045][dc60qlc6ri] : generated SR object
12-09 14:19:03.130  1240  3994 I GenerationRegistry: mBackingStore.isClosed() : false
12-09 14:19:03.137  4388  4388 I SB_Receiver: action : com.samsung.android.sm.security.service.ACTION_SERVICE_STATUS_CHANGED
12-09 14:19:03.138  3623  3653 I DMASA[D][dc60qlc6ri]: [DiagmonProvider]Received msg based on provider : request_deviceid / request_deviceid
12-09 14:19:03.138  4388  4388 W ContextImpl: Calling a method in the system process without a qualified user: android.app.ContextImpl.startService:1886 android.content.ContextWrapper.startService:793 com.samsung.android.sm.security.model.trigger.SecurityBridgeProvider.b:4 com.samsung.android.sm.security.model.trigger.SecurityBridgeProvider.call:10 android.content.ContentProvider.call:2576 
12-09 14:19:03.141  3623  3653 I DMASA[D][dc60qlc6ri]: [DiagmonProvider]Signature Check Success
12-09 14:19:03.141  3623  3653 I DMASA[D][dc60qlc6ri]: [DiagmonProvider]Action : Request deviceID
12-09 14:19:03.142  3623  3653 W DMASA[D][dc60qlc6ri]: [DiagmonProvider]DeviceId failed : user binary or info null
12-09 14:19:03.143  4388  4454 I DIAGMON_SDK[605045][dc60qlc6ri] : Agreement value: D
12-09 14:19:03.143  4388  4454 I DIAGMON_SDK[605045][dc60qlc6ri] : Request Service Registration
12-09 14:19:03.144  3623  3653 I DMASA[D][dc60qlc6ri]: [DiagmonProvider]Received msg based on provider : registration / register_service
12-09 14:19:03.145  3623  3653 I DMASA[D][dc60qlc6ri]: [DiagmonProvider]Signature Check Success
12-09 14:19:03.145  3623  3653 I DMASA[D][dc60qlc6ri]: [DiagmonProvider]Action : Register service
12-09 14:19:03.146  3623  3653 I DMASA[D][dc60qlc6ri]: [ServiceValidation]Service Agree: true
12-09 14:19:03.146  3623  3653 I DMASA[D][dc60qlc6ri]: [ServiceValidation]Device ID is null or empty
12-09 14:19:03.146  3623  3653 I DMASA[D][dc60qlc6ri]: [ServiceValidation]Tracking ID is null or empty
12-09 14:19:03.148  3623  3653 I DMASA[D][dc60qlc6ri]: [DiagmonProvider]SERVICE INFO already registered to server [dc60qlc6ri]
12-09 14:19:03.148  4388  4454 I DIAGMON_SDK[605045][dc60qlc6ri] : Results : Success
12-09 14:19:03.155  4388  4456 I SB_Processor: action : com.samsung.android.sm.security.service.ACTION_SERVICE_STATUS_CHANGED
12-09 14:19:03.156  4388  4456 I SB_BgScanServiceCompleted : name : initialization_service, status  : started
12-09 14:19:03.169  4388  4388 I SB_Receiver: action : com.samsung.android.sm.security.service.ACTION_SERVICE_STATUS_CHANGED
12-09 14:19:03.169  4388  4388 W ContextImpl: Calling a method in the system process without a qualified user: android.app.ContextImpl.startService:1886 android.content.ContextWrapper.startService:793 com.samsung.android.sm.security.model.trigger.SecurityBridgeProvider.b:4 com.samsung.android.sm.security.model.trigger.SecurityBridgeProvider.call:10 android.content.ContentProvider.call:2576 
12-09 14:19:03.173  4388  4457 I SB_Processor: action : com.samsung.android.sm.security.service.ACTION_SERVICE_STATUS_CHANGED
12-09 14:19:03.173  4388  4457 I SB_BgScanServiceCompleted : name : initialization_service, status  : completed
12-09 14:19:03.497   999  2362 I sensors-hal: handle_sns_std_sensor_event:218, phy lux: 200, raw lux : 2, brightness: 1273, mode: 0, gain: 190, add1: 38, add2: 20, ts=33965945162100
12-09 14:19:04.019  1230  1258 W ndroid.game.go: Reducing the number of considered missed Gc histogram windows from 138 to 100
12-09 14:19:04.093  1240  1256 D AS.AudioService: setStreamVolume(stream=1, index=1, calling=com.samsung.rtl.androidrtlservice, device=0)
12-09 14:19:04.093  1062  6244 V APM_AudioPolicyManager: getAudioPolicyConfig: audioParam;l_fmradio_record_active
12-09 14:19:04.094  1240  1256 V AS.AudioDeviceBroker: requestedCommunicationDevice, device: null mode owner pid: 0
12-09 14:19:04.096  2175  2692 D vol.VolumeDialogControl: onVolumeChangedW stream = 1, flags = 8, lastAudibleStreamVolume = 1, changed = false, showUI = false, dualAudio = false
12-09 14:19:04.099  1240  2308 D AS.AudioService: setStreamVolume(stream=2, index=1, calling=com.samsung.rtl.androidrtlservice, device=0)
12-09 14:19:04.100  1240  2308 V AS.AudioDeviceBroker: requestedCommunicationDevice, device: null mode owner pid: 0
12-09 14:19:04.101  2175  2692 D vol.VolumeDialogControl: onVolumeChangedW stream = 2, flags = 8, lastAudibleStreamVolume = 1, changed = false, showUI = false, dualAudio = false
12-09 14:19:04.103  1240  2308 D AS.AudioService: setStreamVolume(stream=5, index=1, calling=com.samsung.rtl.androidrtlservice, device=0)
12-09 14:19:04.103  1240  2308 V AS.AudioDeviceBroker: requestedCommunicationDevice, device: null mode owner pid: 0
12-09 14:19:04.104  1240  1256 D AS.AudioService: setStreamVolume(stream=3, index=1, calling=com.samsung.rtl.androidrtlservice, device=0)
12-09 14:19:04.105  1240  1256 V AS.AudioDeviceBroker: requestedCommunicationDevice, device: null mode owner pid: 0
12-09 14:19:04.105  2175  2692 D vol.VolumeDialogControl: onVolumeChangedW stream = 5, flags = 8, lastAudibleStreamVolume = 1, changed = false, showUI = false, dualAudio = false
12-09 14:19:04.106  2175  2692 D vol.VolumeDialogControl: onVolumeChangedW stream = 3, flags = 8, lastAudibleStreamVolume = 100, changed = false, showUI = false, dualAudio = false
12-09 14:19:04.109  1240  1256 D AS.AudioService: setStreamVolume(stream=4, index=1, calling=com.samsung.rtl.androidrtlservice, device=0)
12-09 14:19:04.113  1240  1256 V AS.AudioDeviceBroker: requestedCommunicationDevice, device: null mode owner pid: 0
12-09 14:19:04.114  2175  2692 D vol.VolumeDialogControl: onVolumeChangedW stream = 4, flags = 8, lastAudibleStreamVolume = 1, changed = false, showUI = false, dualAudio = false
12-09 14:19:04.116  1240  1256 W AS.AudioService: Trying to call setStreamVolume() for a11y without CHANGE_ACCESSIBILITY_VOLUME  callingPackage=com.samsung.rtl.androidrtlservice
12-09 14:19:04.315   664   664 D io_stats: !@   8,0 r 385889 11605864 w 83025 4870228 d 41321 2970260 f 0 0 iot 164024 0 th 0 0 0 pt 0 inp 0 0 33966.778
12-09 14:19:04.420  2175  2175 D NetworkController.WifiSignalController: notifyListener: visible=true, enabled=true, connected=true, inetCondition=1, isDefault=true, receivedCR=true, receivedIC=-1, shouldForceHide=false, emptyConnected=false
12-09 14:19:04.456   999  2362 I sensors-hal: handle_sns_std_sensor_event:218, phy lux: 185, raw lux : 2, brightness: 1254, mode: 0, gain: 228, add1: 38, add2: 20, ts=33966905184183
12-09 14:19:04.532   989  2997 I vendor.qti.bluetooth@1.0-ibs_handler: ProcessIbsCmd: Received IBS_WAKE_IND: 0xFD
12-09 14:19:04.532   989  2997 D vendor.qti.bluetooth@1.0-ibs_handler: SerialClockVote: vote for UART CLK ON
12-09 14:19:04.532   989  2997 D vendor.qti.bluetooth@1.0-wake_lock: Acquire wakelock is acquired 
12-09 14:19:04.532   989  2997 I vendor.qti.bluetooth@1.0-ibs_handler: ProcessIbsCmd: Writing IBS_WAKE_ACK
12-09 14:19:04.540  2141  2998 E bt_l2cap: L2CAP - rcvd ACL for unknown handle:3804 ls:0 cid:792 opcode:10 cur count:0
12-09 14:19:04.541  2141  2998 E bt_l2cap: L2CAP - rcvd ACL for unknown handle:3804 ls:0 cid:25 opcode:10 cur count:0
12-09 14:19:04.541  2141  2998 E bt_l2cap: L2CAP - rcvd ACL for unknown handle:3804 ls:0 cid:26 opcode:10 cur count:0
12-09 14:19:04.541  2141  2998 E bt_l2cap: L2CAP - rcvd ACL for unknown handle:3804 ls:0 cid:27 opcode:10 cur count:0
