12-07 01:51:32.192 29337 29337 I EasySetup[11.1.16.6] : IcControlService.updateScanFilter - all_filters - Name:Hi,ScreenOnFilter:BluetoothLeScanFilter [mDeviceName=null, mDeviceAddress=null, mUuid=null, mUuidMask=null, mServiceSolicitationUuid=null, mServiceSolicitationUuidMask=null, mServiceDataUuid=null, mServiceData=null, mServiceDataMask=null, mManufacturerId=117, mManufacturerData=[66, 9, 1, 2, 20, 0, 0, 0, 0, 0, 0, 0, 0, 0, 0, 4], mManufacturerDataMask=[-1, -1, 127, -1, 20, 0, 0, 0, 0, 0, 0, 0, 0, 0, 0, -124], mAdvertisingDataType=-1, mAdvertisingData=null, mAdvertisingDataMask=null, mTransportBlockFilter=null],ScreenOffFilter:Null,ScanInterval:2,Threshold:-999
12-07 01:51:32.192 29337 29337 I EasySetup[11.1.16.6] : IcControlService.updateScanFilter - all_filters - Name:HiService,ScreenOnFilter:BluetoothLeScanFilter [mDeviceName=null, mDeviceAddress=null, mUuid=null, mUuidMask=null, mServiceSolicitationUuid=null, mServiceSolicitationUuidMask=null, mServiceDataUuid=0000fddb-0000-1000-8000-00805f9b34fb, mServiceData=[0], mServiceDataMask=[0], mManufacturerId=-1, mManufacturerData=null, mManufacturerDataMask=null, mAdvertisingDataType=-1, mAdvertisingData=null, mAdvertisingDataMask=null, mTransportBlockFilter=null],ScreenOffFilter:Null,ScanInterval:2,Threshold:-999
12-07 01:51:32.192 29337 29337 I EasySetup[11.1.16.6] : BeaconManagerUtil.isBeaconManagerEnabled - 1
12-07 01:51:32.192 29337 29337 I EasySetup[11.1.16.6] : BeaconManagerUtil.updateBeaconManagerScanFilter - 
12-07 01:51:32.193  3443  4976 I bt_btif_sock: packages/modules/Bluetooth/system/btif/src/btif_sock.cc:169 btif_sock_connection_logger: address=00:00:00:00:00:00, role=1, state=1
12-07 01:51:32.193  3443  4976 I bt_btif_sock_rfcomm: packages/modules/Bluetooth/system/btif/src/btif_sock_rfc.cc:333 btsock_rfc_listen: Adding listening socket service_name: IcService_New - channel: -1
12-07 01:51:32.193  3443  3614 I bt_bta_dm: packages/modules/Bluetooth/system/bta/dm/bta_dm_act.cc:3678 bta_dm_set_eir: Generating extended inquiry response packet EIR
12-07 01:51:32.194 29337 29337 I Peripheral_Manager[1.2.94]: findWearable. lock screen
12-07 01:51:32.194  3443  3614 I bt_stack: [INFO:port_api.cc(220)] RFCOMM_CreateConnectionWithSecurity: bd_addr=ff:ff:ff:ff:ff:ff, scn=6, is_server=1, mtu=990, uuid=000000, dlci=12, signal_state=0x0b, p_port=0x78c3691420
12-07 01:51:32.194  3443  3614 I bt_btif_sock: packages/modules/Bluetooth/system/btif/src/btif_sock.cc:169 btif_sock_connection_logger: address=00:00:00:00:00:00, role=1, state=1
12-07 01:51:32.195  1849  5596 I CameraService: onUidStateChanged: uid=10072, procState is changed. (20 -> 8)
12-07 01:51:32.198 29337 29376 I IC_e[1.2.94]: setNetworkAvailable(true)
12-07 01:51:32.199  2296  2788 D WifiNetworkFactory: got request NetworkRequest [ REQUEST id=316, [ Capabilities: INTERNET&NOT_RESTRICTED&TRUSTED&NOT_VCN_MANAGED Uid: 10072 RequestorUid: 10072 RequestorPkg: com.samsung.android.easysetup UnderlyingNetworks: Null] ]
12-07 01:51:32.200 29337 29376 I IC_e[1.2.94]: isOnline() - Online
12-07 01:51:32.200 29337 29376 I IC_Service[1.2.94]: onNetworkAvailable() - online: true
12-07 01:51:32.200 29337 29376 I IC_Service[1.2.94]: onOnline()
12-07 01:51:32.200  2296  2788 D UntrustedWifiNetworkFactory: got request NetworkRequest [ REQUEST id=316, [ Capabilities: INTERNET&NOT_RESTRICTED&TRUSTED&NOT_VCN_MANAGED Uid: 10072 RequestorUid: 10072 RequestorPkg: com.samsung.android.easysetup UnderlyingNetworks: Null] ]
12-07 01:51:32.200 29337 29376 I IC_g[1.2.94]: onOnline() - Update not needed: 86400000, 2024-12-06 16:29:45.535, 2024-12-06 16:51:32.200
12-07 01:51:32.200  2296  2788 D OemPaidWifiNetworkFactory: got request NetworkRequest [ REQUEST id=316, [ Capabilities: INTERNET&NOT_RESTRICTED&TRUSTED&NOT_VCN_MANAGED Uid: 10072 RequestorUid: 10072 RequestorPkg: com.samsung.android.easysetup UnderlyingNetworks: Null] ]
12-07 01:51:32.200 29337 29380 I IC_g[1.2.94]: executeRequests() - No requests
12-07 01:51:32.201  2296  2788 D MultiInternetWifiNetworkFactory: got request NetworkRequest [ REQUEST id=316, [ Capabilities: INTERNET&NOT_RESTRICTED&TRUSTED&NOT_VCN_MANAGED Uid: 10072 RequestorUid: 10072 RequestorPkg: com.samsung.android.easysetup UnderlyingNetworks: Null] ]
12-07 01:51:32.201  2296  2822 D ConnectivityService: Rematched networks [computed 0ms] [applied 1ms] [issued 8]
12-07 01:51:32.201  2296  2822 D ConnectivityService: NetworkReassignment :
12-07 01:51:32.201  2296  2822 D ConnectivityService:   316 : null → 101
12-07 01:51:32.203 10069 10069 I BCMGR[11.1.01.11]: BeaconService] CreateBeaconManager  - setting:ON
12-07 01:51:32.203 10069 10069 I BCMGR[11.1.01.11]: BeaconService] onStartCommand - updateClientScanFilter
12-07 01:51:32.204 29337 29364 I EasySetup[11.1.16.6] : IcControlService.getScanFilterList - Name:Passive,ScreenOnFilter:BluetoothLeScanFilter [mDeviceName=null, mDeviceAddress=null, mUuid=0000fd6c-0000-1000-8000-00805f9b34fb, mUuidMask=null, mServiceSolicitationUuid=null, mServiceSolicitationUuidMask=null, mServiceDataUuid=null, mServiceData=null, mServiceDataMask=null, mManufacturerId=117, mManufacturerData=[16], mManufacturerDataMask=[-1], mAdvertisingDataType=-1, mAdvertisingData=null, mAdvertisingDataMask=null, mTransportBlockFilter=null],ScreenOffFilter:BluetoothLeScanFilter [mDeviceName=null, mDeviceAddress=null, mUuid=0000fd6c-0000-1000-8000-00805f9b34fb, mUuidMask=null, mServiceSolicitationUuid=null, mServiceSolicitationUuidMask=null, mServiceDataUuid=null, mServiceData=null, mServiceDataMask=null, mManufacturerId=117, mManufacturerData=[16], mManufacturerDataMask=[-1], mAdvertisingDataType=-1, mAdvertisingData=null, mAdvertisingDataMask=null, mTransportBlockFilter=null],ScanInterval:2,Threshold:-75
12-07 01:51:32.204 29337 29364 I EasySetup[11.1.16.6] : IcControlService.getScanFilterList - Name:EasySetup,ScreenOnFilter:BluetoothLeScanFilter [mDeviceName=null, mDeviceAddress=null, mUuid=null, mUuidMask=null, mServiceSolicitationUuid=null, mServiceSolicitationUuidMask=null, mServiceDataUuid=null, mServiceData=null, mServiceDataMask=null, mManufacturerId=117, mManufacturerData=[66, 9, 1, 4, 0, 2, 0, 0, 0, 33], mManufacturerDataMask=[-1, -1, -1, -1, 0, 2, 0, 0, 0, -95], mAdvertisingDataType=-1, mAdvertisingData=null, mAdvertisingDataMask=null, mTransportBlockFilter=null],ScreenOffFilter:Null,ScanInterval:2,Threshold:-70
12-07 01:51:32.204 29337 29364 I EasySetup[11.1.16.6] : IcControlService.getScanFilterList - Name:EasySetup2018,ScreenOnFilter:BluetoothLeScanFilter [mDeviceName=null, mDeviceAddress=null, mUuid=null, mUuidMask=null, mServiceSolicitationUuid=null, mServiceSolicitationUuidMask=null, mServiceDataUuid=null, mServiceData=null, mServiceDataMask=null, mManufacturerId=117, mManufacturerData=[66, 9, 1, 15, 0, 2, 0, 0, 0, 33], mManufacturerDataMask=[-1, -1, -1, -1, 0, 2, 0, 0, 0, -95], mAdvertisingDataType=-1, mAdvertisingData=null, mAdvertisingDataMask=null, mTransportBlockFilter=null],ScreenOffFilter:Null,ScanInterval:2,Threshold:-70
12-07 01:51:32.205 29337 29364 I EasySetup[11.1.16.6] : IcControlService.getScanFilterList - Name:Wearable,ScreenOnFilter:BluetoothLeScanFilter [mDeviceName=null, mDeviceAddress=null, mUuid=null, mUuidMask=null, mServiceSolicitationUuid=null, mServiceSolicitationUuidMask=null, mServiceDataUuid=null, mServiceData=null, mServiceDataMask=null, mManufacturerId=117, mManufacturerData=[1, 0, 2, 0, 0, -107], mManufacturerDataMask=[15, -1, -1, 0, 0, 106], mAdvertisingDataType=-1, mAdvertisingData=null, mAdvertisingDataMask=null, mTransportBlockFilter=null],ScreenOffFilter:Null,ScanInterval:2,Threshold:-999
12-07 01:51:32.205 29337 29364 I EasySetup[11.1.16.6] : IcControlService.getScanFilterList - Name:MatterHomePopup,ScreenOnFilter:BluetoothLeScanFilter [mDeviceName=null, mDeviceAddress=null, mUuid=null, mUuidMask=null, mServiceSolicitationUuid=null, mServiceSolicitationUuidMask=null, mServiceDataUuid=0000fff6-0000-1000-8000-00805f9b34fb, mServiceData=[0], mServiceDataMask=null, mManufacturerId=-1, mManufacturerData=null, mManufacturerDataMask=null, mAdvertisingDataType=-1, mAdvertisingData=null, mAdvertisingDataMask=null, mTransportBlockFilter=null],ScreenOffFilter:Null,ScanInterval:2,Threshold:-80
12-07 01:51:32.205 29337 29364 I EasySetup[11.1.16.6] : IcControlService.getScanFilterList - Name:BleCloudV2,ScreenOnFilter:BluetoothLeScanFilter [mDeviceName=null, mDeviceAddress=null, mUuid=0000fd59-0000-1000-8000-00805f9b34fb, mUuidMask=null, mServiceSolicitationUuid=null, mServiceSolicitationUuidMask=null, mServiceDataUuid=null, mServiceData=null, mServiceDataMask=null, mManufacturerId=-1, mManufacturerData=null, mManufacturerDataMask=null, mAdvertisingDataType=-1, mAdvertisingData=null, mAdvertisingDataMask=null, mTransportBlockFilter=null],ScreenOffFilter:BluetoothLeScanFilter [mDeviceName=null, mDeviceAddress=null, mUuid=0000fd59-0000-1000-8000-00805f9b34fb, mUuidMask=null, mServiceSolicitationUuid=null, mServiceSolicitationUuidMask=null, mServiceDataUuid=null, mServiceData=null, mServiceDataMask=null, mManufacturerId=-1, mManufacturerData=null, mManufacturerDataMask=null, mAdvertisingDataType=-1, mAdvertisingData=null, mAdvertisingDataMask=null, mTransportBlockFilter=null],ScanInterval:2,Threshold:-70
12-07 01:51:32.205 29337 29364 I EasySetup[11.1.16.6] : IcControlService.getScanFilterList - Name:SamsungConnect_V3,ScreenOnFilter:BluetoothLeScanFilter [mDeviceName=null, mDeviceAddress=null, mUuid=null, mUuidMask=null, mServiceSolicitationUuid=null, mServiceSolicitationUuidMask=null, mServiceDataUuid=null, mServiceData=null, mServiceDataMask=null, mManufacturerId=117, mManufacturerData=[66, 12, 3, 5], mManufacturerDataMask=[-1, -1, 127, 7], mAdvertisingDataType=-1, mAdvertisingData=null, mAdvertisingDataMask=null, mTransportBlockFilter=null],ScreenOffFilter:Null,ScanInterval:2,Threshold:-70
12-07 01:51:32.205 29337 29364 I EasySetup[11.1.16.6] : IcControlService.getScanFilterList - Name:Hi,ScreenOnFilter:BluetoothLeScanFilter [mDeviceName=null, mDeviceAddress=null, mUuid=null, mUuidMask=null, mServiceSolicitationUuid=null, mServiceSolicitationUuidMask=null, mServiceDataUuid=null, mServiceData=null, mServiceDataMask=null, mManufacturerId=117, mManufacturerData=[66, 9, 1, 2, 20, 0, 0, 0, 0, 0, 0, 0, 0, 0, 0, 4], mManufacturerDataMask=[-1, -1, 127, -1, 20, 0, 0, 0, 0, 0, 0, 0, 0, 0, 0, -124], mAdvertisingDataType=-1, mAdvertisingData=null, mAdvertisingDataMask=null, mTransportBlockFilter=null],ScreenOffFilter:Null,ScanInterval:2,Threshold:-999
12-07 01:51:32.206 29337 29364 I EasySetup[11.1.16.6] : IcControlService.getScanFilterList - Name:HiService,ScreenOnFilter:BluetoothLeScanFilter [mDeviceName=null, mDeviceAddress=null, mUuid=null, mUuidMask=null, mServiceSolicitationUuid=null, mServiceSolicitationUuidMask=null, mServiceDataUuid=0000fddb-0000-1000-8000-00805f9b34fb, mServiceData=[0], mServiceDataMask=[0], mManufacturerId=-1, mManufacturerData=null, mManufacturerDataMask=null, mAdvertisingDataType=-1, mAdvertisingData=null, mAdvertisingDataMask=null, mTransportBlockFilter=null],ScreenOffFilter:Null,ScanInterval:2,Threshold:-999
12-07 01:51:32.206 10069 10069 I BCMGR[11.1.01.11]: ContentValues(ES)] updateScanFilter - size : 9
12-07 01:51:32.207 10069 10069 I BCMGR[11.1.01.11]: BeaconManager] updateIcPacketFilters (EasySetup) - setEasySetupPacketFilters :9
12-07 01:51:32.207 10069 10069 I BCMGR[11.1.01.11]BeaconManagerFilter: setEasySetupFilterList - size : 9filter: [Passive(Off Rssi : -75)] , [EasySetup] , [EasySetup2018] , [Wearable] , [MatterHomePopup] , [BleCloudV2(Off Rssi : -70)] , [SamsungConnect_V3] , [Hi] , [HiService] , 
12-07 01:51:32.207 10069 10154 I BCMGR[11.1.01.11]: BeaconManager] updateScanCondition - 
12-07 01:51:32.207 10069 10154 I BCMGR[11.1.01.11]: BeaconManager] getScanFilter - filterFlag - 0b1100000
12-07 01:51:32.207 10069 10154 I BCMGR[11.1.01.11]: BeaconManager] updateScanCondition - filter: (on : 9, off:2)[Passive] , [EasySetup] , [EasySetup2018] , [Wearable] , [MatterHomePopup] , [BleCloudV2] , [SamsungConnect_V3] , [Hi] , [HiService] , 
12-07 01:51:32.207 10069 10154 I BCMGR[11.1.01.11]: BleScanHelper] updateScanFilternInterval - On Filter: 9, Off Filter: 2
12-07 01:51:32.208 10069 10163 I BCMGR[11.1.01.11]: FeatureUtil] isBleScanFilterSupported - set
12-07 01:51:32.209 10069 10163 I BCMGR[11.1.01.11]: BleScanHelper] directStopLeScan - call BleScanner.stopScan()
12-07 01:51:32.213 10069 10069 I BCMGR[11.1.01.11]: ObserverJobService] scheduleJob - succeeded
12-07 01:51:32.214  3443  4976 D ActivityAttributionService: notifyActivityAttributionInfo UID=1002 packageName=com.android.bluetooth deviceAddress=no_active_device_address
12-07 01:51:32.214  3443  4976 I bt_btif : packages/modules/Bluetooth/system/btif/src/bluetooth.cc:880 get_profile_interface: get_profile_interface: id = activity_attribution
12-07 01:51:32.214  3443  4167 I bt_stack: [INFO:le_scanning_manager.cc(233)] ScanFilterParamSetup in shim layer
12-07 01:51:32.215  3443  4167 I bt_stack: [INFO:le_scanning_manager.cc(233)] ScanFilterParamSetup in shim layer
12-07 01:51:32.216  3443  4167 I bt_stack: [INFO:le_scanning_manager.cc(233)] ScanFilterParamSetup in shim layer
12-07 01:51:32.216  3443  4167 I bt_stack: [INFO:le_scanning_manager.cc(233)] ScanFilterParamSetup in shim layer
12-07 01:51:32.217  3443  4167 I bt_stack: [INFO:le_scanning_manager.cc(233)] ScanFilterParamSetup in shim layer
12-07 01:51:32.217  3443  4167 I bt_stack: [INFO:le_scanning_manager.cc(233)] ScanFilterParamSetup in shim layer
12-07 01:51:32.218  3443  4167 I bt_stack: [INFO:le_scanning_manager.cc(233)] ScanFilterParamSetup in shim layer
12-07 01:51:32.219  3443  4167 I bt_stack: [INFO:le_scanning_manager.cc(233)] ScanFilterParamSetup in shim layer
12-07 01:51:32.219  3443  4167 I bt_stack: [INFO:le_scanning_manager.cc(233)] ScanFilterParamSetup in shim layer
12-07 01:51:32.220  3443  4976 D BtGatt.GattService: unregisterScanner(android.uid.bcmgr) - scannerId=3
12-07 01:51:32.221  3443  4976 D BtGatt.ContextMap: remove() - id: 3
12-07 01:51:32.221  3443  4976 I bt_stack: [INFO:le_scanning_manager.cc(174)] Unregister in shim layer, scanner_id:3
12-07 01:51:32.222  3443  4170 E BtGatt.GattService: [GSIM LOG]: gsimLogHandler, msg: MESSAGE_SCAN_STOP, appName: android.uid.bcmgr, scannerId: 3, reportDelayMillis=0
12-07 01:51:32.277  2296  2738 I BluetoothManagerService: addProxy from com.samsung.android.easysetup (9)
12-07 01:51:32.279 29337 29337 I IC_DeviceManager[1.2.94]: Bluetooth A2dp service connected
12-07 01:51:32.279 29337 29337 I IC_f[1.2.94]: mGetPermissionStatus : 0
12-07 01:51:32.284 29337 29337 I IC_DeviceManager[1.2.94]: Bluetooth Headset service connected
12-07 01:51:32.284 29337 29337 I IC_f[1.2.94]: mGetPermissionStatus : 0
12-07 01:51:32.322 10069 10163 W BCMGR[11.1.01.11]: BleScanHelper] startBleScan - Start filter Scan(SCREEN_ON) size: 9
12-07 01:51:32.329  3443  4976 D BtGatt.ContextMap: add() - appUid: 5006, appPid: 0, appName: android.uid.bcmgr, uuid : 42e77e42-0060-4ccc-840b-95d217c347b2
12-07 01:51:32.330  3443  4976 I bt_stack: [INFO:le_scanning_manager.cc(167)] RegisterScanner in shim layer
12-07 01:51:32.331  3443  4146 D BtGatt.GattService: onScannerRegistered() - UUID=42e77e42-0060-4ccc-840b-95d217c347b2, scannerId=3, status=0
12-07 01:51:32.335  3443  4976 D BluetoothAdapter: needsPrivilegedPermissionForBleScan(): ON
12-07 01:51:32.341  3443  4976 D ActivityAttributionService: notifyActivityAttributionInfo UID=1002 packageName=com.android.bluetooth deviceAddress=no_active_device_address
12-07 01:51:32.341  3443  4976 I bt_btif : packages/modules/Bluetooth/system/btif/src/bluetooth.cc:880 get_profile_interface: get_profile_interface: id = activity_attribution
12-07 01:51:32.341  3443  4167 D BluetoothAdapter: semIsBleEnabled(): ON
12-07 01:51:32.345  3443  4167 D BluetoothAdapter: semIsBleEnabled(): ON
12-07 01:51:32.345  3443  4170 E BtGatt.GattService: [GSIM LOG]: gsimLogHandler, msg: MESSAGE_SCAN_START, appName: android.uid.bcmgr, scannerId: 3, reportDelayMillis=0
12-07 01:51:32.345  3443  4167 D BluetoothAdapter: semIsBleEnabled(): ON
12-07 01:51:32.345  3443  4167 I bt_stack: [INFO:le_scanning_manager.cc(304)] ScanFilterEnable in shim layer
12-07 01:51:32.347  3443  4167 I bt_stack: [INFO:le_scanning_manager.cc(275)] ScanFilterAdd in shim layer
12-07 01:51:32.348  3443  4167 D BtGatt.ScanManager: configureFilterParamter() : onFoundTimeout | onLostTimeout | onFoundCount | numOfTrackingEntries | scanFilterRssiThreshold | trackableScanFilterRssiThreshold | matchMode
12-07 01:51:32.348  3443  4167 D BtGatt.ScanManager: configureFilterParamter() : __________500__|________10000__|___________1__|___________________0__|___________________-128__|____________________________-128__|________1_
12-07 01:51:32.349  3443  4167 I bt_stack: [INFO:le_scanning_manager.cc(233)] ScanFilterParamSetup in shim layer
12-07 01:51:32.349  3443  4167 I bt_stack: [INFO:le_scanning_manager.cc(275)] ScanFilterAdd in shim layer
12-07 01:51:32.350  3443  4167 D BtGatt.ScanManager: configureFilterParamter() : onFoundTimeout | onLostTimeout | onFoundCount | numOfTrackingEntries | scanFilterRssiThreshold | trackableScanFilterRssiThreshold | matchMode
12-07 01:51:32.350  3443  4167 D BtGatt.ScanManager: configureFilterParamter() : __________500__|________10000__|___________1__|___________________0__|___________________-128__|____________________________-128__|________1_
12-07 01:51:32.350  3443  4167 I bt_stack: [INFO:le_scanning_manager.cc(233)] ScanFilterParamSetup in shim layer
12-07 01:51:32.351  3443  4167 I bt_stack: [INFO:le_scanning_manager.cc(275)] ScanFilterAdd in shim layer
12-07 01:51:32.351  3443  4167 D BtGatt.ScanManager: configureFilterParamter() : onFoundTimeout | onLostTimeout | onFoundCount | numOfTrackingEntries | scanFilterRssiThreshold | trackableScanFilterRssiThreshold | matchMode
12-07 01:51:32.351  3443  4167 D BtGatt.ScanManager: configureFilterParamter() : __________500__|________10000__|___________1__|___________________0__|___________________-128__|____________________________-128__|________1_
12-07 01:51:32.351  3443  4167 I bt_stack: [INFO:le_scanning_manager.cc(233)] ScanFilterParamSetup in shim layer
12-07 01:51:32.352  3443  4167 I bt_stack: [INFO:le_scanning_manager.cc(275)] ScanFilterAdd in shim layer
12-07 01:51:32.353  3443  4167 D BtGatt.ScanManager: configureFilterParamter() : onFoundTimeout | onLostTimeout | onFoundCount | numOfTrackingEntries | scanFilterRssiThreshold | trackableScanFilterRssiThreshold | matchMode
12-07 01:51:32.353  3443  4167 D BtGatt.ScanManager: configureFilterParamter() : __________500__|________10000__|___________1__|___________________0__|___________________-128__|____________________________-128__|________1_
12-07 01:51:32.353  3443  4167 I bt_stack: [INFO:le_scanning_manager.cc(233)] ScanFilterParamSetup in shim layer
12-07 01:51:32.354  3443  4167 I bt_stack: [INFO:le_scanning_manager.cc(275)] ScanFilterAdd in shim layer
12-07 01:51:32.354  3443  4167 D BtGatt.ScanManager: configureFilterParamter() : onFoundTimeout | onLostTimeout | onFoundCount | numOfTrackingEntries | scanFilterRssiThreshold | trackableScanFilterRssiThreshold | matchMode
12-07 01:51:32.354  3443  4167 D BtGatt.ScanManager: configureFilterParamter() : __________500__|________10000__|___________1__|___________________0__|___________________-128__|____________________________-128__|________1_
12-07 01:51:32.355  3443  4167 I bt_stack: [INFO:le_scanning_manager.cc(233)] ScanFilterParamSetup in shim layer
12-07 01:51:32.355  3443  4167 I bt_stack: [INFO:le_scanning_manager.cc(275)] ScanFilterAdd in shim layer
12-07 01:51:32.356  3443  4167 D BtGatt.ScanManager: configureFilterParamter() : onFoundTimeout | onLostTimeout | onFoundCount | numOfTrackingEntries | scanFilterRssiThreshold | trackableScanFilterRssiThreshold | matchMode
12-07 01:51:32.356  3443  4167 D BtGatt.ScanManager: configureFilterParamter() : __________500__|________10000__|___________1__|___________________0__|___________________-128__|____________________________-128__|________1_
12-07 01:51:32.356  3443  4167 I bt_stack: [INFO:le_scanning_manager.cc(233)] ScanFilterParamSetup in shim layer
12-07 01:51:32.356  3443  4167 I bt_stack: [INFO:le_scanning_manager.cc(275)] ScanFilterAdd in shim layer
12-07 01:51:32.357  3443  4167 D BtGatt.ScanManager: configureFilterParamter() : onFoundTimeout | onLostTimeout | onFoundCount | numOfTrackingEntries | scanFilterRssiThreshold | trackableScanFilterRssiThreshold | matchMode
12-07 01:51:32.357  3443  4167 D BtGatt.ScanManager: configureFilterParamter() : __________500__|________10000__|___________1__|___________________0__|___________________-128__|____________________________-128__|________1_
12-07 01:51:32.357  3443  4167 I bt_stack: [INFO:le_scanning_manager.cc(233)] ScanFilterParamSetup in shim layer
12-07 01:51:32.358  3443  4167 I bt_stack: [INFO:le_scanning_manager.cc(275)] ScanFilterAdd in shim layer
12-07 01:51:32.360  3443  4167 D BtGatt.ScanManager: configureFilterParamter() : onFoundTimeout | onLostTimeout | onFoundCount | numOfTrackingEntries | scanFilterRssiThreshold | trackableScanFilterRssiThreshold | matchMode
12-07 01:51:32.360  3443  4167 D BtGatt.ScanManager: configureFilterParamter() : __________500__|________10000__|___________1__|___________________0__|___________________-128__|____________________________-128__|________1_
12-07 01:51:32.360  3443  4167 I bt_stack: [INFO:le_scanning_manager.cc(233)] ScanFilterParamSetup in shim layer
12-07 01:51:32.361  3443  4167 I bt_stack: [INFO:le_scanning_manager.cc(275)] ScanFilterAdd in shim layer
12-07 01:51:32.362  3443  4167 D BtGatt.ScanManager: configureFilterParamter() : onFoundTimeout | onLostTimeout | onFoundCount | numOfTrackingEntries | scanFilterRssiThreshold | trackableScanFilterRssiThreshold | matchMode
12-07 01:51:32.362  3443  4167 D BtGatt.ScanManager: configureFilterParamter() : __________500__|________10000__|___________1__|___________________0__|___________________-128__|____________________________-128__|________1_
12-07 01:51:32.363  3443  4167 I bt_stack: [INFO:le_scanning_manager.cc(233)] ScanFilterParamSetup in shim layer
12-07 01:51:32.453  1463 27423 I sensors-hal: handle_sns_std_sensor_event:311, [SSC_LIGHT] P: 265(265),m:7,c:0,b:78,c0:12432,l:266,f(r):98,u(bl):100,j:192
12-07 01:51:32.732  1090  1090 D io_stats: !@   8,0 r 190478 9021937 w 104530 4107396 d 38347 1955196 f 0 14106 iot 209188 0 th 0 0 0 pt 0 inp 0 0 7187.522
12-07 01:51:32.733  1090  1090 D io_stats: !@ Read_top(KB): loop47(4472) 512
12-07 01:51:32.733  1090  1090 D io_stats: !@ Write_top(KB): kworker/u16:2(29040) 1056 .gms.persistent(3899) 28 android.hardwar(1459) 8
12-07 01:51:33.804 10782 10782 I wpa_supplicant: Heartbeat 712
12-07 01:51:34.011  2296 11892 D SemWifiUsabilityStatsMonitor: onWifiUsabilityStats - seqNum 419, isSameBssidAndFreq true
12-07 01:51:35.304  1463 27473 I sensors-hal: handle_sns_client_event:185, auto_rotation_debug_2 mode,255, type,1,0 acc,-0.041,7.516,6.473, ar,0, ver,12, pedo,1,e,0,i,2
12-07 01:51:35.336  1463 27423 I sensors-hal: handle_sns_std_sensor_event:311, [SSC_LIGHT] P: 266(266),m:7,c:0,b:78,c0:12464,l:266,f(r):98,u(bl):100,j:193
12-07 01:51:35.541  3443  4146 I bt_btif_dm: packages/modules/Bluetooth/system/btif/src/btif_dm.cc:943 btif_update_remote_properties: class of device (cod) is 0x000704
12-07 01:51:35.543  3443  4146 D ScanFilter: manu data matches
12-07 01:51:35.543  3443  4146 D BtGatt.GattService: onScanResult to scannerId: 3- eventType=0x1b, addressType=0, address=XX:XX:XX:XX:06:58, primaryPhy=1, secondaryPhy=0, advertisingSid=0xff, txPower=127, rssi=-68, periodicAdvInt=0x0
12-07 01:51:35.547 29337 29364 I Peripheral_Manager[1.2.94]: findWearable. lock screen
12-07 01:51:35.573  2296  2712 D ActivityManager: Received BROADCAST intent 0x5afda68 Key{broadcastIntent pkg=com.google.android.gms/com.google.android.gms.scheduler intent=act=com.google.android.gms.gcm.ACTION_CHECK_QUEUE cmp=com.google.android.gms/.gcm.nts.SchedulerInternalReceiver flags=0x2000000 u=0} requestCode=0 sent=0 from uid 1000
12-07 01:51:35.619  5210  5210 D BoundBrokerSvc: onBind: Intent { act=com.google.android.gms.checkin.internal.scheduler.ScheduledCheckinGmsTaskService.ACTION_TASK_READY dat=chimera-action:/... cmp=com.google.android.gms/.chimera.GmsInternalBoundBrokerService }
12-07 01:51:35.620  5210  5210 D BoundBrokerSvc: Loading bound service for intent: Intent { act=com.google.android.gms.checkin.internal.scheduler.ScheduledCheckinGmsTaskService.ACTION_TASK_READY dat=chimera-action:/... cmp=com.google.android.gms/.chimera.GmsInternalBoundBrokerService }
12-07 01:51:35.623  3899 27871 I NetworkScheduler.Stats: (REDACTED) Task %s/%s started execution. cause:%s exec_start_elapsed_seconds: %s
12-07 01:51:35.624  5210 17862 I Checkin : [ScheduledCheckinGmsTaskService] onRunTask
12-07 01:51:35.627  5210 17862 I WakefulBroadcastRcvr: Processing wakeful broadcast: com.google.android.gms.checkin.CHECKIN_START_ACTION
12-07 01:51:35.630  5210 29285 I Checkin : [CheckinIntentOperation] onHandleIntent, Intent { act=com.google.android.gms.checkin.CHECKIN_START_ACTION cat=[targeted_intent_op_prefix:.checkin.CheckinIntentOperation] cmp=com.google.android.gms/.chimera.GmsIntentOperationService (has extras) }
12-07 01:51:35.634  3899 29145 I NetworkScheduler.Stats: (REDACTED) Task %s/%s finished executing. cause:%s result: %s elapsed_millis: %s uptime_millis: %s exec_start_elapsed_seconds: %s
12-07 01:51:35.635  5210  5210 D BoundBrokerSvc: onUnbind: Intent { act=com.google.android.gms.checkin.internal.scheduler.ScheduledCheckinGmsTaskService.ACTION_TASK_READY dat=chimera-action:/... cmp=com.google.android.gms/.chimera.GmsInternalBoundBrokerService }
12-07 01:51:35.639  5210 29285 I Checkin : [CheckinOperation] Checkin Operation finished with result: RESCHEDULED finish time: 7190429.
12-07 01:51:35.639  5210 29285 I Checkin : [ScheduledCheckinGmsTaskService] scheduleCheckinTask
12-07 01:51:35.643  5210 29285 I Checkin : [ExecutionManager] Checkin scheduled at 7193429 with schedule delay: 3000
12-07 01:51:35.649  3443  4146 I bt_btif_dm: packages/modules/Bluetooth/system/btif/src/btif_dm.cc:943 btif_update_remote_properties: class of device (cod) is 0x000704
12-07 01:51:35.650  3443  4146 D ScanFilter: manu data matches
12-07 01:51:35.650  3443  4146 D BtGatt.GattService: onScanResult to scannerId: 3- eventType=0x1b, addressType=0, address=XX:XX:XX:XX:24:C1, primaryPhy=1, secondaryPhy=0, advertisingSid=0xff, txPower=127, rssi=127, periodicAdvInt=0x0
12-07 01:51:35.653 29337 29364 I Peripheral_Manager[1.2.94]: findWearable. lock screen
12-07 01:51:36.736  1090  1090 D io_stats: !@   8,0 r 190478 9021937 w 104550 4107608 d 38347 1955196 f 0 14108 iot 209216 0 th 0 0 0 pt 0 inp 0 0 7191.525
12-07 01:51:36.736  1090  1090 D io_stats: !@ Write_top(KB): kworker/u16:1(27201) 168 .gms.persistent(3899) 28 gle.android.gms(5210) 8
12-07 01:51:37.121  2296 11892 D SemWifiUsabilityStatsMonitor: onWifiUsabilityStats - seqNum 420, isSameBssidAndFreq true
12-07 01:51:38.309  1463  1463 I sensors-hal: set_config:61, sample_period_ns is adjusted to 200000000 based on min/max delay_ns
12-07 01:51:38.310  1463  1463 I sensors-hal: batch:512, com.samsung.sensor.light_cct/1511, period=200000000, max_latency=0 request completed
12-07 01:51:38.311  1463  1463 I sensors-hal: activate:428, com.samsung.sensor.light_cct/1511 en=1
12-07 01:51:38.312  1463  1463 I sensors-hal: get_qmi_debug_flag:239, support_qmi_debug : false
12-07 01:51:38.316  1438  1617 E minksocket: MinkIPC_QRTR_Service: client with node 1 port 4603 went down
12-07 01:51:38.318  1438  1617 E minksocket: MinkIPC_QRTR_Service: client with node 1 port 4604 went down
12-07 01:51:38.321  1438  1617 E minksocket: MinkIPC_QRTR_Service: client with node 1 port 4605 went down
12-07 01:51:38.323  1463  1463 I sensors-hal: send_sync_sensor_request:450, send sync request
12-07 01:51:38.325  1463  1463 I sensors-hal: send_sync_sensor_request:476, wait for notification of response
12-07 01:51:38.327  1463 29385 I sensors-hal: ssc_conn_resp_cb:835, resp_value = 0
12-07 01:51:38.328  1463  1463 I sensors-hal: send_sync_sensor_request:482, takes 2 ms to receive the response with 0
12-07 01:51:38.328  1463  1463 I sensors-hal: activate:446, com.samsung.sensor.light_cct/1511 en=1 completed
12-07 01:51:38.329  2296  2837 D SensorManager: registerListener :: 1511, STK33915 Light CCT  Non-wakeup, 200000, 0, com.samsung.android.displaysolution.EyeComfortSolutionService$2@7865ecc
12-07 01:51:38.332  4858  5718 I SDHMS:C : SIOP:: AP:289 BAT:273 USB:275 CHG:286 PA:295 WIFI:292 CF:278 BLK:0 SUBBAT:0 SKIN:277 SKINF:277 SKINB:274 LRP:277 LRP2:277 LRF2:277 LRB2:274 AP2:277 CHG2:274 WIFI2:275 UANT2:274 DANT2:268 RCV2:272 SPK2:275 FCAM:275 UPSPK:278 DNSPK:275 AMB:241 AVGCUR:0
12-07 01:51:38.335  1438  1617 E minksocket: MinkIPC_QRTR_Service: client with node 1 port 4606 went down
12-07 01:51:38.375  1463 27423 I sensors-hal: handle_sns_std_sensor_event:311, [SSC_LIGHT] P: 266(266),m:7,c:0,b:78,c0:12464,l:266,f(r):98,u(bl):100,j:192
12-07 01:51:38.376  1463 29385 I sensors-hal: handle_indication_realtime:467,  SCHED_FIFO(10) for qmi_cbk
12-07 01:51:38.376  1463 29385 I sensors-hal: handle_sns_std_sensor_event:89, light_cct: ts = 7193157102222 ns; value = [266, 266, 4, 3, 192, 78, 2, 2, 779, -1]
12-07 01:51:38.379  1463  1463 I sensors-hal: activate:428, com.samsung.sensor.light_cct/1511 en=0
12-07 01:51:38.381  1463  1463 I sensors-hal: deactivate:382, disconnect qmi to disable sensor
12-07 01:51:38.381  1463  1463 I sensors-hal: activate:446, com.samsung.sensor.light_cct/1511 en=0 completed
12-07 01:51:38.383  2296  2837 D SensorManager: unregisterListener :: com.samsung.android.displaysolution.EyeComfortSolutionService$2@7865ecc
12-07 01:51:38.384  1438  1617 E minksocket: MinkIPC_QRTR_Service: client with node 1 port 4607 went down
12-07 01:51:38.740  1090  1090 D io_stats: !@   8,0 r 190478 9021937 w 104580 4107804 d 38367 1955612 f 0 14112 iot 209232 0 th 0 0 0 pt 0 inp 0 0 7193.529
12-07 01:51:39.426  1929  2292 D SemNativeCarrierFeature_vendor: getInstance
12-07 01:51:39.463  1929  2292 D SemNativeCarrierFeature_vendor: getInstance
12-07 01:51:39.466  2988  3067 I System.out: Broadcasting: Intent { act=com.sec.intent.action.CP_CHAN_INFO flg=0x1000000 (has extras) }
12-07 01:51:39.483  2988  3004 I System.out: Broadcast completed: result=0
12-07 01:51:39.488  3162  3230 I EPDG -- SIM0 IwlanNetworkService: requestNetworkRegistrationInfo for domain 2
12-07 01:51:39.489  3162  3403 I EPDG -- SIM0 IwlanNetworkService: Calling onRequestNetworkRegistrationInfoComplete.resultCode = 0, netState = NetworkRegistrationInfo{ domain=PS transportType=WLAN registrationState=UNKNOWN networkRegistrationState=UNKNOWN roamingType=NOT_ROAMING accessNetworkTechnology=IWLAN rejectCause=0 emergencyEnabled=false availableServices=[] cellIdentity=null voiceSpecificInfo=null dataSpecificInfo=null nrState=**** rRplmn= isUsingCarrierAggregation=false isNonTerrestrialNetwork=TERRESTRIAL}
12-07 01:51:39.490  1929  2317 D SemNativeCarrierFeature_vendor: getInstance
12-07 01:51:39.493  1929  2317 D SemNativeCarrierFeature_vendor: getInstance
12-07 01:51:39.499  3162  3230 I EPDG -- SIM0 IwlanNetworkService: requestNetworkRegistrationInfo for domain 2
12-07 01:51:39.500  3162  3403 I EPDG -- SIM0 IwlanNetworkService: Calling onRequestNetworkRegistrationInfoComplete.resultCode = 0, netState = NetworkRegistrationInfo{ domain=PS transportType=WLAN registrationState=UNKNOWN networkRegistrationState=UNKNOWN roamingType=NOT_ROAMING accessNetworkTechnology=IWLAN rejectCause=0 emergencyEnabled=false availableServices=[] cellIdentity=null voiceSpecificInfo=null dataSpecificInfo=null nrState=**** rRplmn= isUsingCarrierAggregation=false isNonTerrestrialNetwork=TERRESTRIAL}
12-07 01:51:39.504  1929  2317 D SemNativeCarrierFeature_vendor: getInstance
12-07 01:51:39.511  1929  2317 D SemNativeCarrierFeature_vendor: getInstance
12-07 01:51:39.514  1929  2317 D SemNativeCarrierFeature_vendor: getInstance
12-07 01:51:39.520  1929  2317 D SemNativeCarrierFeature_vendor: getInstance
12-07 01:51:39.555  2296  6405 W ContextImpl: Calling a method in the system process without a qualified user: android.app.ContextImpl.sendBroadcastMultiplePermissions:1331 android.content.Context.sendBroadcastMultiplePermissions:2480 com.android.server.TelephonyRegistry.broadcastServiceStateChanged:3706 com.android.server.TelephonyRegistry.notifyServiceStateForPhoneId:1767 com.android.internal.telephony.ITelephonyRegistry$Stub.onTransact:549 
12-07 01:51:39.564  2296  6405 W ContextImpl: Calling a method in the system process without a qualified user: android.app.ContextImpl.sendBroadcastMultiplePermissions:1364 com.android.server.TelephonyRegistry.broadcastServiceStateChanged:3711 com.android.server.TelephonyRegistry.notifyServiceStateForPhoneId:1767 com.android.internal.telephony.ITelephonyRegistry$Stub.onTransact:549 android.os.Binder.execTransactInternal:1380 
12-07 01:51:39.567  2296  2296 D SemWifiService: received: android.intent.action.SERVICE_STATE
12-07 01:51:39.569  2296  6405 W ContextImpl: Calling a method in the system process without a qualified user: android.app.ContextImpl.sendBroadcastMultiplePermissions:1364 com.android.server.TelephonyRegistry.broadcastServiceStateChanged:3720 com.android.server.TelephonyRegistry.notifyServiceStateForPhoneId:1767 com.android.internal.telephony.ITelephonyRegistry$Stub.onTransact:549 android.os.Binder.execTransactInternal:1380 
12-07 01:51:39.569  2296  2894 W SemWifiBackOff.Fcc: service state is SERVICE_STATE_UNKNOWN telephony country iso: kr
12-07 01:51:39.571  2296  2894 V SemWifiBackOff.5G: restore back off mode, current: [NONE]
12-07 01:51:39.573  2296  6405 W ContextImpl: Calling a method in the system process without a qualified user: android.app.ContextImpl.sendBroadcastMultiplePermissions:1364 com.android.server.TelephonyRegistry.broadcastServiceStateChanged:3726 com.android.server.TelephonyRegistry.notifyServiceStateForPhoneId:1767 com.android.internal.telephony.ITelephonyRegistry$Stub.onTransact:549 android.os.Binder.execTransactInternal:1380 
12-07 01:51:39.574  2988  2988 D ServiceStateProvider: subId=-1
12-07 01:51:39.579  3014  3014 D DummyMobileConnectionRepository: Receive service state broadcast slot=0
12-07 01:51:39.581  3014  3014 W KeyguardUpdateMonitorLog: invalid subId in handleServiceStateChange()
12-07 01:51:40.285  2296 11892 D SemWifiUsabilityStatsMonitor: onWifiUsabilityStats - seqNum 421, isSameBssidAndFreq true
12-07 01:51:40.655  2296  2712 D ActivityManager: Received BROADCAST intent 0x5afda68 Key{broadcastIntent pkg=com.google.android.gms/com.google.android.gms.scheduler intent=act=com.google.android.gms.gcm.ACTION_CHECK_QUEUE cmp=com.google.android.gms/.gcm.nts.SchedulerInternalReceiver flags=0x2000000 u=0} requestCode=0 sent=0 from uid 1000
12-07 01:51:40.708  5210  5210 D BoundBrokerSvc: onBind: Intent { act=com.google.android.gms.checkin.internal.scheduler.ScheduledCheckinGmsTaskService.ACTION_TASK_READY dat=chimera-action:/... cmp=com.google.android.gms/.chimera.GmsInternalBoundBrokerService }
12-07 01:51:40.708  5210  5210 D BoundBrokerSvc: Loading bound service for intent: Intent { act=com.google.android.gms.checkin.internal.scheduler.ScheduledCheckinGmsTaskService.ACTION_TASK_READY dat=chimera-action:/... cmp=com.google.android.gms/.chimera.GmsInternalBoundBrokerService }
12-07 01:51:40.715  3899 29145 I NetworkScheduler.Stats: (REDACTED) Task %s/%s started execution. cause:%s exec_start_elapsed_seconds: %s
12-07 01:51:40.715  5210 14815 I Checkin : [ScheduledCheckinGmsTaskService] onRunTask
12-07 01:51:40.719  5210 14815 I WakefulBroadcastRcvr: Processing wakeful broadcast: com.google.android.gms.checkin.CHECKIN_START_ACTION
12-07 01:51:40.722  5210 29285 I Checkin : [CheckinIntentOperation] onHandleIntent, Intent { act=com.google.android.gms.checkin.CHECKIN_START_ACTION cat=[targeted_intent_op_prefix:.checkin.CheckinIntentOperation] cmp=com.google.android.gms/.chimera.GmsIntentOperationService (has extras) }
12-07 01:51:40.725  5210  5210 D BoundBrokerSvc: onUnbind: Intent { act=com.google.android.gms.checkin.internal.scheduler.ScheduledCheckinGmsTaskService.ACTION_TASK_READY dat=chimera-action:/... cmp=com.google.android.gms/.chimera.GmsInternalBoundBrokerService }
12-07 01:51:40.726  3899 27871 I NetworkScheduler.Stats: (REDACTED) Task %s/%s finished executing. cause:%s result: %s elapsed_millis: %s uptime_millis: %s exec_start_elapsed_seconds: %s
12-07 01:51:40.728  5210 29285 I Checkin : [CheckinOperation] Checkin Operation finished with result: RESCHEDULED finish time: 7195518.
12-07 01:51:40.729  5210 29285 I Checkin : [ScheduledCheckinGmsTaskService] scheduleCheckinTask
12-07 01:51:40.732  5210 29285 I Checkin : [ExecutionManager] Checkin scheduled at 7198518 with schedule delay: 3000
12-07 01:51:40.740  1090  1090 D io_stats: !@   8,0 r 190478 9021937 w 104593 4107848 d 38367 1955612 f 0 14114 iot 209244 0 th 0 0 0 pt 0 inp 0 0 7195.530
12-07 01:51:40.740  1090  1090 D io_stats: !@ Write_top(KB): f2fs_ckpt-254:5(1168) 92 .gms.persistent(3899) 28 init(1) 16
12-07 01:51:41.260  1459  1459 I android.hardware.health@2.1-service-samsung: updateLrpSysfs: write: 277
12-07 01:51:41.367  1459  1483 E BatteryDump: !@new_battery_dump : 4323,-12,1500,1500,100,273,275,286,273,0,276,282,0,Not-charging,NO_CHARGING,Normal,Good,USB_CDP,2,Normal,0,0,8700,0x100000,0x1010000,0x0,0,0,0000,0000,00000000,0,0,0,0,2,4324,9985,990,0,
12-07 01:51:41.466  2296 11085 I AfterimageCompensationService: AfcThread mLuminance : 109 , AfpcPeriodCount : 44 , rotation : 0 , AOD : false
12-07 01:51:41.472  1577  1724 D RenderEngine: [SEC_GC_CMN_SF_EFFECTS] drawLayersInternal,1279, Rendering layer  at index 0
12-07 01:51:41.472  1577  1724 D RenderEngine: [SEC_GC_CMN_SF_EFFECTS] drawLayersInternal,1279, Rendering layer StatusBar$_3014#90 at index 1
12-07 01:51:41.473  1577  1724 D RenderEngine: [SEC_GC_CMN_SF_EFFECTS] drawLayersInternal,1279, Rendering layer NotificationShade$_3014#87 at index 2
12-07 01:51:41.473  1577  1724 D RenderEngine: [SEC_GC_CMN_SF_EFFECTS] drawLayersInternal,1279, Rendering layer com.sec.android.app.launcher/com.samsung.app.honeyspace.edge.CocktailBarService$_3549#133 at index 3
12-07 01:51:41.486  2296 11085 D system_server: mAFPC_Read - w = 1080, h = 2316, s = 8, f = 4, s_size = 10079232, luminance = 109, count = 44, captureOrientation = 0
12-07 01:51:41.893  1463 27423 I sensors-hal: handle_sns_std_sensor_event:311, [SSC_LIGHT] P: 265(265),m:7,c:0,b:78,c0:12416,l:265,f(r):98,u(bl):100,j:193
12-07 01:51:42.742  1090  1090 D io_stats: !@   8,0 r 190478 9021937 w 104597 4108520 d 38367 1955612 f 0 14114 iot 209264 0 th 0 0 0 pt 0 inp 0 0 7197.531
12-07 01:51:43.403  2296 11892 D SemWifiUsabilityStatsMonitor: onWifiUsabilityStats - seqNum 422, isSameBssidAndFreq true
12-07 01:51:43.815 10782 10782 I wpa_supplicant: Heartbeat 713
12-07 01:51:44.746  1090  1090 D io_stats: !@ Write_top(KB): kworker/u16:3(27498) 664 android.hardwar(1459) 8
12-07 01:51:44.921  1463 27473 I sensors-hal: handle_sns_client_event:185, auto_rotation_debug_2 mode,255, type,1,0 acc,-0.065,7.535,6.470, ar,0, ver,12, pedo,1,e,0,i,2
12-07 01:51:44.936  1463 27423 I sensors-hal: handle_sns_std_sensor_event:311, [SSC_LIGHT] P: 265(265),m:7,c:0,b:78,c0:12416,l:265,f(r):98,u(bl):100,j:196
12-07 01:51:45.280  2296  2476 D BatteryExternalStatsWorker: update stats : write (127)
12-07 01:51:45.283  2296  2476 D BatteryExternalStatsWorker: Fetch WiFi data
12-07 01:51:45.283  2296  2476 D BatteryExternalStatsWorker: Update Rail Energy data
12-07 01:51:45.284  2296  2476 D BatteryExternalStatsWorker: Fetch Bluetooth data
12-07 01:51:45.286  2296  2476 D BatteryExternalStatsWorker: Fetch modem data
12-07 01:51:45.303  2296  3429 D TelephonyManager: requestModemActivityInfo: Sending result to app: ModemActivityInfo{ mTimestamp=7200091 mSleepTimeMs=6872876 mIdleTimeMs=18828 mActivityStatsTechSpecificInfo=[{mRat=UNKNOWN,mFrequencyRange=UNKNOWN,mTxTimeMs[]=[0, 0, 0, 0, 0],mRxTimeMs=264503}]}
12-07 01:51:45.430  2296  2476 D BatteryExternalStatsWorker: Update CPU state
12-07 01:51:45.430  2296  2476 I KernelWakelockReader: readKernelWakelockStats(true)
12-07 01:51:45.433  1127  1146 W android.system.suspend-service: getWakeLockStats +
12-07 01:51:45.433  1127  1146 I android.system.suspend-service: name: PowerManagerService.Display, isActive: 1, LC: 7200223, AC: 37, AT: 1327605, TT: 1344612
12-07 01:51:45.433  1127  1146 I android.system.suspend-service: name: PowerManager.SuspendLockout, isActive: 1, LC: 7200223, AC: 37, AT: 1327605, TT: 1344665
12-07 01:51:45.435  1127  1146 I android.system.suspend-service: Could not open event_count for wakeup58: Original kwl [Path]=../../devices/platform/i2c@55/i2c-55/55-0028/wakeup/wakeup58
12-07 01:51:45.435  1350  1350 E audit   : type=1400 audit(1733503905.433:6049): avc:  denied  { read } for  pid=1127 comm="binder:1127_2" name="event_count" dev="sysfs" ino=127876 scontext=u:r:system_suspend:s0 tcontext=u:object_r:sysfs:s0 tclass=file permissive=0 SEPF_SM-S908N_12_0001 audit_filtered
12-07 01:51:45.435  1350  1350 E audit   : type=1400 audit(1733503905.433:6050): avc:  denied  { read } for  pid=1127 comm="binder:1127_2" name="max_time_ms" dev="sysfs" ino=127891 scontext=u:r:system_suspend:s0 tcontext=u:object_r:sysfs:s0 tclass=file permissive=0 SEPF_SM-S908N_12_0001 audit_filtered
12-07 01:51:45.436  1350  1350 E audit   : type=1400 audit(1733503905.433:6051): avc:  denied  { read } for  pid=1127 comm="binder:1127_2" name="wakeup_count" dev="sysfs" ino=127880 scontext=u:r:system_suspend:s0 tcontext=u:object_r:sysfs:s0 tclass=file permissive=0 SEPF_SM-S908N_12_0001 audit_filtered
12-07 01:51:45.436  1350  1350 E audit   : type=1400 audit(1733503905.433:6052): avc:  denied  { read } for  pid=1127 comm="binder:1127_2" name="total_time_ms" dev="sysfs" ino=127889 scontext=u:r:system_suspend:s0 tcontext=u:object_r:sysfs:s0 tclass=file permissive=0 SEPF_SM-S908N_12_0001 audit_filtered
12-07 01:51:45.436  1350  1350 E audit   : type=1400 audit(1733503905.433:6053): avc:  denied  { read } for  pid=1127 comm="binder:1127_2" name="expire_count" dev="sysfs" ino=127884 scontext=u:r:system_suspend:s0 tcontext=u:object_r:sysfs:s0 tclass=file permissive=0 SEPF_SM-S908N_12_0001 audit_filtered
12-07 01:51:45.436  1350  1350 E audit   : type=1400 audit(1733503905.433:6054): avc:  denied  { read } for  pid=1127 comm="binder:1127_2" name="active_count" dev="sysfs" ino=127872 scontext=u:r:system_suspend:s0 tcontext=u:object_r:sysfs:s0 tclass=file permissive=0 SEPF_SM-S908N_12_0001 audit_filtered
12-07 01:51:45.436  1350  1350 E audit   : type=1400 audit(1733503905.433:6055): avc:  denied  { read } for  pid=1127 comm="binder:1127_2" name="last_change_ms" dev="sysfs" ino=127892 scontext=u:r:system_suspend:s0 tcontext=u:object_r:sysfs:s0 tclass=file permissive=0 SEPF_SM-S908N_12_0001 audit_filtered
12-07 01:51:45.436  1350  1350 E audit   : type=1400 audit(1733503905.433:6056): avc:  denied  { read } for  pid=1127 comm="binder:1127_2" name="prevent_suspend_time_ms" dev="sysfs" ino=127893 scontext=u:r:system_suspend:s0 tcontext=u:object_r:sysfs:s0 tclass=file permissive=0 SEPF_SM-S908N_12_0001 audit_filtered
12-07 01:51:45.436  1350  1350 E audit   : type=1400 audit(1733503905.433:6057): avc:  denied  { read } for  pid=1127 comm="binder:1127_2" name="name" dev="sysfs" ino=127868 scontext=u:r:system_suspend:s0 tcontext=u:object_r:sysfs:s0 tclass=file permissive=0 SEPF_SM-S908N_12_0001 audit_filtered
12-07 01:51:45.436  1350  1350 E audit   : type=1400 audit(1733503905.433:6058): avc:  denied  { read } for  pid=1127 comm="binder:1127_2" name="active_time_ms" dev="sysfs" ino=127886 scontext=u:r:system_suspend:s0 tcontext=u:object_r:sysfs:s0 tclass=file permissive=0 SEPF_SM-S908N_12_0001 audit_filtered
12-07 01:51:45.437  1127  1146 I android.system.suspend-service: Could not open event_count for wakeup86: Original kwl [Path]=../../devices/platform/soc/994000.i2c/i2c-60/60-0066/max77705-charger/wakeup/wakeup86
12-07 01:51:45.437  1350  1350 E audit   : type=1400 audit(1733503905.433:6059): avc:  denied  { read } for  pid=1127 comm="binder:1127_2" name="event_count" dev="sysfs" ino=136516 scontext=u:r:system_suspend:s0 tcontext=u:object_r:sysfs:s0 tclass=file permissive=0 SEPF_SM-S908N_12_0001 audit_filtered
12-07 01:51:45.437  1350  1350 E audit   : type=1400 audit(1733503905.433:6060): avc:  denied  { read } for  pid=1127 comm="binder:1127_2" name="max_time_ms" dev="sysfs" ino=136521 scontext=u:r:system_suspend:s0 tcontext=u:object_r:sysfs:s0 tclass=file permissive=0 SEPF_SM-S908N_12_0001 audit_filtered
12-07 01:51:45.437  1350  1350 E audit   : type=1400 audit(1733503905.433:6061): avc:  denied  { read } for  pid=1127 comm="binder:1127_2" name="wakeup_count" dev="sysfs" ino=136517 scontext=u:r:system_suspend:s0 tcontext=u:object_r:sysfs:s0 tclass=file permissive=0 SEPF_SM-S908N_12_0001 audit_filtered
12-07 01:51:45.437  1350  1350 E audit   : type=1400 audit(1733503905.433:6062): avc:  denied  { read } for  pid=1127 comm="binder:1127_2" name="total_time_ms" dev="sysfs" ino=136520 scontext=u:r:system_suspend:s0 tcontext=u:object_r:sysfs:s0 tclass=file permissive=0 SEPF_SM-S908N_12_0001 audit_filtered
12-07 01:51:45.437  1350  1350 E audit   : type=1400 audit(1733503905.433:6063): avc:  denied  { read } for  pid=1127 comm="binder:1127_2" name="expire_count" dev="sysfs" ino=136518 scontext=u:r:system_suspend:s0 tcontext=u:object_r:sysfs:s0 tclass=file permissive=0 SEPF_SM-S908N_12_0001 audit_filtered
12-07 01:51:45.437  1350  1350 E audit   : type=1400 audit(1733503905.433:6064): avc:  denied  { read } for  pid=1127 comm="binder:1127_2" name="active_count" dev="sysfs" ino=136515 scontext=u:r:system_suspend:s0 tcontext=u:object_r:sysfs:s0 tclass=file permissive=0 SEPF_SM-S908N_12_0001 audit_filtered
12-07 01:51:45.437  1350  1350 E audit   : type=1400 audit(1733503905.433:6065): avc:  denied  { read } for  pid=1127 comm="binder:1127_2" name="last_change_ms" dev="sysfs" ino=136522 scontext=u:r:system_suspend:s0 tcontext=u:object_r:sysfs:s0 tclass=file permissive=0 SEPF_SM-S908N_12_0001 audit_filtered
12-07 01:51:45.437  1350  1350 E audit   : type=1400 audit(1733503905.433:6066): avc:  denied  { read } for  pid=1127 comm="binder:1127_2" name="prevent_suspend_time_ms" dev="sysfs" ino=136523 scontext=u:r:system_suspend:s0 tcontext=u:object_r:sysfs:s0 tclass=file permissive=0 SEPF_SM-S908N_12_0001 audit_filtered
12-07 01:51:45.437  1350  1350 E audit   : type=1400 audit(1733503905.433:6067): avc:  denied  { read } for  pid=1127 comm="binder:1127_2" name="name" dev="sysfs" ino=136514 scontext=u:r:system_suspend:s0 tcontext=u:object_r:sysfs:s0 tclass=file permissive=0 SEPF_SM-S908N_12_0001 audit_filtered
12-07 01:51:45.438  1350  1350 E audit   : type=1400 audit(1733503905.433:6068): avc:  denied  { read } for  pid=1127 comm="binder:1127_2" name="active_time_ms" dev="sysfs" ino=136519 scontext=u:r:system_suspend:s0 tcontext=u:object_r:sysfs:s0 tclass=file permissive=0 SEPF_SM-S908N_12_0001 audit_filtered
12-07 01:51:45.441  1127  1146 I android.system.suspend-service: Could not open event_count for wakeup4: Original kwl [Path]=../../devices/platform/i2c@51/i2c-51/51-0059/wakeup/wakeup4
12-07 01:51:45.441  1350  1350 E audit   : type=1400 audit(1733503905.437:6069): avc:  denied  { read } for  pid=1127 comm="binder:1127_2" name="event_count" dev="sysfs" ino=86349 scontext=u:r:system_suspend:s0 tcontext=u:object_r:sysfs:s0 tclass=file permissive=0 SEPF_SM-S908N_12_0001 audit_filtered
12-07 01:51:45.441  1350  1350 E audit   : type=1400 audit(1733503905.437:6070): avc:  denied  { read } for  pid=1127 comm="binder:1127_2" name="max_time_ms" dev="sysfs" ino=86354 scontext=u:r:system_suspend:s0 tcontext=u:object_r:sysfs:s0 tclass=file permissive=0 SEPF_SM-S908N_12_0001 audit_filtered
12-07 01:51:45.441  1350  1350 E audit   : type=1400 audit(1733503905.437:6071): avc:  denied  { read } for  pid=1127 comm="binder:1127_2" name="wakeup_count" dev="sysfs" ino=86350 scontext=u:r:system_suspend:s0 tcontext=u:object_r:sysfs:s0 tclass=file permissive=0 SEPF_SM-S908N_12_0001 audit_filtered
12-07 01:51:45.442  1350  1350 E audit   : type=1400 audit(1733503905.437:6072): avc:  denied  { read } for  pid=1127 comm="binder:1127_2" name="total_time_ms" dev="sysfs" ino=86353 scontext=u:r:system_suspend:s0 tcontext=u:object_r:sysfs:s0 tclass=file permissive=0 SEPF_SM-S908N_12_0001 audit_filtered
12-07 01:51:45.442  1350  1350 E audit   : type=1400 audit(1733503905.437:6073): avc:  denied  { read } for  pid=1127 comm="binder:1127_2" name="expire_count" dev="sysfs" ino=86351 scontext=u:r:system_suspend:s0 tcontext=u:object_r:sysfs:s0 tclass=file permissive=0 SEPF_SM-S908N_12_0001 audit_filtered
12-07 01:51:45.442  1350  1350 E audit   : type=1400 audit(1733503905.437:6074): avc:  denied  { read } for  pid=1127 comm="binder:1127_2" name="active_count" dev="sysfs" ino=86348 scontext=u:r:system_suspend:s0 tcontext=u:object_r:sysfs:s0 tclass=file permissive=0 SEPF_SM-S908N_12_0001 audit_filtered
12-07 01:51:45.442  1350  1350 E audit   : type=1400 audit(1733503905.441:6075): avc:  denied  { read } for  pid=1127 comm="binder:1127_2" name="last_change_ms" dev="sysfs" ino=86355 scontext=u:r:system_suspend:s0 tcontext=u:object_r:sysfs:s0 tclass=file permissive=0 SEPF_SM-S908N_12_0001 audit_filtered
12-07 01:51:45.442  1350  1350 E audit   : type=1400 audit(1733503905.441:6076): avc:  denied  { read } for  pid=1127 comm="binder:1127_2" name="prevent_suspend_time_ms" dev="sysfs" ino=86356 scontext=u:r:system_suspend:s0 tcontext=u:object_r:sysfs:s0 tclass=file permissive=0 SEPF_SM-S908N_12_0001 audit_filtered
