12-09 14:19:07.342  1240  1274 I ActivityManager: Start proc 4558:com.android.settings:remote/1000 for broadcast {com.android.settings/com.samsung.android.settings.applications.cachedb.AppListCacheReceiver}
12-09 14:19:07.342  1240  1274 W ActivityManager: Slow operation: 86ms so far, now at startProcess: starting to update pids map
12-09 14:19:07.343  1240  1274 W ActivityManager: Slow operation: 86ms so far, now at startProcess: done updating pids map
12-09 14:19:07.343  4513  4513 D ProcessState: Binder ioctl to enable oneway spam detection failed: Invalid argument
12-09 14:19:07.347  4513  4513 D ActivityThread: setConscryptValidator
12-09 14:19:07.347  4513  4513 D ActivityThread: setConscryptValidator - put
12-09 14:19:07.347  4527  4527 E USNET   : USNET: appName: com.google.android.packageinstaller
12-09 14:19:07.348  1240  2521 D PackageManager: setEnabledSetting : userId = 0 packageName = com.google.android.permissioncontroller cmp = com.android.permissioncontroller.role.ui.SpecialAppAccessListActivity newState = 2 callingPackage = 10245/com.google.android.permissioncontroller
12-09 14:19:07.349  4527  4527 D ProcessState: Binder ioctl to enable oneway spam detection failed: Invalid argument
12-09 14:19:07.351  4527  4527 D ActivityThread: setConscryptValidator
12-09 14:19:07.351  4527  4527 D ActivityThread: setConscryptValidator - put
12-09 14:19:07.352  1240  3994 D CompatibilityChangeReporter: Compat change id reported: 168419799; UID 10057; state: DISABLED
12-09 14:19:07.352  1240  3994 I ActivityManager: DSS OFF for com.samsung.android.app.galaxyfinder
12-09 14:19:07.354  1240  3994 D ActivityManager: attachApplicationLocked() app=ProcessRecord{c808c35 4513:com.samsung.android.app.galaxyfinder:appservice/u0a57} app.isolatedEntryPoint=null instr2=null
12-09 14:19:07.357  1240  1263 D NetworkPolicy: onUidStateChanged() uid: 10057, isForeground(false, 10)
12-09 14:19:07.358  1240  2521 D CompatibilityChangeReporter: Compat change id reported: 168419799; UID 10060; state: DISABLED
12-09 14:19:07.359  1240  2521 I ActivityManager: DSS OFF for com.google.android.packageinstaller
12-09 14:19:07.360  2141  2141 D HidDeviceService: handleMessage(): msg.what=8
12-09 14:19:07.365  1240  2091 D NetdEventListenerService: DNS Requested by : 102, 1000, 0
12-09 14:19:07.368 26056  4539 W GCM     : Unexpected forwarded intent: Intent { act=android.intent.action.PACKAGE_ADDED dat=package:com.myterm flg=0x4000010 pkg=com.google.android.gms cmp=com.google.android.gms/.chimera.PersistentIntentOperationService (has extras) }
12-09 14:19:07.370  4513  4513 D ActivityThread: handleBindApplication()++ app=com.samsung.android.app.galaxyfinder:appservice
12-09 14:19:07.371  4513  4513 D CompatibilityChangeReporter: Compat change id reported: 171979766; UID 10057; state: DISABLED
12-09 14:19:07.372  1240  2521 D ActivityManager: attachApplicationLocked() app=ProcessRecord{37208ca 4527:com.google.android.packageinstaller/u0a60} app.isolatedEntryPoint=null instr2=null
12-09 14:19:07.375  4558  4558 E settings:remot: Not starting debugger since process cannot load the jdwp agent.
12-09 14:19:07.380  1240  1263 D NetworkPolicy: onUidStateChanged() uid: 10060, isForeground(false, 11)
12-09 14:19:07.380  2141  2141 D HidDeviceService: handleMessage(): msg.what=8
12-09 14:19:07.384  4505  4505 I ResourceOverlayService_0: onCreate() called. UserId: 0
12-09 14:19:07.384  4527  4527 D ActivityThread: handleBindApplication()++ app=com.google.android.packageinstaller
12-09 14:19:07.385  4527  4527 D CompatibilityChangeReporter: Compat change id reported: 171979766; UID 10060; state: ENABLED
12-09 14:19:07.385  4558  4558 E USNET   : USNET: appName: com.android.settings:remote
12-09 14:19:07.387 25601  4526 I Auth    : [SupervisedAccountIntentOperation] onHandleIntent(): android.intent.action.PACKAGE_ADDED
12-09 14:19:07.387  4505  4505 I SEP_UNION_SemUnionManager: initializeManagerMapData(1000) context = android.app.ContextImpl@3557a95 
12-09 14:19:07.387  4505  4505 I SEP_UNION_SemUnionManager: getUnionService(semeventdelegator) 
12-09 14:19:07.391  4505  4505 I SEP_UNION_SemUnionManager: getSemSystemService : semeventdelegator 
12-09 14:19:07.393 25601 25601 D BoundBrokerSvc: onBind: Intent { act=com.google.android.gms.common.BIND_SHARED_PREFS pkg=com.google.android.gms }
12-09 14:19:07.393 25601 25601 D BoundBrokerSvc: Loading bound service for intent: Intent { act=com.google.android.gms.common.BIND_SHARED_PREFS pkg=com.google.android.gms }
12-09 14:19:07.394  4479  4569 D SemCarrierFeature: [get] phoneId should be 0 or 1
12-09 14:19:07.394  1240  3994 D SEP_UNION_SemUnionMainServiceImpl: getSemSystemService - semeventdelegator 
12-09 14:19:07.396  4505  4505 I ResourceOverlayService_0: initManager thread creation
12-09 14:19:07.397  1240  3994 D SEP_UNION_SemDeviceInfoManagerService: registerPendingIntentForUriAsUser() uri = content://settings/global/device_provisioned, callingPackage = com.samsung.android.localeoverlaymanager, tag = , userId = 0 
12-09 14:19:07.398  1240  3994 D SEP_UNION_SemDeviceInfoManagerService: PendingIntentWithConditions added f=0 
12-09 14:19:07.398  4558  4558 D ProcessState: Binder ioctl to enable oneway spam detection failed: Invalid argument
12-09 14:19:07.399  4505  4505 I ResourceOverlayService_0: requestPendingActions() called - No pending actions!
12-09 14:19:07.399  4505  4505 I ResourceOverlayService_0: setProcessForeground: true
12-09 14:19:07.399  2587  2643 I Finsky  : [58] qus.accept(51): SCH: Scheduling phonesky job Id: 12-1, CT: 1733721547137, Constraints: [{ L: 15000, D: 86400000, C: 1, I: 1, N: 1 }]
12-09 14:19:07.400  4505  4505 E ResourceOverlayService_0: onStartCommand com.samsung.android.localeoverlaymanager.action.PACKAGE_ADDED manager -Thread[ResourceOverlayService,5,main]
12-09 14:19:07.400  4505  4505 I PreferenceUtils: getPreferences() called with: userId = [0], context: com.samsung.android.localeoverlaymanager.ResourceOverlayService@9f2ff9b
12-09 14:19:07.402  4505  4589 I LocaleOverlayManager_0: Handler ready Handler (com.samsung.android.localeoverlaymanager.LocaleOverlayManager$OverlayHandler) {33a3f38}
12-09 14:19:07.403  4479  4569 W Role    : Cannot get ApplicationInfo for default holder: com.android.contacts
12-09 14:19:07.404  4505  4505 I ResourceOverlayService_0: handlePendingTask- packageName: None
12-09 14:19:07.404  4505  4505 I ResourceOverlayService_0: onStartCommand: Package changed intent. Data = package:com.myterm
12-09 14:19:07.404  4505  4505 E ResourceOverlayService_0: requestPendingAction sending bundle Bundle[{changed_package=com.myterm, pending_action=com.samsung.android.localeoverlaymanager.action.PACKAGE_ADDED}]
12-09 14:19:07.405  4505  4589 I LocaleOverlayManager_0: handleMessage false msg { when=-1ms what=1 obj=Bundle[{changed_package=com.myterm, pending_action=com.samsung.android.localeoverlaymanager.action.PACKAGE_ADDED}] target=com.samsung.android.localeoverlaymanager.LocaleOverlayManager$OverlayHandler }
12-09 14:19:07.406  4505  4589 I LocaleOverlayManager_0: MESSAGE_PENDING_ACTION --com.samsung.android.localeoverlaymanager.action.PACKAGE_ADDED
12-09 14:19:07.406  4505  4589 I LocaleOverlayManager_0: handleMessage false msg { when=0 what=3 obj=Bundle[{changed_package=com.myterm, is_package_added=true, pending_action=com.samsung.android.localeoverlaymanager.action.PACKAGE_ADDED}] target=com.samsung.android.localeoverlaymanager.LocaleOverlayManager$OverlayHandler }
12-09 14:19:07.406  4558  4558 D ActivityThread: setConscryptValidator
12-09 14:19:07.406  4558  4558 D ActivityThread: setConscryptValidator - put
12-09 14:19:07.407  4505  4589 I LocaleOverlayManager_0: handleMessage: MESSAGE_PARSE_SINGLE_PACKAGE. PackageName = [com.myterm], Added = [true]
12-09 14:19:07.407  4505  4589 I PreferenceUtils: getPreferences() called with: userId = [0], context: android.app.Application@237b476
12-09 14:19:07.411  4505  4589 I LocaleOverlayManager_0: hasZippedOverlaysPackage: com.myterm -- false
12-09 14:19:07.411  4505  4589 I LocaleOverlayManager_0: Package is not supported for Locale Overlays: com.myterm
12-09 14:19:07.411  4505  4589 I LocaleOverlayManager_0: cleanLocaleOverlayForDisable: com.samsung.android.localeoverlaymanager.OverlayManager@df016e4, packageName : com.myterm
12-09 14:19:07.413  4505  4589 I OverlayManager: getLocaleOverlayInfosForTarget []
12-09 14:19:07.413  4505  4589 I LocaleOverlayManager_0: cleanLocaleOverlayForDisable() overlayPackages:[]
12-09 14:19:07.413  4505  4589 I LocaleOverlayManager_0: handleTaskComplete -- callers: com.samsung.android.localeoverlaymanager.LocaleOverlayManager.cleanLocaleOverlayForDisable:515 com.samsung.android.localeoverlaymanager.LocaleOverlayManager.access$700:36 
12-09 14:19:07.414  4505  4589 I PreferenceUtils: getPreferences() called with: userId = [0], context: android.app.Application@237b476
12-09 14:19:07.418  1240  3994 D CompatibilityChangeReporter: Compat change id reported: 168419799; UID 1000; state: DISABLED
12-09 14:19:07.418 25601 25601 D BoundBrokerSvc: onUnbind: Intent { act=com.google.android.gms.common.BIND_SHARED_PREFS pkg=com.google.android.gms }
12-09 14:19:07.418  1240  3994 I ActivityManager: DSS OFF for com.android.settings
12-09 14:19:07.420  1240  3994 D ActivityManager: attachApplicationLocked() app=ProcessRecord{c777a3b 4558:com.android.settings:remote/1000} app.isolatedEntryPoint=null instr2=null
12-09 14:19:07.421  4505  4589 I LocaleOverlayManager_0: callbackObserver. mCurrentObserver: null
12-09 14:19:07.430 25601  4595 I BlockstoreStorage: (REDACTED) Clearing Blockstore Data for package %s
12-09 14:19:07.435  2587  2643 I Finsky  : [58] qug.apply(9): SCH: Scheduling 1 system job(s)
12-09 14:19:07.437  2587  2643 I Finsky  : [58] qug.apply(15): SCH: Scheduling system job Id: 9419, L: 14702, D: 14325799, C: false, I: false, N: 1
12-09 14:19:07.444 25601  4595 I BlockstoreStorage: No metadata found. Skipping deletion. [CONTEXT service_id=258 ]
12-09 14:19:07.445  4558  4558 D ActivityThread: handleBindApplication()++ app=com.android.settings:remote
12-09 14:19:07.445  4558  4558 D CompatibilityChangeReporter: Compat change id reported: 171979766; UID 1000; state: ENABLED
12-09 14:19:07.449  1240  3994 I GenerationRegistry: mBackingStore.isClosed() : false
12-09 14:19:07.449  1240  1256 V SamsungAlarmManager: setLocked to kernel - W:34040615 / NW:34004214, now=33969913
12-09 14:19:07.449  1240  1256 D SamsungAlarmManager: setInexact (T:3/F:0/AC:false) 20241209T141922 now=33969913 - CU:1000/CP:1240/L:6c6221:*job.delay*
12-09 14:19:07.449  1240  1256 V SamsungAlarmManager: setLocked to kernel - W:34040615 / NW:33995627, now=33969913
12-09 14:19:07.450  4505  4589 I ResourceOverlayService_0: waitAndQuit called
12-09 14:19:07.452  1240  2073 D SemNscXgbMsL1: Probability - Cloud gaming: [0.036648948]
12-09 14:19:07.452  1240  2073 D SemNscXgbMsL1: Probability - Real time: [0.1347565]
12-09 14:19:07.453  1240  2073 D SemNscXgbMsL1: Probability - Non real time: [0.84985393]
12-09 14:19:07.453  1240  2073 D SemNscXgbMsL1: 1 sample inference time: 0.708698 msecs
12-09 14:19:07.454  1240  2073 D SemNscXgbL2Rt: L2 RT 1 sample inference time: 1.199948 msecs
12-09 14:19:07.455  1240  2073 D SemNscXgbL2Nrt: L2 NRT 1 sample inference time: 0.862552 msecs
12-09 14:19:07.456  4505  4505 I ResourceOverlayService_0: onDestroy 
12-09 14:19:07.456  4505  4505 I ResourceOverlayService_0: setProcessForeground: false
12-09 14:19:07.457  4505  4589 I ResourceOverlayService_0: Stopself..
12-09 14:19:07.462  4505  4505 I LocaleOverlayManager_0: quit() called
12-09 14:19:07.462  1240  2745 D SEP_UNION_SemDeviceInfoManagerService: unregisterPendingIntentForUriAsUser() uri = content://settings/global/device_provisioned, userId = 0 
12-09 14:19:07.462  4505  4505 I LocaleOverlayManager_0: quit() called no pending messages to remove 
12-09 14:19:07.472  1240  1252 I system_server: Background young concurrent copying GC freed 188908(18MB) AllocSpace objects, 14(2264KB) LOS objects, 18% free, 61MB/75MB, paused 615us,390us total 204.777ms
12-09 14:19:07.583 25601  4506 I Dck     : (REDACTED) doesDeviceHaveSupportedWirelessCapabilities: wccSysProp:%d, wccMendel:%d, deviceWccOverride:%s
12-09 14:19:07.584  2587  2644 I Finsky  : [59] vp.invoke(35): [ContentSync] finished, scheduled=true
12-09 14:19:07.585  4527  4527 V GraphicsEnvironment: ANGLE Developer option for 'com.google.android.packageinstaller' set to: 'default'
12-09 14:19:07.588  4527  4527 D LoadedApk: LoadedApk::makeApplication() appContext.mOpPackageName=com.google.android.packageinstaller appContext.mBasePackageName=com.google.android.packageinstaller
12-09 14:19:07.588  4527  4527 D NetworkSecurityConfig: No Network Security Config specified, using platform default
12-09 14:19:07.589 25601  4506 I Dck     : (REDACTED) Package is not installed on device: %s
12-09 14:19:07.589 25601  4506 I Dck     : android.content.pm.PackageManager$NameNotFoundException: com.samsung.android.dkey
12-09 14:19:07.589 25601  4506 I Dck     : 	at android.app.ApplicationPackageManager.getPackageInfoAsUser(ApplicationPackageManager.java:293)
12-09 14:19:07.589 25601  4506 I Dck     : 	at android.app.ApplicationPackageManager.getPackageInfo(ApplicationPackageManager.java:265)
12-09 14:19:07.589 25601  4506 I Dck     : 	at xps.a(:com.google.android.gms@220618044@22.06.18 (190400-433619428):12)
12-09 14:19:07.589 25601  4506 I Dck     : 	at xqy.a(:com.google.android.gms@220618044@22.06.18 (190400-433619428):1)
12-09 14:19:07.589 25601  4506 I Dck     : 	at com.google.android.gms.dck.init.PackageUpdateIntentOperation.a(:com.google.android.gms@220618044@22.06.18 (190400-433619428):0)
12-09 14:19:07.589 25601  4506 I Dck     : 	at tjh.onHandleIntent(:com.google.android.gms@220618044@22.06.18 (190400-433619428):8)
12-09 14:19:07.589 25601  4506 I Dck     : 	at com.google.android.chimera.IntentOperation.onHandleIntent(:com.google.android.gms@220618044@22.06.18 (190400-433619428):2)
12-09 14:19:07.589 25601  4506 I Dck     : 	at tix.onHandleIntent(:com.google.android.gms@220618044@22.06.18 (190400-433619428):4)
12-09 14:19:07.589 25601  4506 I Dck     : 	at emy.run(:com.google.android.gms@220618044@22.06.18 (190400-433619428):4)
12-09 14:19:07.589 25601  4506 I Dck     : 	at emx.run(:com.google.android.gms@220618044@22.06.18 (190400-433619428):11)
12-09 14:19:07.589 25601  4506 I Dck     : 	at carj.run(:com.google.android.gms@220618044@22.06.18 (190400-433619428):2)
12-09 14:19:07.589 25601  4506 I Dck     : 	at java.util.concurrent.ThreadPoolExecutor.runWorker(ThreadPoolExecutor.java:1137)
12-09 14:19:07.589 25601  4506 I Dck     : 	at java.util.concurrent.ThreadPoolExecutor$Worker.run(ThreadPoolExecutor.java:637)
12-09 14:19:07.589 25601  4506 I Dck     : 	at java.lang.Thread.run(Thread.java:1012)
12-09 14:19:07.589 25601  4506 W Dck     : Dck module not eligible for asynchronous downloading [CONTEXT service_id=289 ]
12-09 14:19:07.593  1240  2125 I ChimeraAggressivePolicyHandler: executePolicy() - triggerSource: TRIGGER_SOURCE_LMKD
12-09 14:19:07.593  4558  4558 V GraphicsEnvironment: ANGLE Developer option for 'com.android.settings' set to: 'default'
12-09 14:19:07.594  1240  2125 I ChimeraAggressivePolicyHandler: available memory: 1565932, free memory target: 686080, quit chimera
12-09 14:19:07.595  4558  4558 D LoadedApk: LoadedApk::makeApplication() appContext.mOpPackageName=com.android.settings appContext.mBasePackageName=com.android.settings
12-09 14:19:07.595  4558  4558 D NetworkSecurityConfig: No Network Security Config specified, using platform default
12-09 14:19:07.599  4527  4527 D NetworkSecurityConfig: No Network Security Config specified, using platform default
12-09 14:19:07.603  4558  4558 D NetworkSecurityConfig: No Network Security Config specified, using platform default
12-09 14:19:07.604  4558  4558 D ActivityThread: handleBindApplication() --
12-09 14:19:07.607  4558  4558 I AppListCacheReceiver: onReceive START action : com.samsung.android.settings.intent.action.PACKAGE_ADDED
12-09 14:19:07.608  4558  4558 I AppListCacheReceiver: onReceive END
12-09 14:19:07.610  4527  4527 D ActivityThread: handleBindApplication() --
12-09 14:19:07.623  1240  9188 I GenerationRegistry: mBackingStore.isClosed() : false
12-09 14:19:07.629  1240  2745 D CompatibilityChangeReporter: Compat change id reported: 168419799; UID 5012; state: DISABLED
12-09 14:19:07.634  1240  1256 D CompatibilityChangeReporter: Compat change id reported: 135634846; UID 1000; state: DISABLED
12-09 14:19:07.634  1240  1256 D CompatibilityChangeReporter: Compat change id reported: 177438394; UID 1000; state: DISABLED
12-09 14:19:07.634  1240  1256 D CompatibilityChangeReporter: Compat change id reported: 135772972; UID 1000; state: DISABLED
12-09 14:19:07.634  1240  1256 D CompatibilityChangeReporter: Compat change id reported: 135754954; UID 1000; state: ENABLED
12-09 14:19:07.650   842   842 D Zygote  : Forked child process 4622
12-09 14:19:07.655 26056 26131 I BluetoothAdapter: STATE_ON
12-09 14:19:07.661  2689 12375 I ExternalMethodFactory: get_home_mode
12-09 14:19:07.664  4479  4503 I PermissionControllerServiceImpl: Updating user sensitive for uid 10274
12-09 14:19:07.665  1240  9188 I ActivityManager: Killing 1868:com.samsung.android.fast/u0a189 (adj 995): empty #21
12-09 14:19:07.669  1240  9188 D CompatibilityChangeReporter: Compat change id reported: 168419799; UID 1000; state: DISABLED
12-09 14:19:07.670  1240  1274 I ActivityManager: Start proc 4622:com.android.settings/1000 for content provider {com.android.settings/com.samsung.android.settings.applications.cachedb.AppListCacheProvider}
12-09 14:19:07.672  1240  1279 I libprocessgroup: Successfully killed process cgroup uid 10189 pid 1868 in 6ms
12-09 14:19:07.673 26056 26131 W ChimeraUtils: Module com.google.android.gms.nearby_en has empty metadata display_name_string_id
12-09 14:19:07.676 26056 26131 W ChimeraUtils: Module com.google.android.gms.nearby_en has empty metadata display_name_string_id
12-09 14:19:07.684  1240  2521 D CompatibilityChangeReporter: Compat change id reported: 135754954; UID 1000; state: DISABLED
12-09 14:19:07.686  4622  4622 E ndroid.setting: Not starting debugger since process cannot load the jdwp agent.
12-09 14:19:07.688  4622  4622 E USNET   : USNET: appName: com.android.settings
12-09 14:19:07.689  4622  4622 D ProcessState: Binder ioctl to enable oneway spam detection failed: Invalid argument
12-09 14:19:07.691  4622  4622 D ActivityThread: setConscryptValidator
12-09 14:19:07.692  4622  4622 D ActivityThread: setConscryptValidator - put
12-09 14:19:07.696  1240  1356 E VerityUtils: Failed to measure fs-verity, errno 1: /data/app/~~QbrZpb1we99dgJzgRMP7HA==/com.myterm-HCBZNzRtbtcTqUD8yPuJcw==/base.apk
12-09 14:19:07.702  1240  8885 I ActivityManager: DSS OFF for com.android.settings
12-09 14:19:07.705   842   842 D Zygote  : Forked child process 4643
12-09 14:19:07.706  1240  2308 I GenerationRegistry: mBackingStore.isClosed() : false
12-09 14:19:07.707  1240  8885 D ActivityManager: attachApplicationLocked() app=ProcessRecord{48f1b8c 4622:com.android.settings/1000} app.isolatedEntryPoint=null instr2=null
12-09 14:19:07.715  1240  2521 I ActivityManager: Killing 2124:com.samsung.android.kgclient/u0a69 (adj 915): empty #21
12-09 14:19:07.717  1240  1274 I ActivityManager: Start proc 4643:com.samsung.android.provider.filterprovider/1000 for broadcast {com.samsung.android.provider.filterprovider/com.samsung.android.provider.filterprovider.PackageIntentReceiver}
12-09 14:19:07.718  4622  4622 D ActivityThread: handleBindApplication()++ app=com.android.settings
12-09 14:19:07.719  4622  4622 D CompatibilityChangeReporter: Compat change id reported: 171979766; UID 1000; state: ENABLED
12-09 14:19:07.722  4643  4643 I libc    : SetHeapTaggingLevel: tag level set to 0
12-09 14:19:07.735  1240  2119 W Looper  : Drained
12-09 14:19:07.754  4643  4643 E .filterprovide: Not starting debugger since process cannot load the jdwp agent.
12-09 14:19:07.757   842   842 I Zygote  : Process 1868 exited due to signal 9 (Killed)
12-09 14:19:07.759   842   842 I Zygote  : Process 2124 exited due to signal 9 (Killed)
12-09 14:19:07.761  1240  1279 I libprocessgroup: Successfully killed process cgroup uid 10069 pid 2124 in 0ms
12-09 14:19:07.764 25601 25601 D BoundBrokerSvc: onUnbind: Intent { act=com.google.android.gms.measurement.START pkg=com.google.android.gms }
12-09 14:19:07.767  4643  4643 E USNET   : USNET: appName: com.samsung.android.provider.filterprovider
12-09 14:19:07.767  4643  4643 D ProcessState: Binder ioctl to enable oneway spam detection failed: Invalid argument
12-09 14:19:07.768  2141  2141 D HidDeviceService: handleMessage(): msg.what=8
12-09 14:19:07.769  4643  4643 D ActivityThread: setConscryptValidator
12-09 14:19:07.769  4643  4643 D ActivityThread: setConscryptValidator - put
12-09 14:19:07.770  4622  4622 V GraphicsEnvironment: ANGLE Developer option for 'com.android.settings' set to: 'default'
12-09 14:19:07.772  2141  2141 D HidDeviceService: handleMessage(): msg.what=8
12-09 14:19:07.773  4622  4622 D LoadedApk: LoadedApk::makeApplication() appContext.mOpPackageName=com.android.settings appContext.mBasePackageName=com.android.settings
12-09 14:19:07.774  4622  4622 D NetworkSecurityConfig: No Network Security Config specified, using platform default
12-09 14:19:07.774  1240  2696 D CompatibilityChangeReporter: Compat change id reported: 168419799; UID 1000; state: DISABLED
12-09 14:19:07.775  1240  2696 I ActivityManager: DSS OFF for com.samsung.android.provider.filterprovider
12-09 14:19:07.779  1240  2696 D ActivityManager: attachApplicationLocked() app=ProcessRecord{8e7d9de 4643:com.samsung.android.provider.filterprovider/1000} app.isolatedEntryPoint=null instr2=null
12-09 14:19:07.782  4622  4622 D NetworkSecurityConfig: No Network Security Config specified, using platform default
12-09 14:19:07.785  4643  4643 D ActivityThread: handleBindApplication()++ app=com.samsung.android.provider.filterprovider
12-09 14:19:07.786  4643  4643 D CompatibilityChangeReporter: Compat change id reported: 171979766; UID 1000; state: DISABLED
12-09 14:19:07.830  1240  2696 I GenerationRegistry: mBackingStore.isClosed() : false
12-09 14:19:07.832 25601 25707 I Icing   : IndexChimeraService.getServiceInterface callingPackage=com.google.android.gms componentName=AppsCorpus serviceId=36
12-09 14:19:07.853  4513  4611 I SQLiteConnection: /data/user/0/com.samsung.android.app.galaxyfinder/databases/suggestion_apps.db-wal 1058872 bytes: Bigger than 1048576; truncating
12-09 14:19:07.853 25601 25601 D BoundBrokerSvc: onBind: Intent { act=com.google.android.gms.feedback.internal.IFeedbackService dat=chimera-action:com.google.android.gms.feedback.internal.IFeedbackService cmp=com.google.android.gms/.chimera.GmsBoundBrokerService }
12-09 14:19:07.853 25601 25601 D BoundBrokerSvc: Loading bound service for intent: Intent { act=com.google.android.gms.feedback.internal.IFeedbackService dat=chimera-action:com.google.android.gms.feedback.internal.IFeedbackService cmp=com.google.android.gms/.chimera.GmsBoundBrokerService }
12-09 14:19:07.872  4643  4643 I FILP/FilterProvider: db version : 56
12-09 14:19:07.878  4643  4643 I FILP/FilterProvider: versionName : 5.2.21, DB version : 56
12-09 14:19:07.880  4643  4643 I FILP/i  : CscFeature : 
12-09 14:19:07.880  2689 12375 I ExternalMethodFactory: get_home_mode
12-09 14:19:07.882 25601 25715 I Icing   : IndexChimeraService.getServiceInterface callingPackage=com.google.android.gms componentName=null serviceId=30
12-09 14:19:07.884  4643  4643 I FILP/i  : existTBFilters : false
12-09 14:19:07.884  4643  4643 I FILP/i  : Preload Filter Version : 5
12-09 14:19:07.884  4643  4643 I FILP/i  : One UI version : 40100
12-09 14:19:07.884  4643  4643 I FILP/h  : storeThirdPartyExternalFilters
12-09 14:19:07.888  1240  3994 I GenerationRegistry: mBackingStore.isClosed() : false
12-09 14:19:07.898  1240  1271 I AccessibilityServiceInfo: took more than 100ms mComponentName : ComponentInfo{com.samsung.android.accessibility.talkback/com.samsung.android.marvin.talkback.TalkBackService}, elapsedTime : 236
12-09 14:19:07.910  4643  4643 I FILP/h  : installFilters
12-09 14:19:07.915  4643  4643 I FILP/h  : loadExternalFilter count : 12
12-09 14:19:07.916 25601 27901 I Icing   : Usage reports ok 0, Failed Usage reports 0, indexed 0, rejected 0
12-09 14:19:07.924 25601 27901 I Icing   : Usage reports ok 0, Failed Usage reports 0, indexed 0, rejected 0
12-09 14:19:07.937  1240  1563 D PackageSettings: ++ writeStateForUserSyncLPr(0)
12-09 14:19:07.938  4643  4643 I FILP/PackageIntentReceiver: action : com.samsung.android.provider.filterprovider.INTENT_PACKAGE_ADDED
12-09 14:19:07.938  4643  4643 I FILP/PackageIntentReceiver: pkgName : com.myterm
12-09 14:19:07.939  4643  4643 E FILP/PackageIntentReceiver: This package is not a effect filter
12-09 14:19:07.945  4622  4622 V Vibrator: semGetSupportedVibrationType: ret=1
12-09 14:19:07.945  1240  3994 I ActivityManager: Killing 2293:com.sec.android.daemonapp/u0a183 (adj 995): empty #21
12-09 14:19:07.946  4622  4622 V Vibrator: semGetSupportedVibrationType: ret=1
12-09 14:19:07.956  1240  2073 D SemNscXgbMsL1: Probability - Cloud gaming: [0.029247405]
12-09 14:19:07.956  1240  2073 D SemNscXgbMsL1: Probability - Real time: [0.21928377]
12-09 14:19:07.956  1240  2073 D SemNscXgbMsL1: Probability - Non real time: [0.89919007]
12-09 14:19:07.956  1240  2073 D SemNscXgbMsL1: 1 sample inference time: 0.65099 msecs
12-09 14:19:07.957  1240  1279 I libprocessgroup: Successfully killed process cgroup uid 10183 pid 2293 in 11ms
12-09 14:19:07.957  1240  2073 D SemNscXgbL2Rt: L2 RT 1 sample inference time: 1.041667 msecs
12-09 14:19:07.959  1240  2073 D SemNscXgbL2Nrt: L2 NRT 1 sample inference time: 1.392813 msecs
12-09 14:19:07.971  1240  1271 D AccessibilityManagerService: currentTargets : [] targetsFromSetting : []
12-09 14:19:07.971  1240  1271 D AccessibilityManagerService: componentId : null userState.getTargetAssignedToAccessibilityButton() : null
12-09 14:19:07.971  1240  1271 D AccessibilityManagerService: readAccessibilityDirectAccessSettingLocked currentTargets : [] targetsFromSetting : []
12-09 14:19:07.973  1240  1271 D SettingsProvider: isChangeAllowed() : name = accessibility_enabled
12-09 14:19:07.973  1240  1271 I SGM:GameManager: PkgUpdateReceiver, onReceive action =android.intent.action.PACKAGE_ADDED changingUserId =0
12-09 14:19:07.973  1240  1271 I SGM:GameManager: PkgUpdateReceiver, onPackageAdded : com.myterm userHandle : UserHandle{0} userId : 0
12-09 14:19:07.973  1240  1271 I SGM:GameManager: PkgUpdateReceiver, com.samsung.android.game.gos is enabled : true
12-09 14:19:07.974  1240  1988 D SGM:GosNotifyThread: notifyPackageChangedToGos(), before send intent to GOS. type:15, changeType: 0, pkgName:com.myterm, userHandleId:0
12-09 14:19:07.986  1240  1563 W PackageSettings: -- writeStateForUserSyncLPr(0)
12-09 14:19:07.989  1240  3994 I GenerationRegistry: mBackingStore.isClosed() : false
12-09 14:19:07.997  1240  1988 D SGM:GosNotifyThread: notifyPackageChangedToGos(), after send intent to GOS. ComponentInfo{com.samsung.android.game.gos/com.samsung.android.game.gos.service.GameIntentService}
12-09 14:19:07.998  4513  4513 I Process : Sending signal. PID: 4513 SIG: 9
12-09 14:19:08.002  1230  4678 I GOS:GameIntentService: onHandleIntent. GameIntentService. type: 15, pkgName: com.myterm
12-09 14:19:08.005  1240  1271 D LauncherAppsService: Callback onPackageAdded: com.myterm, userId: 0, listener: android
12-09 14:19:08.005  1240  1271 D LauncherAppsService: Callback onPackageAdded: com.myterm, userId: 0, listener: com.sec.android.app.launcher
12-09 14:19:08.005  1240  1271 D LauncherAppsService: Callback onPackageAdded: com.myterm, userId: 0, listener: com.google.android.as
12-09 14:19:08.005  1240  1271 D LauncherAppsService: Callback onPackageAdded: com.myterm, userId: 0, listener: com.android.systemui
12-09 14:19:08.006  1240  1271 W PackageManager: Failed registering loading progress callback. Package is fully loaded.
12-09 14:19:08.008   842   842 I Zygote  : Process 2293 exited due to signal 9 (Killed)
12-09 14:19:08.008  2141  2141 D HidDeviceService: handleMessage(): msg.what=8
12-09 14:19:08.008  2689  2864 I PackageUpdatedTask: mAllAppsList.addPackage com.myterm
12-09 14:19:08.012  1230  4678 W GOS:RequestHeader: tryToAddMcc(), can't find mcc
12-09 14:19:08.012  1230  4678 W GOS:RequestHeader: tryToAddMnc(), can't find mnc
12-09 14:19:08.013  3534  3534 D KnoxHelper: getActivityList callingUserId: 0, target user: 0
12-09 14:19:08.023  3534  3806 D KnoxHelper: getActivityList callingUserId: 0, target user: 0
12-09 14:19:08.025  3534  3806 D KnoxHelper: getActivityList callingUserId: 0, target user: 0
12-09 14:19:08.030  3534  3806 D KnoxHelper: getActivityList callingUserId: 0, target user: 0
12-09 14:19:08.032  1230  4678 I GOS:GameIntentService: onPackageChanged(). extras: Bundle[{changeType=0, userId=0, pkgName=com.myterm, type=15, packageName=com.myterm}]
12-09 14:19:08.032  1230  4678 I GOS:GameIntentService: onPackageChanged(). changeType(INSTALLED), pkgName(com.myterm), UserHandle(0), userId(0), Installed(true)
12-09 14:19:08.034  3534  3806 D KnoxHelper: getActivityList callingUserId: 0, target user: 0
12-09 14:19:08.037  3534  3806 D KnoxHelper: getActivityList callingUserId: 0, target user: 0
12-09 14:19:08.040  2689  2864 I Launcher.BaseIconFactory: mIconBitmapSize = 123, fillResIconDpi: 480
12-09 14:19:08.040  3534  3806 D KnoxHelper: getActivityList callingUserId: 0, target user: 0
12-09 14:19:08.040  1230  4678 I GOS:SystemEventReactor: checkReservedCategory() - reservedList is null or empty!
12-09 14:19:08.044  3534  3806 D KnoxHelper: getActivityList callingUserId: 0, target user: 0
12-09 14:19:08.045  2689  2864 I AppIconSolution: getThemeIconWithBG called with public API, pkg = com.myterm
12-09 14:19:08.045  2689  2864 I AppIconSolution: return adaptive icon for com.myterm, isNight = false
12-09 14:19:08.046  2689  2864 I LauncherActivityInfo: packageName: com.myterm, useThemeIcon: false, height: 135, width: 135, density: 480
12-09 14:19:08.049  3534  3806 D KnoxHelper: getActivityList callingUserId: 0, target user: 0
12-09 14:19:08.052  3534  3806 D KnoxHelper: getActivityList callingUserId: 0, target user: 0
12-09 14:19:08.055  3534  3806 D KnoxHelper: getActivityList callingUserId: 0, target user: 0
12-09 14:19:08.057  4622  4622 D SCloudProvider: onCreate
12-09 14:19:08.060  3534  3806 D KnoxHelper: getActivityList callingUserId: 0, target user: 0
12-09 14:19:08.062 25601 27901 I Icing   : Indexing com.google.android.gms-apps from com.google.android.gms
12-09 14:19:08.063  3534  3806 D KnoxHelper: getActivityList callingUserId: 0, target user: 0
12-09 14:19:08.067  3534  3806 D KnoxHelper: getActivityList callingUserId: 0, target user: 0
12-09 14:19:08.068  3534  3806 D KnoxHelper: getActivityList callingUserId: 0, target user: 0
12-09 14:19:08.069  2689  2864 I LauncherProvider: [CALL] : generate_new_apps_item_id
12-09 14:19:08.071  2689  2864 I SubUserItemPositionerImpl: check blockCreateShortcutKey : block_create_shortcut_0, blockCreate : false
12-09 14:19:08.072  2689  2864 I SubUserItemPositionerImpl: isAvailableCreateSubUserItemPositioner() is false, !myUserHandle().equals(user) : false, !(DualAppUtils.supportDualApp(context) && DualAppUtils.isDualAppId(user)true
12-09 14:19:08.072  2689  2864 I PackageUpdatedTask: added, appInfo : AppInfo(id=75 type=APP hidden=0 container=all_apps screen=-1 rank=0 rankOfList=-1 user=UserHandle{0} title=Termux componentName=ComponentInfo{com.myterm/com.myterm.app.TermuxActivity} screenType=0)
12-09 14:19:08.072  3534  3806 D KnoxHelper: getActivityList callingUserId: 0, target user: 0
12-09 14:19:08.076  3534  3806 D KnoxHelper: getActivityList callingUserId: 0, target user: 0
12-09 14:19:08.075  2689  2864 I AppsModelWriter: addItems(start) > needToBind = true
12-09 14:19:08.077  2689  2864 I AppsModelWriter: addItems(start)> 0, 75, 0, -102, -1, 0, UserHandle{0}, 0, Termux, -1, -1
12-09 14:19:08.079  2689  2864 I AppsModelWriter: normalizeVisibleItems : [matched = true] col = 4, raw : 5
12-09 14:19:08.079  3534  3806 D KnoxHelper: getActivityList callingUserId: 0, target user: 0
12-09 14:19:08.080  2689  2864 I AppsModelWriter: normalizeVisibleItems(visibleItems)> 0, 30, 2, -102, 0, 0, UserHandle{0}, 0, Samsung, -1, -1
12-09 14:19:08.080  2689  2864 I AppsModelWriter: normalizeVisibleItems(visibleItems)> 0, 41, 2, -102, 0, 1, UserHandle{0}, 0, Google, -1, -1
12-09 14:19:08.080  2689  2864 I AppsModelWriter: normalizeVisibleItems(visibleItems)> 0, 53, 0, -102, 0, 2, UserHandle{0}, 0, OneDrive, -1, -1
12-09 14:19:08.080  2689  2864 I AppsModelWriter: normalizeVisibleItems(visibleItems)> 0, 55, 0, -102, 0, 3, UserHandle{0}, 0, Play , -1, -1
12-09 14:19:08.080  2689  2864 I AppsModelWriter: normalizeVisibleItems(visibleItems)> 0, 57, 0, -102, 0, 4, UserHandle{0}, 0, Galaxy Store, -1, -1
12-09 14:19:08.080  2689  2864 I AppsModelWriter: normalizeVisibleItems(visibleItems)> 0, 58, 0, -102, 0, 5, UserHandle{0}, 0, Facebook, -1, -1
12-09 14:19:08.080  2689  2864 I AppsModelWriter: normalizeVisibleItems(visibleItems)> 0, 59, 0, -102, 0, 6, UserHandle{0}, 0, , -1, -1
12-09 14:19:08.080  2689  2864 I AppsModelWriter: normalizeVisibleItems(visibleItems)> 0, 60, 0, -102, 0, 7, UserHandle{0}, 0, , -1, -1
12-09 14:19:08.080  2689  2864 I AppsModelWriter: normalizeVisibleItems(visibleItems)> 0, 61, 0, -102, 0, 8, UserHandle{0}, 0, , -1, -1
12-09 14:19:08.080  2689  2864 I AppsModelWriter: normalizeVisibleItems(visibleItems)> 0, 62, 0, -102, 0, 9, UserHandle{0}, 0, , -1, -1
12-09 14:19:08.080  2689  2864 I AppsModelWriter: normalizeVisibleItems(visibleItems)> 0, 63, 0, -102, 0, 10, UserHandle{0}, 0, , -1, -1
12-09 14:19:08.080  2689  2864 I AppsModelWriter: normalizeVisibleItems(visibleItems)> 0, 64, 0, -102, 0, 11, UserHandle{0}, 0, , -1, -1
12-09 14:19:08.080  2689  2864 I AppsModelWriter: normalizeVisibleItems(visibleItems)> 0, 65, 0, -102, 0, 12, UserHandle{0}, 0, , -1, -1
12-09 14:19:08.080  2689  2864 I AppsModelWriter: normalizeVisibleItems(visibleItems)> 0, 66, 0, -102, 0, 13, UserHandle{0}, 0, , -1, -1
12-09 14:19:08.080  2689  2864 I AppsModelWriter: normalizeVisibleItems(visibleItems)> 0, 69, 0, -102, 0, 14, UserHandle{0}, 0, , -1, -1
12-09 14:19:08.080  2689  2864 I AppsModelWriter: normalizeVisibleItems(visibleItems)> 0, 74, 0, -102, 0, 15, UserHandle{0}, 0, RTLAssistant, -1, -1
12-09 14:19:08.080  2689  2864 I AppsModelWriter: normalizeVisibleItems(visibleItems)> 0, 75, 0, -102, 0, 16, UserHandle{0}, 0, Termux, -1, -1
12-09 14:19:08.083  2689  2864 I AppsModelWriter: updateItemsInDataBase : Invalid updateItems
12-09 14:19:08.083  2689  2864 I AppsModelWriter: addItems(end) : addItem> 0, 75, 0, -102, 0, 16, UserHandle{0}, 0, Termux, -1, -1
12-09 14:19:08.083  2689  2864 I PostPositionOperator: addAllItems() - Invalid state!
12-09 14:19:08.084  2689  2689 I AppsModelWriter: bindAppsItems() - visibleAddItems : 1, visibleUpdateItems : 0, removeItems : 0
12-09 14:19:08.086  2689  2689 I Launcher.AppsContainerView: bindAppsUpdates() => add: 1, update: 0, remove: 0
12-09 14:19:08.086  2689  2689 I Launcher.AppsPagedView: addItems => id: 75, rank: 16, screenId: 0, cellX: 0, cellY: 4, container: -102, dirty: false, title: Termux, isFolder: false, user: UserHandle{0}, disabled: false, screenType: 0
12-09 14:19:08.087  3534  3806 D KnoxHelper: getActivityList callingUserId: 0, target user: 0
12-09 14:19:08.088  2689  2864 I WidgetsModel: EasyModeWidget will be excluded on WidgetList.
12-09 14:19:08.090  3534  3806 D KnoxHelper: getActivityList callingUserId: 0, target user: 0
12-09 14:19:08.090 25601 27901 I Icing   : Indexing done com.google.android.gms-apps
12-09 14:19:08.094  3534  3806 D KnoxHelper: getActivityList callingUserId: 0, target user: 0
12-09 14:19:08.101  3534  3806 D KnoxHelper: getActivityList callingUserId: 0, target user: 0
12-09 14:19:08.106  3534  3806 D KnoxHelper: getActivityList callingUserId: 0, target user: 0
12-09 14:19:08.109  3534  3806 D KnoxHelper: getActivityList callingUserId: 0, target user: 0
12-09 14:19:08.110  1240  3994 I ActivityManager: Process com.samsung.android.app.galaxyfinder:appservice (pid 4513) has died: fg  SVC (106,1441)
12-09 14:19:08.110  1240  1279 I libprocessgroup: Successfully killed process cgroup uid 10057 pid 4513 in 0ms
12-09 14:19:08.111  3534  3806 D KnoxHelper: getActivityList callingUserId: 0, target user: 0
12-09 14:19:08.113  3534  3806 D KnoxHelper: getActivityList callingUserId: 0, target user: 0
12-09 14:19:08.113  2141  2141 D HidDeviceService: handleMessage(): msg.what=8
12-09 14:19:08.120  3534  3806 D KnoxHelper: getActivityList callingUserId: 0, target user: 0
12-09 14:19:08.121  3534  3806 D KnoxHelper: getActivityList callingUserId: 0, target user: 0
12-09 14:19:08.122  4588  4588 D AndroidRuntime: >>>>>> START com.android.internal.os.RuntimeInit uid 2000 <<<<<<
12-09 14:19:08.123  3534  3806 D KnoxHelper: getActivityList callingUserId: 0, target user: 0
12-09 14:19:08.126   842   842 I Zygote  : Process 4513 exited due to signal 9 (Killed)
12-09 14:19:08.126  2689  2864 I GameLauncherManagerImp: bindAppsVisibilityQuery start
12-09 14:19:08.128  3534  3806 D KnoxHelper: getActivityList callingUserId: 0, target user: 0
12-09 14:19:08.128  1240  3149 D OpenGLRenderer: trimMemory(TRIM_MEMORY_COMPLETE)::destroyRenderingContext
12-09 14:19:08.128  1240  3149 D OpenGLRenderer: RenderThread::destroyRenderingContext()
12-09 14:19:08.128  1240  3149 D OpenGLRenderer: RenderThread::setGrContext()
12-09 14:19:08.129  3623  3623 W DMASA[U]: [AppLogData]onTrimMemory(15):1733721548128
12-09 14:19:08.129  3230  3230 W DeviceManager_FLP: onTrimMemory : 15
12-09 14:19:08.131  4588  4588 I AndroidRuntime: Using default boot image
12-09 14:19:08.131  4588  4588 I AndroidRuntime: Leaving lock profiling enabled
12-09 14:19:08.132  3230  3269 I GpsSessionManager_FLP: arrangeInvalidSessions
12-09 14:19:08.132  3534  3806 D KnoxHelper: getActivityList callingUserId: 0, target user: 0
12-09 14:19:08.134  4588  4588 D SecNativeFeatureCppIf: encoded
12-09 14:19:08.134  4588  4588 D SecNativeFeatureCppIf: decoding and unzip finish
12-09 14:19:08.134  4588  4588 D SecNativeFeatureCppIf: use unCompDataBuff. encoded
12-09 14:19:08.135  3534  3806 D KnoxHelper: getActivityList callingUserId: 0, target user: 0
12-09 14:19:08.136  4588  4588 D SecNativeFeatureCppIf: Free unCompDataBuff
12-09 14:19:08.136  4588  4588 D AndroidRuntime: addProductProperty: pBrand1 is not null
12-09 14:19:08.136  4588  4588 D AndroidRuntime: addProductProperty: not brand or 7
12-09 14:19:08.138  2175  2175 D SystemUIService: SYSUI_RAM_OPTIMIZATION onTrimMemory=15
12-09 14:19:08.138  2175  2175 D StatusBar: SYSUI_RAM_OPTIMIZATION onTrimMemory=15
12-09 14:19:08.138  2175  2175 D SystemUIService: onTrimMemory : 15
12-09 14:19:08.138  2175  2175 D SystemUIService: Starting getMemoryInfo in MemoryInfoReporter thread.
12-09 14:19:08.145  1230  1230 I GOS:App : onTrimMemory 40
12-09 14:19:08.150  3534  3534 I AiAi    : onTrimMemory() with level 15
12-09 14:19:08.152  2587  2587 I Finsky  : [2] myz.onTrimMemory(1): Memory trim requested to level 60
12-09 14:19:08.153  4622  4622 D ActivityThread: handleBindApplication() --
12-09 14:19:08.155  2587  2587 I Finsky  : [2] kuk.accept(9): Flushing in-memory image cache
12-09 14:19:08.156  3205  3205 I HBD     : e viewLayoutSizeUpdateManager trimMemory 
12-09 14:19:08.156  1240  1256 D CompatibilityChangeReporter: Compat change id reported: 135634846; UID 10062; state: DISABLED
12-09 14:19:08.156  1240  1256 D CompatibilityChangeReporter: Compat change id reported: 177438394; UID 10062; state: DISABLED
12-09 14:19:08.156  1240  1256 D CompatibilityChangeReporter: Compat change id reported: 135772972; UID 10062; state: DISABLED
12-09 14:19:08.157  1240  1256 D CompatibilityChangeReporter: Compat change id reported: 135754954; UID 10062; state: ENABLED
12-09 14:19:08.157  2845  2845 I Finsky:background: [2] myz.onTrimMemory(1): Memory trim requested to level 80
12-09 14:19:08.158  1240  1274 D CompatibilityChangeReporter: Compat change id reported: 143937733; UID 10062; state: ENABLED
12-09 14:19:08.158  3534  3806 D KnoxHelper: getActivityList callingUserId: 0, target user: 0
12-09 14:19:08.158  1240  1252 I system_server: Background concurrent copying GC freed 328824(23MB) AllocSpace objects, 16(916KB) LOS objects, 31% free, 52MB/76MB, paused 153us,102us total 198.838ms
12-09 14:19:08.161  3205  3205 I HBD     : b ignore trim memory, cause by, cached size is 1 (min: 2) 
12-09 14:19:08.163  3534  3806 D KnoxHelper: getActivityList callingUserId: 0, target user: 0
12-09 14:19:08.165  3534  3806 D KnoxHelper: getActivityList callingUserId: 0, target user: 0
12-09 14:19:08.166  3784  3784 I DWBTrimMemDispatcher: onTrimMemory(60)
12-09 14:19:08.167  1240  1254 W System  : A resource failed to call close. 
12-09 14:19:08.167  3534  3806 D KnoxHelper: getActivityList callingUserId: 0, target user: 0
12-09 14:19:08.168  3623  3623 I id.diagmonagen: Explicit concurrent copying GC freed 29150(1515KB) AllocSpace objects, 30(1432KB) LOS objects, 70% free, 2602KB/8746KB, paused 106us,16us total 38.815ms
12-09 14:19:08.168  3623  3623 W id.diagmonagen: Reducing the number of considered missed Gc histogram windows from 589 to 100
12-09 14:19:08.171  3623  3623 W DMASA[C]: [DiagMonAgentApplication]onTrimMemory (15)
12-09 14:19:08.171  4622  4622 D CommandSdk: set the action handler
12-09 14:19:08.174  3534  3806 D KnoxHelper: getActivityList callingUserId: 0, target user: 0
12-09 14:19:08.175   842   842 D Zygote  : Forked child process 4687
12-09 14:19:08.176  3534  3806 D KnoxHelper: getActivityList callingUserId: 0, target user: 0
12-09 14:19:08.177  4622  4685 I Settings_SA: Settings LoggingHelper init
12-09 14:19:08.178  1240  1274 I ActivityManager: Start proc 4687:com.samsung.android.game.gamehome/u0a62 for content provider {com.samsung.android.game.gamehome/com.samsung.android.game.gamehome.provider.GameLauncherProvider}
12-09 14:19:08.179  3534  3806 D KnoxHelper: getActivityList callingUserId: 0, target user: 0
12-09 14:19:08.184  4622  4685 D SamsungAnalytics605015: [Validation] dma pkg:802101000
12-09 14:19:08.184  3534  3806 D KnoxHelper: getActivityList callingUserId: 0, target user: 0
12-09 14:19:08.189  3534  3806 D KnoxHelper: getActivityList callingUserId: 0, target user: 0
12-09 14:19:08.192  3534  3806 D KnoxHelper: getActivityList callingUserId: 0, target user: 0
12-09 14:19:08.192  1240  3994 I GenerationRegistry: mBackingStore.isClosed() : false
12-09 14:19:08.193  4622  4685 D SamsungAnalytics605015: AppVersion = 12, prefAppVerison = 12, beforeSendCommonTime = 1733690167522, success = true
12-09 14:19:08.194  4622  4685 D SamsungAnalytics605015: newThread on Executor
12-09 14:19:08.194  3534  3806 D KnoxHelper: getActivityList callingUserId: 0, target user: 0
12-09 14:19:08.195  4622  4685 D SamsungAnalytics605015: [Tracker] Tracker start:6.05.015 , senderType : 3
12-09 14:19:08.198  3534  3806 D KnoxHelper: getActivityList callingUserId: 0, target user: 0
12-09 14:19:08.201  4558  4606 D AppListCacheIndexingManager: insertPackage() success
12-09 14:19:08.202  4622  4689 D SamsungAnalytics605015: [Setting Sender] No status log
12-09 14:19:08.213  2689  2864 W QuickstepModelDelegate: handleUpdate targets : 8
12-09 14:19:08.215  1240  1256 I GenerationRegistry: mBackingStore.isClosed() : false
12-09 14:19:08.219  4622  4685 I Settings_SA_Utils: checkLoggingInternal current time : 1733721548218 saved time : 1733690167603
12-09 14:19:08.219  4622  4685 I Settings_SA_SALogging: It has not been a week since last logging
12-09 14:19:08.221  4687  4687 E d.game.gamehom: Not starting debugger since process cannot load the jdwp agent.
12-09 14:19:08.223  4622  4685 D LocalBluetoothManager: LocalBluetoothManager :: sInstance == null
12-09 14:19:08.224  4687  4687 E USNET   : USNET: appName: com.samsung.android.game.gamehome
12-09 14:19:08.224  4687  4687 D ProcessState: Binder ioctl to enable oneway spam detection failed: Invalid argument
12-09 14:19:08.226  2689  2689 W SuggestedAppsViewImpl: pending predictedApps : 8, alpha: 0.0, overview: false
12-09 14:19:08.226  1240  3994 D BluetoothManagerService: mCallbacks count 12
12-09 14:19:08.227  4687  4687 D ActivityThread: setConscryptValidator
12-09 14:19:08.227  4687  4687 D ActivityThread: setConscryptValidator - put
12-09 14:19:08.228  1240  1264 D BluetoothManagerService: mStateChangeCallbacks count 40
12-09 14:19:08.229  1240  1264 D BluetoothManagerService: mDisableBleCallbacks count 12
12-09 14:19:08.229  4622  4685 I BluetoothAdapter: BluetoothAdapter() : com.android.settings
12-09 14:19:08.229  4622  4685 D LocalBluetoothManager: LocalBluetoothManager :: constructor
12-09 14:19:08.229  1240  1256 D CompatibilityChangeReporter: Compat change id reported: 168419799; UID 10062; state: DISABLED
12-09 14:19:08.230  4622  4685 D BluetoothEventManager: BluetoothEventManager Constructor :: 
12-09 14:19:08.230  1240  1256 I ActivityManager: DSS OFF for com.samsung.android.game.gamehome
12-09 14:19:08.234  1240  1256 D ActivityManager: attachApplicationLocked() app=ProcessRecord{6cc8bb8 4687:com.samsung.android.game.gamehome/u0a62} app.isolatedEntryPoint=null instr2=null
12-09 14:19:08.238  1240  1256 I ActivityManager: Changes in 10062 20 to 5, 0 to 8
12-09 14:19:08.239  1240  1263 D NetworkPolicy: onUidStateChanged() uid: 10062, isForeground(true, 5)
12-09 14:19:08.240  2141  2141 D HidDeviceService: handleMessage(): msg.what=8
12-09 14:19:08.241  4622  4685 D BluetoothPan: Binding service...
12-09 14:19:08.243  4687  4687 D ActivityThread: handleBindApplication()++ app=com.samsung.android.game.gamehome
12-09 14:19:08.243  4687  4687 D CompatibilityChangeReporter: Compat change id reported: 171979766; UID 10062; state: DISABLED
12-09 14:19:08.244  1240  1264 D BluetoothManagerService: mStateChangeCallbacks count 41
12-09 14:19:08.247  4622  4622 D BluetoothPan: Proxy object connected
12-09 14:19:08.247  4622  4685 D LocalBluetoothProfileManager: updateLocalProfiles :: 
12-09 14:19:08.249  4622  4685 D BluetoothA2dp: Binding service...
12-09 14:19:08.249  1240  1264 D BluetoothManagerService: mStateChangeCallbacks count 42
12-09 14:19:08.257  4622  4622 D BluetoothA2dp: Proxy object connected
12-09 14:19:08.258  1240  1264 D BluetoothManagerService: mStateChangeCallbacks count 43
12-09 14:19:08.258  4622  4685 D BluetoothHeadset: BTStateChangeCB is registed by 4622 @ com.android.settings
12-09 14:19:08.259  4622  4685 D BluetoothMap: Create BluetoothMap proxy object
12-09 14:19:08.260  1240  1264 D BluetoothManagerService: mStateChangeCallbacks count 44
12-09 14:19:08.260  4622  4685 D BluetoothMap: Binding service...
12-09 14:19:08.265  4622  4622 D BluetoothMap: Proxy object connected
12-09 14:19:08.265  4622  4622 D BluetoothMap: getConnectedDevices()
12-09 14:19:08.267  1240  1264 D BluetoothManagerService: mStateChangeCallbacks count 45
12-09 14:19:08.267  4622  4685 D BluetoothHearingAid: Binding service...
12-09 14:19:08.271  4622  4622 D BluetoothHearingAid: Proxy object connected
12-09 14:19:08.273  1240  1264 D BluetoothManagerService: mStateChangeCallbacks count 46
12-09 14:19:08.273  4622  4685 D BluetoothHidHost: Binding service...
12-09 14:19:08.280  4687  4687 I FirebaseApp: Device unlocked: initializing all Firebase APIs for app [DEFAULT]
12-09 14:19:08.281  4622  4622 D BluetoothHidHost: Proxy object connected
12-09 14:19:08.287  1240  1264 D BluetoothManagerService: mStateChangeCallbacks count 47
12-09 14:19:08.294  4687  4718 I DynamiteModule: Considering local module com.google.android.gms.measurement.dynamite:17 and remote module com.google.android.gms.measurement.dynamite:0
12-09 14:19:08.294  4687  4718 I DynamiteModule: Selected local version of com.google.android.gms.measurement.dynamite
12-09 14:19:08.294  4622  4685 D BluetoothSap: Create BluetoothSap proxy object
12-09 14:19:08.295  4588  4588 D app_process: Time zone APEX ICU file found: /apex/com.android.tzdata/etc/icu/icu_tzdata.dat
12-09 14:19:08.295  1240  1264 D BluetoothManagerService: mStateChangeCallbacks count 48
12-09 14:19:08.295  4588  4588 D app_process: I18n APEX ICU file found: /apex/com.android.i18n/etc/icu/icudt68l.dat
12-09 14:19:08.295  4622  4685 D BluetoothSap: Binding service...
12-09 14:19:08.296   999  2362 I sensors-hal: handle_sns_std_sensor_event:218, phy lux: 237, raw lux : 2, brightness: 1273, mode: 0, gain: 152, add1: 38, add2: 20, ts=33970745161944
12-09 14:19:08.303  4687  4687 I FirebaseCrashlytics: Initializing Crashlytics 17.2.1
12-09 14:19:08.307  4622  4622 D BluetoothSap: Proxy object connected
12-09 14:19:08.307  4622  4685 D LocalBluetoothProfileManager: Adding local Spp profile
12-09 14:19:08.307  4622  4622 D BluetoothSap: getConnectedDevices()
12-09 14:19:08.308  2141  3280 V SapService: getConnectedDevices()
12-09 14:19:08.309  4622  4685 W LocalBluetoothProfileManager: Warning: SAP profile was previously added.
12-09 14:19:08.310  4622  4685 D LocalBluetoothProfileManager: updateLocalProfiles :: 
12-09 14:19:08.311  4622  4685 W LocalBluetoothProfileManager: updateLocalProfiles :: Spp profile was created already 
12-09 14:19:08.312  2141  3280 D BluetoothAdapterService: getBondedDevices, remove custom devices: 
12-09 14:19:08.313  4622  4685 D LocalBluetoothCastAdapter: LocalBluetoothCastAdapter
12-09 14:19:08.314  4622  4685 D SemBluetoothCastAdapter: Binding to BluetoothCastAdapterService
12-09 14:19:08.314  4687  4687 I FirebaseInitProvider: FirebaseApp initialization successful
12-09 14:19:08.314  1240  2745 I GenerationRegistry: mBackingStore.isClosed() : false
12-09 14:19:08.315  4622  4685 D SemBluetoothCastAdapter: comp : null false
